Archive member included to satisfy reference by file (symbol)

/Volumes/Resources/tools/arm/gnu-toolchain-12.2.mpacbti-rel1-darwin-x86_64-arm-none-eabi/bin/../lib/gcc/arm-none-eabi/12.2.1/../../../../arm-none-eabi/lib/thumb/v7e-m+fp/softfp/libstdc++_nano.a(atexit_arm.o)
                              build/debug/project/_/_/generator/app.o (__aeabi_atexit)
/Volumes/Resources/tools/arm/gnu-toolchain-12.2.mpacbti-rel1-darwin-x86_64-arm-none-eabi/bin/../lib/gcc/arm-none-eabi/12.2.1/../../../../arm-none-eabi/lib/thumb/v7e-m+fp/softfp/libstdc++_nano.a(del_op.o)
                              build/debug/project/_/_/generator/app.o (operator delete(void*))
/Volumes/Resources/tools/arm/gnu-toolchain-12.2.mpacbti-rel1-darwin-x86_64-arm-none-eabi/bin/../lib/gcc/arm-none-eabi/12.2.1/thumb/v7e-m+fp/softfp/libgcc.a(_aeabi_uldivmod.o)
                              build/debug/sdk/util/third_party/mbedtls/library/bignum.o (__aeabi_uldivmod)
/Volumes/Resources/tools/arm/gnu-toolchain-12.2.mpacbti-rel1-darwin-x86_64-arm-none-eabi/bin/../lib/gcc/arm-none-eabi/12.2.1/thumb/v7e-m+fp/softfp/libgcc.a(_udivmoddi4.o)
                              /Volumes/Resources/tools/arm/gnu-toolchain-12.2.mpacbti-rel1-darwin-x86_64-arm-none-eabi/bin/../lib/gcc/arm-none-eabi/12.2.1/thumb/v7e-m+fp/softfp/libgcc.a(_aeabi_uldivmod.o) (__udivmoddi4)
/Volumes/Resources/tools/arm/gnu-toolchain-12.2.mpacbti-rel1-darwin-x86_64-arm-none-eabi/bin/../lib/gcc/arm-none-eabi/12.2.1/thumb/v7e-m+fp/softfp/libgcc.a(_dvmd_tls.o)
                              /Volumes/Resources/tools/arm/gnu-toolchain-12.2.mpacbti-rel1-darwin-x86_64-arm-none-eabi/bin/../lib/gcc/arm-none-eabi/12.2.1/thumb/v7e-m+fp/softfp/libgcc.a(_aeabi_uldivmod.o) (__aeabi_ldiv0)
/Volumes/Resources/tools/arm/gnu-toolchain-12.2.mpacbti-rel1-darwin-x86_64-arm-none-eabi/bin/../lib/gcc/arm-none-eabi/12.2.1/../../../../arm-none-eabi/lib/thumb/v7e-m+fp/softfp/libc_nano.a(libc_a-calloc.o)
                              build/debug/sdk/util/silicon_labs/silabs_core/memory_manager/sl_malloc.o (calloc)
/Volumes/Resources/tools/arm/gnu-toolchain-12.2.mpacbti-rel1-darwin-x86_64-arm-none-eabi/bin/../lib/gcc/arm-none-eabi/12.2.1/../../../../arm-none-eabi/lib/thumb/v7e-m+fp/softfp/libc_nano.a(libc_a-callocr.o)
                              /Volumes/Resources/tools/arm/gnu-toolchain-12.2.mpacbti-rel1-darwin-x86_64-arm-none-eabi/bin/../lib/gcc/arm-none-eabi/12.2.1/../../../../arm-none-eabi/lib/thumb/v7e-m+fp/softfp/libc_nano.a(libc_a-calloc.o) (_calloc_r)
/Volumes/Resources/tools/arm/gnu-toolchain-12.2.mpacbti-rel1-darwin-x86_64-arm-none-eabi/bin/../lib/gcc/arm-none-eabi/12.2.1/../../../../arm-none-eabi/lib/thumb/v7e-m+fp/softfp/libc_nano.a(libc_a-exit.o)
                              /Volumes/Resources/tools/arm/gnu-toolchain-12.2.mpacbti-rel1-darwin-x86_64-arm-none-eabi/bin/../lib/gcc/arm-none-eabi/12.2.1/../../../../arm-none-eabi/lib/thumb/v7e-m+fp/softfp/crt0.o (exit)
/Volumes/Resources/tools/arm/gnu-toolchain-12.2.mpacbti-rel1-darwin-x86_64-arm-none-eabi/bin/../lib/gcc/arm-none-eabi/12.2.1/../../../../arm-none-eabi/lib/thumb/v7e-m+fp/softfp/libc_nano.a(libc_a-malloc.o)
                              build/debug/sdk/util/silicon_labs/silabs_core/memory_manager/sl_malloc.o (malloc)
/Volumes/Resources/tools/arm/gnu-toolchain-12.2.mpacbti-rel1-darwin-x86_64-arm-none-eabi/bin/../lib/gcc/arm-none-eabi/12.2.1/../../../../arm-none-eabi/lib/thumb/v7e-m+fp/softfp/libc_nano.a(libc_a-mallocr.o)
                              /Volumes/Resources/tools/arm/gnu-toolchain-12.2.mpacbti-rel1-darwin-x86_64-arm-none-eabi/bin/../lib/gcc/arm-none-eabi/12.2.1/../../../../arm-none-eabi/lib/thumb/v7e-m+fp/softfp/libc_nano.a(libc_a-callocr.o) (_malloc_r)
/Volumes/Resources/tools/arm/gnu-toolchain-12.2.mpacbti-rel1-darwin-x86_64-arm-none-eabi/bin/../lib/gcc/arm-none-eabi/12.2.1/../../../../arm-none-eabi/lib/thumb/v7e-m+fp/softfp/libc_nano.a(libc_a-snprintf.o)
                              build/debug/sdk/platform/security/sl_component/sl_mbedtls_support/src/error.o (snprintf)
/Volumes/Resources/tools/arm/gnu-toolchain-12.2.mpacbti-rel1-darwin-x86_64-arm-none-eabi/bin/../lib/gcc/arm-none-eabi/12.2.1/../../../../arm-none-eabi/lib/thumb/v7e-m+fp/softfp/libc_nano.a(libc_a-mlock.o)
                              /Volumes/Resources/tools/arm/gnu-toolchain-12.2.mpacbti-rel1-darwin-x86_64-arm-none-eabi/bin/../lib/gcc/arm-none-eabi/12.2.1/../../../../arm-none-eabi/lib/thumb/v7e-m+fp/softfp/libc_nano.a(libc_a-mallocr.o) (__malloc_lock)
/Volumes/Resources/tools/arm/gnu-toolchain-12.2.mpacbti-rel1-darwin-x86_64-arm-none-eabi/bin/../lib/gcc/arm-none-eabi/12.2.1/../../../../arm-none-eabi/lib/thumb/v7e-m+fp/softfp/libc_nano.a(libc_a-realloc.o)
                              build/debug/sdk/util/silicon_labs/silabs_core/memory_manager/sl_malloc.o (realloc)
[...]
Memory Configuration

Name             Origin             Length             Attributes
FLASH            0x00000000         0x0007f800         xr
RAM              0x20000000         0x00010000         xrw
*default*        0x00000000         0xffffffff

Linker script and memory map

LOAD /Volumes/Resources/tools/arm/gnu-toolchain-12.2.mpacbti-rel1-darwin-x86_64-arm-none-eabi/bin/../lib/gcc/arm-none-eabi/12.2.1/thumb/v7e-m+fp/softfp/crti.o
LOAD /Volumes/Resources/tools/arm/gnu-toolchain-12.2.mpacbti-rel1-darwin-x86_64-arm-none-eabi/bin/../lib/gcc/arm-none-eabi/12.2.1/thumb/v7e-m+fp/softfp/crtbegin.o
LOAD /Volumes/Resources/tools/arm/gnu-toolchain-12.2.mpacbti-rel1-darwin-x86_64-arm-none-eabi/bin/../lib/gcc/arm-none-eabi/12.2.1/../../../../arm-none-eabi/lib/thumb/v7e-m+fp/softfp/crt0.o
LOAD build/debug/sdk/platform/common/src/sl_assert.o
LOAD build/debug/sdk/platform/common/toolchain/src/sl_memory.o
LOAD build/debug/sdk/platform/Device/SiliconLabs/EFR32MG12P/Source/startup_efr32mg12p.o
LOAD build/debug/sdk/platform/Device/SiliconLabs/EFR32MG12P/Source/system_efr32mg12p.o
LOAD build/debug/sdk/platform/emdrv/nvm3/src/nvm3_hal_flash.o
LOAD build/debug/sdk/platform/emdrv/nvm3/src/nvm3_lock.o
LOAD build/debug/sdk/platform/emlib/src/em_cmu.o
LOAD build/debug/sdk/platform/emlib/src/em_core.o
LOAD build/debug/sdk/platform/emlib/src/em_crypto.o
LOAD build/debug/sdk/platform/emlib/src/em_emu.o
LOAD build/debug/sdk/platform/emlib/src/em_gpio.o
LOAD build/debug/sdk/platform/emlib/src/em_msc.o
LOAD build/debug/sdk/platform/emlib/src/em_system.o
LOAD build/debug/sdk/platform/security/sl_component/sl_mbedtls_support/src/crypto_aes.o
LOAD build/debug/sdk/platform/security/sl_component/sl_mbedtls_support/src/crypto_ecp.o
LOAD build/debug/sdk/platform/security/sl_component/sl_mbedtls_support/src/error.o
LOAD build/debug/sdk/platform/security/sl_component/sl_mbedtls_support/src/mbedtls_sha.o
LOAD build/debug/sdk/platform/security/sl_component/sl_mbedtls_support/src/sl_entropy_hardware.o
LOAD build/debug/sdk/platform/security/sl_component/sl_mbedtls_support/src/sl_mbedtls.o
LOAD build/debug/sdk/platform/security/sl_component/sl_mbedtls_support/src/sli_psa_crypto.o
LOAD build/debug/sdk/platform/security/sl_component/sl_psa_driver/src/crypto_management.o
LOAD build/debug/sdk/platform/security/sl_component/sl_psa_driver/src/sl_psa_its_nvm3.o
LOAD build/debug/sdk/platform/security/sl_component/sl_psa_driver/src/sli_crypto_transparent_driver_aead.o
LOAD build/debug/sdk/platform/security/sl_component/sl_psa_driver/src/sli_crypto_transparent_driver_cipher.o
LOAD build/debug/sdk/platform/security/sl_component/sl_psa_driver/src/sli_crypto_transparent_driver_hash.o
LOAD build/debug/sdk/platform/security/sl_component/sl_psa_driver/src/sli_crypto_transparent_driver_mac.o
LOAD build/debug/sdk/platform/security/sl_component/sl_psa_driver/src/sli_crypto_trng_driver.o
LOAD build/debug/sdk/platform/security/sl_component/sl_psa_driver/src/sli_psa_driver_common.o
LOAD build/debug/sdk/platform/security/sl_component/sl_psa_driver/src/sli_psa_driver_init.o
LOAD build/debug/sdk/platform/security/sl_component/sl_psa_driver/src/sli_psa_trng.o
LOAD build/debug/sdk/platform/security/sl_component/sl_psa_driver/src/sli_se_version_dependencies.o
LOAD build/debug/sdk/platform/service/iostream/src/sl_iostream.o
LOAD build/debug/sdk/platform/service/iostream/src/sl_iostream_rtt.o
LOAD build/debug/sdk/platform/service/system/src/sl_system_init.o
LOAD build/debug/sdk/platform/service/system/src/sl_system_process_action.o
LOAD build/debug/sdk/util/silicon_labs/silabs_core/memory_manager/sl_malloc.o
LOAD build/debug/sdk/util/third_party/mbedtls/library/aes.o
LOAD build/debug/sdk/util/third_party/mbedtls/library/asn1parse.o
LOAD build/debug/sdk/util/third_party/mbedtls/library/asn1write.o
LOAD build/debug/sdk/util/third_party/mbedtls/library/base64.o
LOAD build/debug/sdk/util/third_party/mbedtls/library/bignum.o
LOAD build/debug/sdk/util/third_party/mbedtls/library/cipher.o
LOAD build/debug/sdk/util/third_party/mbedtls/library/cipher_wrap.o
LOAD build/debug/sdk/util/third_party/mbedtls/library/constant_time.o
LOAD build/debug/sdk/util/third_party/mbedtls/library/ctr_drbg.o
LOAD build/debug/sdk/util/third_party/mbedtls/library/ecdsa.o
LOAD build/debug/sdk/util/third_party/mbedtls/library/ecp.o
LOAD build/debug/sdk/util/third_party/mbedtls/library/ecp_curves.o
LOAD build/debug/sdk/util/third_party/mbedtls/library/entropy.o
LOAD build/debug/sdk/util/third_party/mbedtls/library/entropy_poll.o
LOAD build/debug/sdk/util/third_party/mbedtls/library/hmac_drbg.o
LOAD build/debug/sdk/util/third_party/mbedtls/library/md.o
LOAD build/debug/sdk/util/third_party/mbedtls/library/oid.o
LOAD build/debug/sdk/util/third_party/mbedtls/library/pem.o
LOAD build/debug/sdk/util/third_party/mbedtls/library/pk.o
LOAD build/debug/sdk/util/third_party/mbedtls/library/pk_wrap.o
LOAD build/debug/sdk/util/third_party/mbedtls/library/pkcs5.o
LOAD build/debug/sdk/util/third_party/mbedtls/library/pkparse.o
LOAD build/debug/sdk/util/third_party/mbedtls/library/pkwrite.o
LOAD build/debug/sdk/util/third_party/mbedtls/library/platform.o
LOAD build/debug/sdk/util/third_party/mbedtls/library/platform_util.o
LOAD build/debug/sdk/util/third_party/mbedtls/library/psa_crypto.o
LOAD build/debug/sdk/util/third_party/mbedtls/library/psa_crypto_aead.o
LOAD build/debug/sdk/util/third_party/mbedtls/library/psa_crypto_cipher.o
LOAD build/debug/sdk/util/third_party/mbedtls/library/psa_crypto_client.o
LOAD build/debug/sdk/util/third_party/mbedtls/library/psa_crypto_driver_wrappers.o
LOAD build/debug/sdk/util/third_party/mbedtls/library/psa_crypto_ecp.o
LOAD build/debug/sdk/util/third_party/mbedtls/library/psa_crypto_hash.o
LOAD build/debug/sdk/util/third_party/mbedtls/library/psa_crypto_mac.o
LOAD build/debug/sdk/util/third_party/mbedtls/library/psa_crypto_rsa.o
LOAD build/debug/sdk/util/third_party/mbedtls/library/psa_crypto_se.o
LOAD build/debug/sdk/util/third_party/mbedtls/library/psa_crypto_slot_management.o
LOAD build/debug/sdk/util/third_party/mbedtls/library/psa_crypto_storage.o
LOAD build/debug/sdk/util/third_party/mbedtls/library/sha256.o
LOAD build/debug/sdk/util/third_party/mbedtls/library/threading.o
LOAD build/debug/sdk/util/third_party/mbedtls/library/x509.o
LOAD build/debug/sdk/util/third_party/mbedtls/library/x509_create.o
LOAD build/debug/sdk/util/third_party/mbedtls/library/x509_crl.o
LOAD build/debug/sdk/util/third_party/mbedtls/library/x509_crt.o
LOAD build/debug/sdk/util/third_party/mbedtls/library/x509_csr.o
LOAD build/debug/sdk/util/third_party/mbedtls/library/x509write_crt.o
LOAD build/debug/sdk/util/third_party/mbedtls/library/x509write_csr.o
LOAD build/debug/sdk/util/third_party/segger/systemview/SEGGER/SEGGER_RTT.o
LOAD build/debug/project/_/_/generator/app.o
LOAD build/debug/project/_/_/generator/commands.o
LOAD build/debug/project/_/_/generator/config.o
LOAD build/debug/project/_/_/generator/credentials_efr32.o
LOAD build/debug/project/_/_/generator/encoding.o
LOAD build/debug/project/_/_/generator/main.o
LOAD build/debug/project/_/_/generator/nvm3.o
LOAD build/debug/project/_/_/generator/platform_efr32.o
LOAD build/debug/project/autogen/sl_event_handler.o
LOAD build/debug/project/autogen/sl_iostream_handles.o
START GROUP
LOAD /Volumes/Resources/tools/arm/gnu-toolchain-12.2.mpacbti-rel1-darwin-x86_64-arm-none-eabi/bin/../lib/gcc/arm-none-eabi/12.2.1/../../../../arm-none-eabi/lib/thumb/v7e-m+fp/softfp/libstdc++_nano.a
LOAD /Volumes/Resources/tools/arm/gnu-toolchain-12.2.mpacbti-rel1-darwin-x86_64-arm-none-eabi/bin/../lib/gcc/arm-none-eabi/12.2.1/thumb/v7e-m+fp/softfp/libgcc.a
LOAD /Volumes/Resources/tools/arm/gnu-toolchain-12.2.mpacbti-rel1-darwin-x86_64-arm-none-eabi/bin/../lib/gcc/arm-none-eabi/12.2.1/../../../../arm-none-eabi/lib/thumb/v7e-m+fp/softfp/libc_nano.a
LOAD /Volumes/Resources/tools/arm/gnu-toolchain-12.2.mpacbti-rel1-darwin-x86_64-arm-none-eabi/bin/../lib/gcc/arm-none-eabi/12.2.1/../../../../arm-none-eabi/lib/thumb/v7e-m+fp/softfp/libm.a
LOAD /Volumes/Resources/tools/arm/gnu-toolchain-12.2.mpacbti-rel1-darwin-x86_64-arm-none-eabi/bin/../lib/gcc/arm-none-eabi/12.2.1/../../../../arm-none-eabi/lib/thumb/v7e-m+fp/softfp/libnosys.a
LOAD /git/gsdk/platform/emdrv/nvm3/lib/libnvm3_CM4_gcc.a
END GROUP
START GROUP
LOAD /Volumes/Resources/tools/arm/gnu-toolchain-12.2.mpacbti-rel1-darwin-x86_64-arm-none-eabi/bin/../lib/gcc/arm-none-eabi/12.2.1/thumb/v7e-m+fp/softfp/libgcc.a
LOAD /Volumes/Resources/tools/arm/gnu-toolchain-12.2.mpacbti-rel1-darwin-x86_64-arm-none-eabi/bin/../lib/gcc/arm-none-eabi/12.2.1/../../../../arm-none-eabi/lib/thumb/v7e-m+fp/softfp/libc_nano.a
END GROUP
START GROUP
LOAD /Volumes/Resources/tools/arm/gnu-toolchain-12.2.mpacbti-rel1-darwin-x86_64-arm-none-eabi/bin/../lib/gcc/arm-none-eabi/12.2.1/thumb/v7e-m+fp/softfp/libgcc.a
LOAD /Volumes/Resources/tools/arm/gnu-toolchain-12.2.mpacbti-rel1-darwin-x86_64-arm-none-eabi/bin/../lib/gcc/arm-none-eabi/12.2.1/../../../../arm-none-eabi/lib/thumb/v7e-m+fp/softfp/libc_nano.a
END GROUP
LOAD /Volumes/Resources/tools/arm/gnu-toolchain-12.2.mpacbti-rel1-darwin-x86_64-arm-none-eabi/bin/../lib/gcc/arm-none-eabi/12.2.1/thumb/v7e-m+fp/softfp/crtend.o
LOAD /Volumes/Resources/tools/arm/gnu-toolchain-12.2.mpacbti-rel1-darwin-x86_64-arm-none-eabi/bin/../lib/gcc/arm-none-eabi/12.2.1/thumb/v7e-m+fp/softfp/crtn.o

.text           0x00000000     0xe2d4
                0x00000000                        linker_vectors_begin = .
 *(.vectors)
 .vectors       0x00000000      0x10c build/debug/sdk/platform/Device/SiliconLabs/EFR32MG12P/Source/startup_efr32mg12p.o
                0x00000000                __Vectors
                0x0000010c                        linker_vectors_end = .
                0x0000010c                        __Vectors_End = .
                0x0000010c                        __Vectors_Size = (__Vectors_End - __Vectors)
                0x0000010c                        linker_code_begin = .
 *(SORT_BY_ALIGNMENT(.text*))
 *fill*         0x0000010c        0x4 
 .text          0x00000110       0xa0 /Volumes/Resources/tools/arm/gnu-toolchain-12.2.mpacbti-rel1-darwin-x86_64-arm-none-eabi/bin/../lib/gcc/arm-none-eabi/12.2.1/../../../../arm-none-eabi/lib/thumb/v7e-m+fp/softfp/libc_nano.a(libc_a-memchr.o)
                0x00000110                memchr
 .text.deregister_tm_clones
                0x000001b0       0x1c /Volumes/Resources/tools/arm/gnu-toolchain-12.2.mpacbti-rel1-darwin-x86_64-arm-none-eabi/bin/../lib/gcc/arm-none-eabi/12.2.1/thumb/v7e-m+fp/softfp/crtbegin.o
 .text.register_tm_clones
                0x000001cc       0x24 /Volumes/Resources/tools/arm/gnu-toolchain-12.2.mpacbti-rel1-darwin-x86_64-arm-none-eabi/bin/../lib/gcc/arm-none-eabi/12.2.1/thumb/v7e-m+fp/softfp/crtbegin.o
 .text.__do_global_dtors_aux
                0x000001f0       0x28 /Volumes/Resources/tools/arm/gnu-toolchain-12.2.mpacbti-rel1-darwin-x86_64-arm-none-eabi/bin/../lib/gcc/arm-none-eabi/12.2.1/thumb/v7e-m+fp/softfp/crtbegin.o
 .text.frame_dummy
                0x00000218       0x24 /Volumes/Resources/tools/arm/gnu-toolchain-12.2.mpacbti-rel1-darwin-x86_64-arm-none-eabi/bin/../lib/gcc/arm-none-eabi/12.2.1/thumb/v7e-m+fp/softfp/crtbegin.o
 .text          0x0000023c       0x7c /Volumes/Resources/tools/arm/gnu-toolchain-12.2.mpacbti-rel1-darwin-x86_64-arm-none-eabi/bin/../lib/gcc/arm-none-eabi/12.2.1/../../../../arm-none-eabi/lib/thumb/v7e-m+fp/softfp/crt0.o
                0x0000023c                _stack_init
                0x00000244                _mainCRTStartup
                0x00000244                _start
 .text._sbrk    0x000002b8       0x20 build/debug/sdk/platform/common/toolchain/src/sl_memory.o
                0x000002b8                _sbrk
 .text.Reset_Handler
                0x000002d8       0x60 build/debug/sdk/platform/Device/SiliconLabs/EFR32MG12P/Source/startup_efr32mg12p.o
                0x000002d8                Reset_Handler
 .text.SystemHFClockGet
                0x00000338       0x54 build/debug/sdk/platform/Device/SiliconLabs/EFR32MG12P/Source/system_efr32mg12p.o
                0x00000338                SystemHFClockGet
 .text.SystemHFXOClockGet
                0x0000038c        0xc build/debug/sdk/platform/Device/SiliconLabs/EFR32MG12P/Source/system_efr32mg12p.o
                0x0000038c                SystemHFXOClockGet
 .text.SystemInit
                0x00000398       0x1c build/debug/sdk/platform/Device/SiliconLabs/EFR32MG12P/Source/system_efr32mg12p.o
                0x00000398                SystemInit
 .text.SystemLFXOClockGet
                0x000003b4        0xc build/debug/sdk/platform/Device/SiliconLabs/EFR32MG12P/Source/system_efr32mg12p.o
                0x000003b4                SystemLFXOClockGet
 .text.nvm3_halFlashWriteWords
                0x000003c0       0x3c build/debug/sdk/platform/emdrv/nvm3/src/nvm3_hal_flash.o
 .text.nvm3_halFlashGetInfo
                0x000003fc       0x38 build/debug/sdk/platform/emdrv/nvm3/src/nvm3_hal_flash.o
 .text.nvm3_halFlashPageErase
                0x00000434       0x54 build/debug/sdk/platform/emdrv/nvm3/src/nvm3_hal_flash.o
 .text.nvm3_lockBegin
                0x00000488       0x10 build/debug/sdk/platform/emdrv/nvm3/src/nvm3_lock.o
                0x00000488                nvm3_lockBegin
 .text.nvm3_lockEnd
                0x00000498        0xc build/debug/sdk/platform/emdrv/nvm3/src/nvm3_lock.o
                0x00000498                nvm3_lockEnd
 .text.CMU_ClockPrescGet
                0x000004a4       0xcc build/debug/sdk/platform/emlib/src/em_cmu.o
                0x000004a4                CMU_ClockPrescGet
 .text.CMU_ClockSelectGet
                0x00000570       0xc8 build/debug/sdk/platform/emlib/src/em_cmu.o
                0x00000570                CMU_ClockSelectGet
 .text.lfClkGet
                0x00000638       0x84 build/debug/sdk/platform/emlib/src/em_cmu.o
 .text.CMU_ClockFreqGet
                0x000006bc      0x194 build/debug/sdk/platform/emlib/src/em_cmu.o
                0x000006bc                CMU_ClockFreqGet
 .text.MSC_Init
                0x00000850       0x20 build/debug/sdk/platform/emlib/src/em_msc.o
                0x00000850                MSC_Init
 .text.MSC_Deinit
                0x00000870       0x14 build/debug/sdk/platform/emlib/src/em_msc.o
                0x00000870                MSC_Deinit
 .text.MSC_LoadVerifyAddress
                0x00000884       0x30 build/debug/sdk/platform/emlib/src/em_msc.o
                0x00000884                MSC_LoadVerifyAddress
 .text.MSC_LoadWriteData
                0x000008b4       0x4c build/debug/sdk/platform/emlib/src/em_msc.o
                0x000008b4                MSC_LoadWriteData
 .text.MSC_WriteWordI
                0x00000900       0x80 build/debug/sdk/platform/emlib/src/em_msc.o
                0x00000900                MSC_WriteWordI
 .text.MSC_ErasePage
                0x00000980       0x9c build/debug/sdk/platform/emlib/src/em_msc.o
                0x00000980                MSC_ErasePage
 .text.SYSTEM_ChipRevisionGet
                0x00000a1c       0x3c build/debug/sdk/platform/emlib/src/em_system.o
                0x00000a1c                SYSTEM_ChipRevisionGet
 .text.ecp_crypto_device_init.isra.0
                0x00000a58       0x38 build/debug/sdk/platform/security/sl_component/sl_mbedtls_support/src/crypto_ecp.o
 .text.crypto_mpi_div_mod
                0x00000a90      0x220 build/debug/sdk/platform/security/sl_component/sl_mbedtls_support/src/crypto_ecp.o
 .text.mbedtls_internal_ecp_randomize_jac
                0x00000cb0      0x164 build/debug/sdk/platform/security/sl_component/sl_mbedtls_support/src/crypto_ecp.o
                0x00000cb0                mbedtls_internal_ecp_randomize_jac
 .text.mbedtls_internal_ecp_add_mixed
                0x00000e14      0x1f0 build/debug/sdk/platform/security/sl_component/sl_mbedtls_support/src/crypto_ecp.o
                0x00000e14                mbedtls_internal_ecp_add_mixed
 .text.mbedtls_internal_ecp_double_jac
                0x00001004      0x16c build/debug/sdk/platform/security/sl_component/sl_mbedtls_support/src/crypto_ecp.o
                0x00001004                mbedtls_internal_ecp_double_jac
 .text.mbedtls_internal_ecp_normalize_jac
                0x00001170       0xe0 build/debug/sdk/platform/security/sl_component/sl_mbedtls_support/src/crypto_ecp.o
                0x00001170                mbedtls_internal_ecp_normalize_jac
 .text.mbedtls_sha256_starts
                0x00001250       0x24 build/debug/sdk/platform/security/sl_component/sl_mbedtls_support/src/mbedtls_sha.o
                0x00001250                mbedtls_sha256_starts
 .text.crypto_management_acquire
                0x00001274       0x14 build/debug/sdk/platform/security/sl_component/sl_psa_driver/src/crypto_management.o
                0x00001274                crypto_management_acquire
 .text.crypto_management_release
                0x00001288       0x34 build/debug/sdk/platform/security/sl_component/sl_psa_driver/src/crypto_management.o
                0x00001288                crypto_management_release
 .text.cache_set
                0x000012bc       0x24 build/debug/sdk/platform/security/sl_component/sl_psa_driver/src/sl_psa_its_nvm3.o
 .text.get_file_metadata
                0x000012e0       0xd4 build/debug/sdk/platform/security/sl_component/sl_psa_driver/src/sl_psa_its_nvm3.o
 .text.prepare_its_get_nvm3_id
                0x000013b4      0x120 build/debug/sdk/platform/security/sl_component/sl_psa_driver/src/sl_psa_its_nvm3.o
 .text.psa_its_set
                0x000014d4      0x128 build/debug/sdk/platform/security/sl_component/sl_psa_driver/src/sl_psa_its_nvm3.o
                0x000014d4                psa_its_set
 .text.psa_its_get
                0x000015fc       0xc0 build/debug/sdk/platform/security/sl_component/sl_psa_driver/src/sl_psa_its_nvm3.o
                0x000015fc                psa_its_get
 .text.psa_its_get_info
                0x000016bc       0x68 build/debug/sdk/platform/security/sl_component/sl_psa_driver/src/sl_psa_its_nvm3.o
                0x000016bc                psa_its_get_info
 .text.psa_its_remove
                0x00001724       0xb0 build/debug/sdk/platform/security/sl_component/sl_psa_driver/src/sl_psa_its_nvm3.o
                0x00001724                psa_its_remove
 .text.crypto_hash_process.isra.0
                0x000017d4       0xd0 build/debug/sdk/platform/security/sl_component/sl_psa_driver/src/sli_crypto_transparent_driver_hash.o
 .text.sli_crypto_transparent_hash_setup
                0x000018a4       0x68 build/debug/sdk/platform/security/sl_component/sl_psa_driver/src/sli_crypto_transparent_driver_hash.o
                0x000018a4                sli_crypto_transparent_hash_setup
 .text.sli_crypto_transparent_hash_finish
                0x0000190c       0xe8 build/debug/sdk/platform/security/sl_component/sl_psa_driver/src/sli_crypto_transparent_driver_hash.o
                0x0000190c                sli_crypto_transparent_hash_finish
 .text.sli_crypto_transparent_hash_compute
                0x000019f4       0x74 build/debug/sdk/platform/security/sl_component/sl_psa_driver/src/sli_crypto_transparent_driver_hash.o
                0x000019f4                sli_crypto_transparent_hash_compute
 .text.sli_crypto_trng_soft_reset
                0x00001a68       0x50 build/debug/sdk/platform/security/sl_component/sl_psa_driver/src/sli_crypto_trng_driver.o
 .text.sli_crypto_trng_get_random
                0x00001ab8      0x1a0 build/debug/sdk/platform/security/sl_component/sl_psa_driver/src/sli_crypto_trng_driver.o
                0x00001ab8                sli_crypto_trng_get_random
 .text.sl_iostream_set_default
                0x00001c58       0x18 build/debug/sdk/platform/service/iostream/src/sl_iostream.o
                0x00001c58                sl_iostream_set_default
 .text.sl_iostream_get_default
                0x00001c70       0x18 build/debug/sdk/platform/service/iostream/src/sl_iostream.o
                0x00001c70                sl_iostream_get_default
 .text.sl_iostream_rtt_init
                0x00001c88       0x30 build/debug/sdk/platform/service/iostream/src/sl_iostream_rtt.o
                0x00001c88                sl_iostream_rtt_init
 .text.mbedtls_asn1_get_sequence_of
                0x00001cb8       0x3c build/debug/sdk/util/third_party/mbedtls/library/asn1parse.o
                0x00001cb8                mbedtls_asn1_get_sequence_of
 .text.ecdsa_verify_restartable.constprop.0
                0x00001cf4      0x14c build/debug/sdk/util/third_party/mbedtls/library/ecdsa.o
 .text.ecdsa_sign_restartable.constprop.0
                0x00001e40      0x190 build/debug/sdk/util/third_party/mbedtls/library/ecdsa.o
 .text.mbedtls_mpi_mul_mod
                0x00001fd0       0xa0 build/debug/sdk/util/third_party/mbedtls/library/ecp.o
 .text.ecp_normalize_jac
                0x00002070       0x30 build/debug/sdk/util/third_party/mbedtls/library/ecp.o
 .text.mbedtls_ecp_curve_info_from_grp_id
                0x000020a0       0x18 build/debug/sdk/util/third_party/mbedtls/library/ecp.o
                0x000020a0                mbedtls_ecp_curve_info_from_grp_id
 .text.mbedtls_ecp_point_write_binary
                0x000020b8       0xac build/debug/sdk/util/third_party/mbedtls/library/ecp.o
                0x000020b8                mbedtls_ecp_point_write_binary
 .text.mbedtls_ecp_point_read_binary
                0x00002164       0x80 build/debug/sdk/util/third_party/mbedtls/library/ecp.o
                0x00002164                mbedtls_ecp_point_read_binary
 .text.mbedtls_ecp_check_pubkey
                0x000021e4      0x124 build/debug/sdk/util/third_party/mbedtls/library/ecp.o
                0x000021e4                mbedtls_ecp_check_pubkey
 .text.mbedtls_ecp_check_privkey
                0x00002308       0x3c build/debug/sdk/util/third_party/mbedtls/library/ecp.o
                0x00002308                mbedtls_ecp_check_privkey
 .text.ecp_mul_restartable_internal.isra.0
                0x00002344      0x3d4 build/debug/sdk/util/third_party/mbedtls/library/ecp.o
 .text.mbedtls_ecp_muladd_restartable
                0x00002718       0xc0 build/debug/sdk/util/third_party/mbedtls/library/ecp.o
                0x00002718                mbedtls_ecp_muladd_restartable
 .text.mbedtls_ecp_mul_restartable
                0x000027d8       0x1c build/debug/sdk/util/third_party/mbedtls/library/ecp.o
                0x000027d8                mbedtls_ecp_mul_restartable
 .text.mbedtls_ecp_gen_privkey
                0x000027f4       0x3c build/debug/sdk/util/third_party/mbedtls/library/ecp.o
                0x000027f4                mbedtls_ecp_gen_privkey
 .text.mbedtls_ecp_read_key
                0x00002830       0x54 build/debug/sdk/util/third_party/mbedtls/library/ecp.o
                0x00002830                mbedtls_ecp_read_key
 .text.mbedtls_ecp_write_key
                0x00002884       0x20 build/debug/sdk/util/third_party/mbedtls/library/ecp.o
                0x00002884                mbedtls_ecp_write_key
 .text.mbedtls_ecp_check_pub_priv
                0x000028a4       0xb8 build/debug/sdk/util/third_party/mbedtls/library/ecp.o
                0x000028a4                mbedtls_ecp_check_pub_priv
 .text.mbedtls_ecp_group_load
                0x0000295c       0x8c build/debug/sdk/util/third_party/mbedtls/library/ecp_curves.o
                0x0000295c                mbedtls_ecp_group_load
 .text.mbedtls_md_info_from_type
                0x000029e8       0x1c build/debug/sdk/util/third_party/mbedtls/library/md.o
                0x000029e8                mbedtls_md_info_from_type
 .text.oid_sig_alg_from_asn1.part.0
                0x00002a04       0x2c build/debug/sdk/util/third_party/mbedtls/library/oid.o
 .text.mbedtls_oid_get_x509_ext_type
                0x00002a30       0x34 build/debug/sdk/util/third_party/mbedtls/library/oid.o
                0x00002a30                mbedtls_oid_get_x509_ext_type
 .text.mbedtls_oid_get_oid_by_sig_alg
                0x00002a64       0x2c build/debug/sdk/util/third_party/mbedtls/library/oid.o
                0x00002a64                mbedtls_oid_get_oid_by_sig_alg
 .text.mbedtls_oid_get_pk_alg
                0x00002a90       0x34 build/debug/sdk/util/third_party/mbedtls/library/oid.o
                0x00002a90                mbedtls_oid_get_pk_alg
 .text.mbedtls_oid_get_oid_by_pk_alg
                0x00002ac4       0x28 build/debug/sdk/util/third_party/mbedtls/library/oid.o
                0x00002ac4                mbedtls_oid_get_oid_by_pk_alg
 .text.mbedtls_oid_get_ec_grp
                0x00002aec       0x34 build/debug/sdk/util/third_party/mbedtls/library/oid.o
                0x00002aec                mbedtls_oid_get_ec_grp
 .text.mbedtls_oid_get_oid_by_ec_grp
                0x00002b20       0x28 build/debug/sdk/util/third_party/mbedtls/library/oid.o
                0x00002b20                mbedtls_oid_get_oid_by_ec_grp
 .text.mbedtls_pem_write_buffer
                0x00002b48      0x100 build/debug/sdk/util/third_party/mbedtls/library/pem.o
                0x00002b48                mbedtls_pem_write_buffer
 .text.mbedtls_pk_info_from_type
                0x00002c48       0x18 build/debug/sdk/util/third_party/mbedtls/library/pk.o
                0x00002c48                mbedtls_pk_info_from_type
 .text.mbedtls_pk_setup
                0x00002c60       0x2c build/debug/sdk/util/third_party/mbedtls/library/pk.o
                0x00002c60                mbedtls_pk_setup
 .text.mbedtls_pk_setup_opaque
                0x00002c8c       0x7c build/debug/sdk/util/third_party/mbedtls/library/pk.o
                0x00002c8c                mbedtls_pk_setup_opaque
 .text.mbedtls_pk_sign_restartable
                0x00002d08       0x68 build/debug/sdk/util/third_party/mbedtls/library/pk.o
                0x00002d08                mbedtls_pk_sign_restartable
 .text.eckey_debug
                0x00002d70       0x14 build/debug/sdk/util/third_party/mbedtls/library/pk_wrap.o
 .text.mbedtls_pk_error_from_psa
                0x00002d84       0x80 build/debug/sdk/util/third_party/mbedtls/library/pk_wrap.o
                0x00002d84                mbedtls_pk_error_from_psa
 .text.mbedtls_pk_error_from_psa_ecdsa
                0x00002e04       0x4c build/debug/sdk/util/third_party/mbedtls/library/pk_wrap.o
                0x00002e04                mbedtls_pk_error_from_psa_ecdsa
 .text.ecdsa_sign_wrap
                0x00002e50      0x158 build/debug/sdk/util/third_party/mbedtls/library/pk_wrap.o
 .text.ecdsa_verify_wrap
                0x00002fa8      0x168 build/debug/sdk/util/third_party/mbedtls/library/pk_wrap.o
 .text.pk_opaque_sign_wrap
                0x00003110       0xa0 build/debug/sdk/util/third_party/mbedtls/library/pk_wrap.o
 .text.pk_use_ecparams
                0x000031b0       0x3c build/debug/sdk/util/third_party/mbedtls/library/pkparse.o
 .text.pk_get_pk_alg
                0x000031ec       0x54 build/debug/sdk/util/third_party/mbedtls/library/pkparse.o
 .text.mbedtls_pk_parse_subpubkey
                0x00003240       0xe0 build/debug/sdk/util/third_party/mbedtls/library/pkparse.o
                0x00003240                mbedtls_pk_parse_subpubkey
 .text.mbedtls_pk_write_pubkey
                0x00003320       0x8c build/debug/sdk/util/third_party/mbedtls/library/pkwrite.o
                0x00003320                mbedtls_pk_write_pubkey
 .text.mbedtls_pk_write_pubkey_der
                0x000033ac      0x174 build/debug/sdk/util/third_party/mbedtls/library/pkwrite.o
                0x000033ac                mbedtls_pk_write_pubkey_der
 .text.mbedtls_pk_write_key_der
                0x00003520      0x16c build/debug/sdk/util/third_party/mbedtls/library/pkwrite.o
                0x00003520                mbedtls_pk_write_key_der
 .text.mbedtls_platform_zeroize
                0x0000368c       0x14 build/debug/sdk/util/third_party/mbedtls/library/platform_util.o
                0x0000368c                mbedtls_platform_zeroize
 .text.psa_mac_key_can_do
                0x000036a0       0x40 build/debug/sdk/util/third_party/mbedtls/library/psa_crypto.o
 .text.psa_key_algorithm_permits
                0x000036e0      0x1f8 build/debug/sdk/util/third_party/mbedtls/library/psa_crypto.o
 .text.psa_sign_verify_check_alg
                0x000038d8       0x80 build/debug/sdk/util/third_party/mbedtls/library/psa_crypto.o
 .text.psa_get_and_lock_key_slot_with_policy
                0x00003958       0xdc build/debug/sdk/util/third_party/mbedtls/library/psa_crypto.o
 .text.mbedtls_to_psa_error
                0x00003a34      0x2dc build/debug/sdk/util/third_party/mbedtls/library/psa_crypto.o
                0x00003a34                mbedtls_to_psa_error
 .text.psa_sign_message_builtin
                0x00003d10       0x98 build/debug/sdk/util/third_party/mbedtls/library/psa_crypto.o
                0x00003d10                psa_sign_message_builtin
 .text.psa_verify_message_builtin
                0x00003da8       0x94 build/debug/sdk/util/third_party/mbedtls/library/psa_crypto.o
                0x00003da8                psa_verify_message_builtin
 .text.psa_sign_hash_builtin
                0x00003e3c       0x7c build/debug/sdk/util/third_party/mbedtls/library/psa_crypto.o
                0x00003e3c                psa_sign_hash_builtin
 .text.psa_verify_hash_builtin
                0x00003eb8       0x78 build/debug/sdk/util/third_party/mbedtls/library/psa_crypto.o
                0x00003eb8                psa_verify_hash_builtin
 .text.psa_generate_random
                0x00003f30       0x38 build/debug/sdk/util/third_party/mbedtls/library/psa_crypto.o
                0x00003f30                psa_generate_random
 .text.mbedtls_psa_crypto_free
                0x00003f68       0x30 build/debug/sdk/util/third_party/mbedtls/library/psa_crypto.o
                0x00003f68                mbedtls_psa_crypto_free
 .text.psa_crypto_init
                0x00003f98       0x40 build/debug/sdk/util/third_party/mbedtls/library/psa_crypto.o
                0x00003f98                psa_crypto_init
 .text.mbedtls_psa_ecp_export_key
                0x00003fd8       0xac build/debug/sdk/util/third_party/mbedtls/library/psa_crypto_ecp.o
                0x00003fd8                mbedtls_psa_ecp_export_key
 .text.mbedtls_psa_ecp_generate_key
                0x00004084       0x88 build/debug/sdk/util/third_party/mbedtls/library/psa_crypto_ecp.o
                0x00004084                mbedtls_psa_ecp_generate_key
 .text.mbedtls_psa_ecdsa_sign_hash
                0x0000410c       0xec build/debug/sdk/util/third_party/mbedtls/library/psa_crypto_ecp.o
                0x0000410c                mbedtls_psa_ecdsa_sign_hash
 .text.mbedtls_psa_ecdsa_verify_hash
                0x000041f8       0xd0 build/debug/sdk/util/third_party/mbedtls/library/psa_crypto_ecp.o
                0x000041f8                mbedtls_psa_ecdsa_verify_hash
 .text.mbedtls_psa_hash_setup
                0x000042c8       0x68 build/debug/sdk/util/third_party/mbedtls/library/psa_crypto_hash.o
                0x000042c8                mbedtls_psa_hash_setup
 .text.mbedtls_psa_hash_finish
                0x00004330       0x88 build/debug/sdk/util/third_party/mbedtls/library/psa_crypto_hash.o
                0x00004330                mbedtls_psa_hash_finish
 .text.psa_get_and_lock_key_slot_in_memory
                0x000043b8       0x6c build/debug/sdk/util/third_party/mbedtls/library/psa_crypto_slot_management.o
 .text.psa_initialize_key_slots
                0x00004424       0x18 build/debug/sdk/util/third_party/mbedtls/library/psa_crypto_slot_management.o
                0x00004424                psa_initialize_key_slots
 .text.psa_wipe_all_key_slots
                0x0000443c       0x2c build/debug/sdk/util/third_party/mbedtls/library/psa_crypto_slot_management.o
                0x0000443c                psa_wipe_all_key_slots
 .text.psa_get_empty_key_slot
                0x00004468       0x84 build/debug/sdk/util/third_party/mbedtls/library/psa_crypto_slot_management.o
                0x00004468                psa_get_empty_key_slot
 .text.psa_get_and_lock_key_slot
                0x000044ec       0xa4 build/debug/sdk/util/third_party/mbedtls/library/psa_crypto_slot_management.o
                0x000044ec                psa_get_and_lock_key_slot
 .text.psa_format_key_data_for_storage
                0x00004590       0x90 build/debug/sdk/util/third_party/mbedtls/library/psa_crypto_storage.o
                0x00004590                psa_format_key_data_for_storage
 .text.psa_parse_key_data_from_storage
                0x00004620       0x88 build/debug/sdk/util/third_party/mbedtls/library/psa_crypto_storage.o
                0x00004620                psa_parse_key_data_from_storage
 .text.x509_parse_int
                0x000046a8       0x34 build/debug/sdk/util/third_party/mbedtls/library/x509.o
 .text.mbedtls_x509_get_serial
                0x000046dc       0x4c build/debug/sdk/util/third_party/mbedtls/library/x509.o
                0x000046dc                mbedtls_x509_get_serial
 .text.mbedtls_x509_get_name
                0x00004728      0x10c build/debug/sdk/util/third_party/mbedtls/library/x509.o
                0x00004728                mbedtls_x509_get_name
 .text.mbedtls_x509_get_time
                0x00004834      0x164 build/debug/sdk/util/third_party/mbedtls/library/x509.o
                0x00004834                mbedtls_x509_get_time
 .text.mbedtls_x509_get_sig
                0x00004998       0x38 build/debug/sdk/util/third_party/mbedtls/library/x509.o
                0x00004998                mbedtls_x509_get_sig
 .text.mbedtls_x509_get_sig_alg
                0x000049d0       0x40 build/debug/sdk/util/third_party/mbedtls/library/x509.o
                0x000049d0                mbedtls_x509_get_sig_alg
 .text.mbedtls_x509_get_ext
                0x00004a10       0x4c build/debug/sdk/util/third_party/mbedtls/library/x509.o
                0x00004a10                mbedtls_x509_get_ext
 .text.mbedtls_x509_string_to_names
                0x00004a5c       0xec build/debug/sdk/util/third_party/mbedtls/library/x509_create.o
                0x00004a5c                mbedtls_x509_string_to_names
 .text.mbedtls_x509_parse_subject_alt_name
                0x00004b48      0x120 build/debug/sdk/util/third_party/mbedtls/library/x509_crt.o
                0x00004b48                mbedtls_x509_parse_subject_alt_name
 .text.mbedtls_x509_crt_parse_der_internal
                0x00004c68      0x81c build/debug/sdk/util/third_party/mbedtls/library/x509_crt.o
 .text.mbedtls_x509write_csr_der
                0x00005484      0x27c build/debug/sdk/util/third_party/mbedtls/library/x509write_csr.o
                0x00005484                mbedtls_x509write_csr_der
 .text.mbedtls_x509write_csr_pem
                0x00005700       0x3c build/debug/sdk/util/third_party/mbedtls/library/x509write_csr.o
                0x00005700                mbedtls_x509write_csr_pem
 .text._DoInit  0x0000573c       0x60 build/debug/sdk/util/third_party/segger/systemview/SEGGER/SEGGER_RTT.o
 .text.SEGGER_RTT_ReadNoLock
                0x0000579c       0x88 build/debug/sdk/util/third_party/segger/systemview/SEGGER/SEGGER_RTT.o
                0x0000579c                SEGGER_RTT_ReadNoLock
 .text.SEGGER_RTT_WriteNoLock
                0x00005824       0x58 build/debug/sdk/util/third_party/segger/systemview/SEGGER/SEGGER_RTT.o
                0x00005824                SEGGER_RTT_WriteNoLock
 .text.SEGGER_RTT_Write
                0x0000587c       0x34 build/debug/sdk/util/third_party/segger/systemview/SEGGER/SEGGER_RTT.o
                0x0000587c                SEGGER_RTT_Write
 .text.SEGGER_RTT_ConfigUpBuffer
                0x000058b0       0x60 build/debug/sdk/util/third_party/segger/systemview/SEGGER/SEGGER_RTT.o
                0x000058b0                SEGGER_RTT_ConfigUpBuffer
 .text.SEGGER_RTT_ConfigDownBuffer
                0x00005910       0x5c build/debug/sdk/util/third_party/segger/systemview/SEGGER/SEGGER_RTT.o
                0x00005910                SEGGER_RTT_ConfigDownBuffer
 .text._Z14select_commandh
                0x0000596c       0x1c build/debug/project/_/_/generator/app.o
                0x0000596c                select_command(unsigned char)
 .text._Z15execute_commandhR7Encoder
                0x00005988       0x60 build/debug/project/_/_/generator/app.o
                0x00005988                execute_command(unsigned char, Encoder&)
 .text._Z14reject_commandhi
                0x000059e8       0x3c build/debug/project/_/_/generator/app.o
                0x000059e8                reject_command(unsigned char, int)
 .text._Z18app_process_actionv
                0x00005a24       0x54 build/debug/project/_/_/generator/app.o
                0x00005a24                app_process_action()
 .text.startup._GLOBAL__sub_I__Z14select_commandh
                0x00005a78       0x68 build/debug/project/_/_/generator/app.o
 .text._ZN11InitCommand7executeEv
                0x00005ae0       0x1c build/debug/project/_/_/generator/commands.o
                0x00005ae0                InitCommand::execute()
 .text._ZNK11InitCommand6encodeER7Encoder
                0x00005afc       0x20 build/debug/project/_/_/generator/commands.o
                0x00005afc                InitCommand::encode(Encoder&) const
 .text._ZN12SetupCommand6decodeER7Encoder
                0x00005b1c      0x288 build/debug/project/_/_/generator/commands.o
                0x00005b1c                SetupCommand::decode(Encoder&)
 .text._ZN13ImportCommand9writeFileEmmmPKhj
                0x00005da4       0x78 build/debug/project/_/_/generator/commands.o
                0x00005da4                ImportCommand::writeFile(unsigned long, unsigned long, unsigned long, unsigned char const*, unsigned int)
 .text._ZN13ImportCommand8writeDACEPKhj
                0x00005e1c       0x4c build/debug/project/_/_/generator/commands.o
                0x00005e1c                ImportCommand::writeDAC(unsigned char const*, unsigned int)
 .text._ZN13ImportCommand8writePAIEPKhj
                0x00005e68       0x20 build/debug/project/_/_/generator/commands.o
                0x00005e68                ImportCommand::writePAI(unsigned char const*, unsigned int)
 .text._ZN13ImportCommand7writeCDEPKhj
                0x00005e88       0x20 build/debug/project/_/_/generator/commands.o
                0x00005e88                ImportCommand::writeCD(unsigned char const*, unsigned int)
 .text._ZN12SetupCommand11computeHashEPhRj
                0x00005ea8       0x3c build/debug/project/_/_/generator/commands.o
                0x00005ea8                SetupCommand::computeHash(unsigned char*, unsigned int&)
 .text._ZN12SetupCommand7executeEv
                0x00005ee4       0xb4 build/debug/project/_/_/generator/commands.o
                0x00005ee4                SetupCommand::execute()
 .text._ZN4chip11DeviceLayer8Internal6Config7ReadBinEmPhjRj
                0x00005f98       0x74 build/debug/project/_/_/generator/config.o
                0x00005f98                chip::DeviceLayer::Internal::Config::ReadBin(unsigned long, unsigned char*, unsigned int, unsigned int&)
 .text._ZN4chip11DeviceLayer8Internal6Config5WriteEmt
                0x0000600c       0x34 build/debug/project/_/_/generator/config.o
                0x0000600c                chip::DeviceLayer::Internal::Config::Write(unsigned long, unsigned short)
 .text._ZN4chip11DeviceLayer8Internal6Config5WriteEmm
                0x00006040       0x34 build/debug/project/_/_/generator/config.o
                0x00006040                chip::DeviceLayer::Internal::Config::Write(unsigned long, unsigned long)
 .text._ZN4chip11DeviceLayer8Internal6Config8WriteBinEmPKhj
                0x00006074       0x30 build/debug/project/_/_/generator/config.o
                0x00006074                chip::DeviceLayer::Internal::Config::WriteBin(unsigned long, unsigned char const*, unsigned int)
 .text._ZN11CredentialsC2Em
                0x000060a4       0x1c build/debug/project/_/_/generator/credentials_efr32.o
                0x000060a4                Credentials::Credentials(unsigned long)
                0x000060a4                Credentials::Credentials(unsigned long)
 .text._ZN11Credentials11generateKeyEv
                0x000060c0       0x54 build/debug/project/_/_/generator/credentials_efr32.o
                0x000060c0                Credentials::generateKey()
 .text._ZN11Credentials12importDerKeyEPKhj
                0x00006114       0x2c build/debug/project/_/_/generator/credentials_efr32.o
                0x00006114                Credentials::importDerKey(unsigned char const*, unsigned int)
 .text._ZN11Credentials9importKeyEPKhj
                0x00006140       0x64 build/debug/project/_/_/generator/credentials_efr32.o
                0x00006140                Credentials::importKey(unsigned char const*, unsigned int)
 .text._ZN11Credentials11generateCSREPKcttPcjPj
                0x000061a4       0xb4 build/debug/project/_/_/generator/credentials_efr32.o
                0x000061a4                Credentials::generateCSR(char const*, unsigned short, unsigned short, char*, unsigned int, unsigned int*)
 .text.nvm3_initDefault
                0x00006258       0x14 build/debug/project/_/_/generator/nvm3.o
                0x00006258                nvm3_initDefault
 .text.setNvm3End
                0x0000626c       0x18 build/debug/project/_/_/generator/nvm3.o
                0x0000626c                setNvm3End
 .text.platform_write
                0x00006284       0x10 build/debug/project/_/_/generator/platform_efr32.o
                0x00006284                platform_write
 .text.platform_read
                0x00006294       0x14 build/debug/project/_/_/generator/platform_efr32.o
                0x00006294                platform_read
 .text.platform_sha256
                0x000062a8       0x20 build/debug/project/_/_/generator/platform_efr32.o
                0x000062a8                platform_sha256
 .text.sl_platform_init
                0x000062c8       0x78 build/debug/project/autogen/sl_event_handler.o
                0x000062c8                sl_platform_init
 .text          0x00006340       0x30 /Volumes/Resources/tools/arm/gnu-toolchain-12.2.mpacbti-rel1-darwin-x86_64-arm-none-eabi/bin/../lib/gcc/arm-none-eabi/12.2.1/thumb/v7e-m+fp/softfp/libgcc.a(_aeabi_uldivmod.o)
                0x00006340                __aeabi_uldivmod
 .text.__udivmoddi4
                0x00006370      0x2bc /Volumes/Resources/tools/arm/gnu-toolchain-12.2.mpacbti-rel1-darwin-x86_64-arm-none-eabi/bin/../lib/gcc/arm-none-eabi/12.2.1/thumb/v7e-m+fp/softfp/libgcc.a(_udivmoddi4.o)
                0x00006370                __udivmoddi4
 .text          0x0000662c        0x4 /Volumes/Resources/tools/arm/gnu-toolchain-12.2.mpacbti-rel1-darwin-x86_64-arm-none-eabi/bin/../lib/gcc/arm-none-eabi/12.2.1/thumb/v7e-m+fp/softfp/libgcc.a(_dvmd_tls.o)
                0x0000662c                __aeabi_ldiv0
                0x0000662c                __aeabi_idiv0
 .text.calloc   0x00006630       0x10 /Volumes/Resources/tools/arm/gnu-toolchain-12.2.mpacbti-rel1-darwin-x86_64-arm-none-eabi/bin/../lib/gcc/arm-none-eabi/12.2.1/../../../../arm-none-eabi/lib/thumb/v7e-m+fp/softfp/libc_nano.a(libc_a-calloc.o)
                0x00006630                calloc
 .text.exit     0x00006640       0x24 /Volumes/Resources/tools/arm/gnu-toolchain-12.2.mpacbti-rel1-darwin-x86_64-arm-none-eabi/bin/../lib/gcc/arm-none-eabi/12.2.1/../../../../arm-none-eabi/lib/thumb/v7e-m+fp/softfp/libc_nano.a(libc_a-exit.o)
                0x00006640                exit
 .text.free     0x00006664       0x10 /Volumes/Resources/tools/arm/gnu-toolchain-12.2.mpacbti-rel1-darwin-x86_64-arm-none-eabi/bin/../lib/gcc/arm-none-eabi/12.2.1/../../../../arm-none-eabi/lib/thumb/v7e-m+fp/softfp/libc_nano.a(libc_a-malloc.o)
                0x00006664                free
 .text.sbrk_aligned
                0x00006674       0x44 /Volumes/Resources/tools/arm/gnu-toolchain-12.2.mpacbti-rel1-darwin-x86_64-arm-none-eabi/bin/../lib/gcc/arm-none-eabi/12.2.1/../../../../arm-none-eabi/lib/thumb/v7e-m+fp/softfp/libc_nano.a(libc_a-mallocr.o)
 .text._malloc_r
                0x000066b8      0x100 /Volumes/Resources/tools/arm/gnu-toolchain-12.2.mpacbti-rel1-darwin-x86_64-arm-none-eabi/bin/../lib/gcc/arm-none-eabi/12.2.1/../../../../arm-none-eabi/lib/thumb/v7e-m+fp/softfp/libc_nano.a(libc_a-mallocr.o)
                0x000066b8                _malloc_r
 .text.snprintf
                0x000067b8       0x68 /Volumes/Resources/tools/arm/gnu-toolchain-12.2.mpacbti-rel1-darwin-x86_64-arm-none-eabi/bin/../lib/gcc/arm-none-eabi/12.2.1/../../../../arm-none-eabi/lib/thumb/v7e-m+fp/softfp/libc_nano.a(libc_a-snprintf.o)
                0x000067b8                snprintf
                0x000067b8                sniprintf
 .text.__malloc_lock
                0x00006820        0xc /Volumes/Resources/tools/arm/gnu-toolchain-12.2.mpacbti-rel1-darwin-x86_64-arm-none-eabi/bin/../lib/gcc/arm-none-eabi/12.2.1/../../../../arm-none-eabi/lib/thumb/v7e-m+fp/softfp/libc_nano.a(libc_a-mlock.o)
                0x00006820                __malloc_lock
 .text.__malloc_unlock
                0x0000682c        0xc /Volumes/Resources/tools/arm/gnu-toolchain-12.2.mpacbti-rel1-darwin-x86_64-arm-none-eabi/bin/../lib/gcc/arm-none-eabi/12.2.1/../../../../arm-none-eabi/lib/thumb/v7e-m+fp/softfp/libc_nano.a(libc_a-mlock.o)
                0x0000682c                __malloc_unlock
 .text._sbrk_r  0x00006838       0x20 /Volumes/Resources/tools/arm/gnu-toolchain-12.2.mpacbti-rel1-darwin-x86_64-arm-none-eabi/bin/../lib/gcc/arm-none-eabi/12.2.1/../../../../arm-none-eabi/lib/thumb/v7e-m+fp/softfp/libc_nano.a(libc_a-sbrkr.o)
                0x00006838                _sbrk_r
 .text.__libc_init_array
                0x00006858       0x48 /Volumes/Resources/tools/arm/gnu-toolchain-12.2.mpacbti-rel1-darwin-x86_64-arm-none-eabi/bin/../lib/gcc/arm-none-eabi/12.2.1/../../../../arm-none-eabi/lib/thumb/v7e-m+fp/softfp/libc_nano.a(libc_a-init.o)
                0x00006858                __libc_init_array
 .text.__cxa_atexit
                0x000068a0       0x1c /Volumes/Resources/tools/arm/gnu-toolchain-12.2.mpacbti-rel1-darwin-x86_64-arm-none-eabi/bin/../lib/gcc/arm-none-eabi/12.2.1/../../../../arm-none-eabi/lib/thumb/v7e-m+fp/softfp/libc_nano.a(libc_a-cxa_atexit.o)
                0x000068a0                __cxa_atexit
 .text._free_r  0x000068bc       0x94 /Volumes/Resources/tools/arm/gnu-toolchain-12.2.mpacbti-rel1-darwin-x86_64-arm-none-eabi/bin/../lib/gcc/arm-none-eabi/12.2.1/../../../../arm-none-eabi/lib/thumb/v7e-m+fp/softfp/libc_nano.a(libc_a-freer.o)
                0x000068bc                _free_r
 .text._svfprintf_r
                0x00006950      0x1f8 /Volumes/Resources/tools/arm/gnu-toolchain-12.2.mpacbti-rel1-darwin-x86_64-arm-none-eabi/bin/../lib/gcc/arm-none-eabi/12.2.1/../../../../arm-none-eabi/lib/thumb/v7e-m+fp/softfp/libc_nano.a(libc_a-nano-svfprintf.o)
                0x00006950                _svfprintf_r
                0x00006950                _svfiprintf_r
 .text._printf_i
                0x00006b48      0x258 /Volumes/Resources/tools/arm/gnu-toolchain-12.2.mpacbti-rel1-darwin-x86_64-arm-none-eabi/bin/../lib/gcc/arm-none-eabi/12.2.1/../../../../arm-none-eabi/lib/thumb/v7e-m+fp/softfp/libc_nano.a(libc_a-nano-vfprintf_i.o)
                0x00006b48                _printf_i
 .text._exit    0x00006da0        0x4 /Volumes/Resources/tools/arm/gnu-toolchain-12.2.mpacbti-rel1-darwin-x86_64-arm-none-eabi/bin/../lib/gcc/arm-none-eabi/12.2.1/../../../../arm-none-eabi/lib/thumb/v7e-m+fp/softfp/libnosys.a(_exit.o)
                0x00006da0                _exit
 .text.validateObjFragments
                0x00006da4      0x238 /git/gsdk/platform/emdrv/nvm3/lib/libnvm3_CM4_gcc.a(nvm3.o)
 .text.findObj  0x00006fdc      0x170 /git/gsdk/platform/emdrv/nvm3/lib/libnvm3_CM4_gcc.a(nvm3.o)
 .text.fifoScan
                0x0000714c       0x74 /git/gsdk/platform/emdrv/nvm3/lib/libnvm3_CM4_gcc.a(nvm3.o)
 .text.repackWorker
                0x000071c0      0x154 /git/gsdk/platform/emdrv/nvm3/lib/libnvm3_CM4_gcc.a(nvm3.o)
 .text.enumScanFifoCallback
                0x00007314       0x6c /git/gsdk/platform/emdrv/nvm3/lib/libnvm3_CM4_gcc.a(nvm3.o)
 .text.fifoReadObj.constprop.0
                0x00007380      0x168 /git/gsdk/platform/emdrv/nvm3/lib/libnvm3_CM4_gcc.a(nvm3.o)
 .text.enumObjects
                0x000074e8       0x78 /git/gsdk/platform/emdrv/nvm3/lib/libnvm3_CM4_gcc.a(nvm3.o)
 .text.fifoWriteObj
                0x00007560      0x42c /git/gsdk/platform/emdrv/nvm3/lib/libnvm3_CM4_gcc.a(nvm3.o)
 .text.fifoWriteWrapper
                0x0000798c       0xa8 /git/gsdk/platform/emdrv/nvm3/lib/libnvm3_CM4_gcc.a(nvm3.o)
 .text.repackFirstPageCallback
                0x00007a34       0x84 /git/gsdk/platform/emdrv/nvm3/lib/libnvm3_CM4_gcc.a(nvm3.o)
 .text.repackFirstPageScanCacheCallback
                0x00007ab8       0xb0 /git/gsdk/platform/emdrv/nvm3/lib/libnvm3_CM4_gcc.a(nvm3.o)
 .text.initialize
                0x00007b68      0x280 /git/gsdk/platform/emdrv/nvm3/lib/libnvm3_CM4_gcc.a(nvm3.o)
 .text.nvm3_open
                0x00007de8      0x1ac /git/gsdk/platform/emdrv/nvm3/lib/libnvm3_CM4_gcc.a(nvm3.o)
                0x00007de8                nvm3_open
 .text.nvm3_writeData
                0x00007f94       0x94 /git/gsdk/platform/emdrv/nvm3/lib/libnvm3_CM4_gcc.a(nvm3.o)
                0x00007f94                nvm3_writeData
 .text.nvm3_readData
                0x00008028       0x9c /git/gsdk/platform/emdrv/nvm3/lib/libnvm3_CM4_gcc.a(nvm3.o)
                0x00008028                nvm3_readData
 .text.nvm3_readPartialData
                0x000080c4       0xa8 /git/gsdk/platform/emdrv/nvm3/lib/libnvm3_CM4_gcc.a(nvm3.o)
                0x000080c4                nvm3_readPartialData
 .text.nvm3_getObjectInfo
                0x0000816c       0x8c /git/gsdk/platform/emdrv/nvm3/lib/libnvm3_CM4_gcc.a(nvm3.o)
                0x0000816c                nvm3_getObjectInfo
 .text.nvm3_deleteObject
                0x000081f8       0x78 /git/gsdk/platform/emdrv/nvm3/lib/libnvm3_CM4_gcc.a(nvm3.o)
                0x000081f8                nvm3_deleteObject
 .text.nvm3_cacheSet
                0x00008270       0xa4 /git/gsdk/platform/emdrv/nvm3/lib/libnvm3_CM4_gcc.a(nvm3_cache.o)
                0x00008270                nvm3_cacheSet
 .text.nvm3_cacheScan
                0x00008314       0x44 /git/gsdk/platform/emdrv/nvm3/lib/libnvm3_CM4_gcc.a(nvm3_cache.o)
                0x00008314                nvm3_cacheScan
 .text.nvm3_objHdrInit
                0x00008358       0x98 /git/gsdk/platform/emdrv/nvm3/lib/libnvm3_CM4_gcc.a(nvm3_object.o)
                0x00008358                nvm3_objHdrInit
 .text.nvm3_objInit
                0x000083f0       0x2c /git/gsdk/platform/emdrv/nvm3/lib/libnvm3_CM4_gcc.a(nvm3_object.o)
                0x000083f0                nvm3_objInit
 .text.nvm3_objTypeToGroup
                0x0000841c       0x10 /git/gsdk/platform/emdrv/nvm3/lib/libnvm3_CM4_gcc.a(nvm3_object.o)
                0x0000841c                nvm3_objTypeToGroup
 .text.nvm3_pageHeaderWrite
                0x0000842c       0xec /git/gsdk/platform/emdrv/nvm3/lib/libnvm3_CM4_gcc.a(nvm3_page.o)
                0x0000842c                nvm3_pageHeaderWrite
 .text.Default_Handler
                0x00008518        0x2 build/debug/sdk/platform/Device/SiliconLabs/EFR32MG12P/Source/startup_efr32mg12p.o
                0x00008518                IDAC0_IRQHandler
                0x00008518                USART0_TX_IRQHandler
                0x00008518                I2C0_IRQHandler
                0x00008518                HardFault_Handler
                0x00008518                SysTick_Handler
                0x00008518                USART1_RX_IRQHandler
                0x00008518                PendSV_Handler
                0x00008518                NMI_Handler
                0x00008518                SYNTH_IRQHandler
                0x00008518                I2C1_IRQHandler
                0x00008518                WTIMER0_IRQHandler
                0x00008518                CRYPTO0_IRQHandler
                0x00008518                WDOG0_IRQHandler
                0x00008518                USART1_TX_IRQHandler
                0x00008518                SMU_IRQHandler
                0x00008518                MSC_IRQHandler
                0x00008518                ADC0_IRQHandler
                0x00008518                UsageFault_Handler
                0x00008518                WDOG1_IRQHandler
                0x00008518                LEUART0_IRQHandler
                0x00008518                FPUEH_IRQHandler
                0x00008518                WTIMER1_IRQHandler
                0x00008518                GPIO_EVEN_IRQHandler
                0x00008518                VDAC0_IRQHandler
                0x00008518                LDMA_IRQHandler
                0x00008518                CSEN_IRQHandler
                0x00008518                CRYPTO1_IRQHandler
                0x00008518                TIMER0_IRQHandler
                0x00008518                PCNT2_IRQHandler
                0x00008518                LETIMER0_IRQHandler
                0x00008518                TIMER1_IRQHandler
                0x00008518                TRNG0_IRQHandler
                0x00008518                RFSENSE_IRQHandler
                0x00008518                BUFC_IRQHandler
                0x00008518                MODEM_IRQHandler
                0x00008518                USART2_RX_IRQHandler
                0x00008518                Default_Handler
                0x00008518                RAC_SEQ_IRQHandler
                0x00008518                FRC_PRI_IRQHandler
                0x00008518                EMU_IRQHandler
                0x00008518                FRC_IRQHandler
                0x00008518                CRYOTIMER_IRQHandler
                0x00008518                PCNT0_IRQHandler
                0x00008518                AGC_IRQHandler
                0x00008518                sl_app_properties
                0x00008518                PCNT1_IRQHandler
                0x00008518                ACMP0_IRQHandler
                0x00008518                USART0_RX_IRQHandler
                0x00008518                MemManage_Handler
                0x00008518                SVC_Handler
                0x00008518                USART3_RX_IRQHandler
                0x00008518                RTCC_IRQHandler
                0x00008518                CMU_IRQHandler
                0x00008518                RAC_RSM_IRQHandler
                0x00008518                GPIO_ODD_IRQHandler
                0x00008518                LESENSE_IRQHandler
                0x00008518                USART3_TX_IRQHandler
                0x00008518                PROTIMER_IRQHandler
                0x00008518                BusFault_Handler
                0x00008518                USART2_TX_IRQHandler
                0x00008518                DebugMon_Handler
 .text.SystemLFRCOClockGet
                0x0000851a        0x6 build/debug/sdk/platform/Device/SiliconLabs/EFR32MG12P/Source/system_efr32mg12p.o
                0x0000851a                SystemLFRCOClockGet
 .text.SystemULFRCOClockGet
                0x00008520        0x6 build/debug/sdk/platform/Device/SiliconLabs/EFR32MG12P/Source/system_efr32mg12p.o
                0x00008520                SystemULFRCOClockGet
 .text.nvm3_halFlashAccess
                0x00008526        0x2 build/debug/sdk/platform/emdrv/nvm3/src/nvm3_hal_flash.o
 .text.nvm3_halFlashClose
                0x00008528        0x4 build/debug/sdk/platform/emdrv/nvm3/src/nvm3_hal_flash.o
 .text.nvm3_halFlashOpen
                0x0000852c        0xa build/debug/sdk/platform/emdrv/nvm3/src/nvm3_hal_flash.o
 .text.nvm3_halFlashReadWords
                0x00008536       0x2e build/debug/sdk/platform/emdrv/nvm3/src/nvm3_hal_flash.o
 .text.nvm3_lockDisableExecute
                0x00008564        0x2 build/debug/sdk/platform/emdrv/nvm3/src/nvm3_lock.o
                0x00008564                nvm3_lockDisableExecute
 .text.CMU_ClockDivGet
                0x00008566        0xa build/debug/sdk/platform/emlib/src/em_cmu.o
                0x00008566                CMU_ClockDivGet
 .text.CORE_EnterCritical
                0x00008570        0x8 build/debug/sdk/platform/emlib/src/em_core.o
                0x00008570                CORE_EnterCritical
 .text.CORE_ExitCritical
                0x00008578        0x6 build/debug/sdk/platform/emlib/src/em_core.o
                0x00008578                CORE_ExitCritical
 .text.CRYPTO_BurstToCrypto
                0x0000857e       0x14 build/debug/sdk/platform/emlib/src/em_crypto.o
                0x0000857e                CRYPTO_BurstToCrypto
 .text.CRYPTO_BurstFromCrypto
                0x00008592       0x14 build/debug/sdk/platform/emlib/src/em_crypto.o
                0x00008592                CRYPTO_BurstFromCrypto
 .text.CRYPTO_DDataWrite
                0x000085a6       0x10 build/debug/sdk/platform/emlib/src/em_crypto.o
                0x000085a6                CRYPTO_DDataWrite
 .text.CRYPTO_DDataRead
                0x000085b6       0x10 build/debug/sdk/platform/emlib/src/em_crypto.o
                0x000085b6                CRYPTO_DDataRead
 .text.CRYPTO_QDataWrite
                0x000085c6       0x22 build/debug/sdk/platform/emlib/src/em_crypto.o
                0x000085c6                CRYPTO_QDataWrite
 .text.CRYPTO_ModulusSet
                0x000085e8       0x2c build/debug/sdk/platform/emlib/src/em_crypto.o
                0x000085e8                CRYPTO_ModulusSet
 .text.MSC_WriteWord
                0x00008614        0x4 build/debug/sdk/platform/emlib/src/em_msc.o
                0x00008614                MSC_WriteWord
 .text.CRYPTO_InstructionSequenceWait
                0x00008618        0x8 build/debug/sdk/platform/security/sl_component/sl_mbedtls_support/src/crypto_ecp.o
 .text.ecp_crypto_ddata_write
                0x00008620       0x6a build/debug/sdk/platform/security/sl_component/sl_mbedtls_support/src/crypto_ecp.o
 .text.ecp_crypto_ddata_read
                0x0000868a       0x9a build/debug/sdk/platform/security/sl_component/sl_mbedtls_support/src/crypto_ecp.o
 .text.mpitobigint
                0x00008724       0x3c build/debug/sdk/platform/security/sl_component/sl_mbedtls_support/src/crypto_ecp.o
 .text.mbedtls_internal_ecp_grp_capable
                0x00008760        0xa build/debug/sdk/platform/security/sl_component/sl_mbedtls_support/src/crypto_ecp.o
                0x00008760                mbedtls_internal_ecp_grp_capable
 .text.mbedtls_internal_ecp_init
                0x0000876a        0x4 build/debug/sdk/platform/security/sl_component/sl_mbedtls_support/src/crypto_ecp.o
                0x0000876a                mbedtls_internal_ecp_init
 .text.mbedtls_internal_ecp_free
                0x0000876e        0x2 build/debug/sdk/platform/security/sl_component/sl_mbedtls_support/src/crypto_ecp.o
                0x0000876e                mbedtls_internal_ecp_free
 .text.psa_status_to_mbedtls.constprop.0
                0x00008770       0x38 build/debug/sdk/platform/security/sl_component/sl_mbedtls_support/src/mbedtls_sha.o
 .text.mbedtls_sha256_init
                0x000087a8        0x4 build/debug/sdk/platform/security/sl_component/sl_mbedtls_support/src/mbedtls_sha.o
                0x000087a8                mbedtls_sha256_init
 .text.mbedtls_sha256_free
                0x000087ac        0x4 build/debug/sdk/platform/security/sl_component/sl_mbedtls_support/src/mbedtls_sha.o
                0x000087ac                mbedtls_sha256_free
 .text.mbedtls_sha256_update
                0x000087b0        0xe build/debug/sdk/platform/security/sl_component/sl_mbedtls_support/src/mbedtls_sha.o
                0x000087b0                mbedtls_sha256_update
 .text.mbedtls_sha256_finish
                0x000087be       0x18 build/debug/sdk/platform/security/sl_component/sl_mbedtls_support/src/mbedtls_sha.o
                0x000087be                mbedtls_sha256_finish
 .text.sli_crypto_transparent_hash_update
                0x000087d6      0x102 build/debug/sdk/platform/security/sl_component/sl_psa_driver/src/sli_crypto_transparent_driver_hash.o
                0x000087d6                sli_crypto_transparent_hash_update
 .text.sli_crypto_transparent_hash_abort
                0x000088d8       0x10 build/debug/sdk/platform/security/sl_component/sl_psa_driver/src/sli_crypto_transparent_driver_hash.o
                0x000088d8                sli_crypto_transparent_hash_abort
 .text.sli_crypto_transparent_driver_init
                0x000088e8        0x4 build/debug/sdk/platform/security/sl_component/sl_psa_driver/src/sli_psa_driver_init.o
                0x000088e8                sli_crypto_transparent_driver_init
 .text.mbedtls_psa_external_get_random
                0x000088ec       0x3a build/debug/sdk/platform/security/sl_component/sl_psa_driver/src/sli_psa_trng.o
                0x000088ec                mbedtls_psa_external_get_random
 .text.sl_iostream_write
                0x00008926       0x22 build/debug/sdk/platform/service/iostream/src/sl_iostream.o
                0x00008926                sl_iostream_write
 .text.sl_iostream_read
                0x00008948       0x30 build/debug/sdk/platform/service/iostream/src/sl_iostream.o
                0x00008948                sl_iostream_read
 .text.rtt_read
                0x00008978       0x16 build/debug/sdk/platform/service/iostream/src/sl_iostream_rtt.o
 .text.rtt_write
                0x0000898e        0xc build/debug/sdk/platform/service/iostream/src/sl_iostream_rtt.o
 .text.sl_system_init
                0x0000899a       0x1a build/debug/sdk/platform/service/system/src/sl_system_init.o
                0x0000899a                sl_system_init
 .text.sl_system_process_action
                0x000089b4       0x16 build/debug/sdk/platform/service/system/src/sl_system_process_action.o
                0x000089b4                sl_system_process_action
 .text.sl_calloc
                0x000089ca       0x20 build/debug/sdk/util/silicon_labs/silabs_core/memory_manager/sl_malloc.o
                0x000089ca                sl_calloc
 .text.sl_free  0x000089ea       0x1a build/debug/sdk/util/silicon_labs/silabs_core/memory_manager/sl_malloc.o
                0x000089ea                sl_free
 .text.asn1_get_sequence_of_cb
                0x00008a04       0x34 build/debug/sdk/util/third_party/mbedtls/library/asn1parse.o
 .text.mbedtls_asn1_get_len
                0x00008a38       0x90 build/debug/sdk/util/third_party/mbedtls/library/asn1parse.o
                0x00008a38                mbedtls_asn1_get_len
 .text.mbedtls_asn1_get_tag
                0x00008ac8       0x28 build/debug/sdk/util/third_party/mbedtls/library/asn1parse.o
                0x00008ac8                mbedtls_asn1_get_tag
 .text.asn1_get_tagged_int
                0x00008af0       0x68 build/debug/sdk/util/third_party/mbedtls/library/asn1parse.o
 .text.mbedtls_asn1_get_bool
                0x00008b58       0x30 build/debug/sdk/util/third_party/mbedtls/library/asn1parse.o
                0x00008b58                mbedtls_asn1_get_bool
 .text.mbedtls_asn1_get_int
                0x00008b88        0x8 build/debug/sdk/util/third_party/mbedtls/library/asn1parse.o
                0x00008b88                mbedtls_asn1_get_int
 .text.mbedtls_asn1_get_bitstring
                0x00008b90       0x40 build/debug/sdk/util/third_party/mbedtls/library/asn1parse.o
                0x00008b90                mbedtls_asn1_get_bitstring
 .text.mbedtls_asn1_traverse_sequence_of
                0x00008bd0       0x90 build/debug/sdk/util/third_party/mbedtls/library/asn1parse.o
                0x00008bd0                mbedtls_asn1_traverse_sequence_of
 .text.mbedtls_asn1_get_bitstring_null
                0x00008c60       0x28 build/debug/sdk/util/third_party/mbedtls/library/asn1parse.o
                0x00008c60                mbedtls_asn1_get_bitstring_null
 .text.mbedtls_asn1_get_alg
                0x00008c88       0x94 build/debug/sdk/util/third_party/mbedtls/library/asn1parse.o
                0x00008c88                mbedtls_asn1_get_alg
 .text.mbedtls_asn1_free_named_data
                0x00008d1c       0x20 build/debug/sdk/util/third_party/mbedtls/library/asn1parse.o
                0x00008d1c                mbedtls_asn1_free_named_data
 .text.mbedtls_asn1_free_named_data_list
                0x00008d3c       0x1c build/debug/sdk/util/third_party/mbedtls/library/asn1parse.o
                0x00008d3c                mbedtls_asn1_free_named_data_list
 .text.mbedtls_asn1_write_len
                0x00008d58       0xe8 build/debug/sdk/util/third_party/mbedtls/library/asn1write.o
                0x00008d58                mbedtls_asn1_write_len
 .text.mbedtls_asn1_write_tag
                0x00008e40       0x1c build/debug/sdk/util/third_party/mbedtls/library/asn1write.o
                0x00008e40                mbedtls_asn1_write_tag
 .text.asn1_write_tagged_int
                0x00008e5c       0x76 build/debug/sdk/util/third_party/mbedtls/library/asn1write.o
 .text.mbedtls_asn1_write_raw_buffer
                0x00008ed2       0x2a build/debug/sdk/util/third_party/mbedtls/library/asn1write.o
                0x00008ed2                mbedtls_asn1_write_raw_buffer
 .text.mbedtls_asn1_write_null
                0x00008efc       0x26 build/debug/sdk/util/third_party/mbedtls/library/asn1write.o
                0x00008efc                mbedtls_asn1_write_null
 .text.mbedtls_asn1_write_oid
                0x00008f22       0x36 build/debug/sdk/util/third_party/mbedtls/library/asn1write.o
                0x00008f22                mbedtls_asn1_write_oid
 .text.mbedtls_asn1_write_algorithm_identifier
                0x00008f58       0x54 build/debug/sdk/util/third_party/mbedtls/library/asn1write.o
                0x00008f58                mbedtls_asn1_write_algorithm_identifier
 .text.mbedtls_asn1_write_bool
                0x00008fac       0x48 build/debug/sdk/util/third_party/mbedtls/library/asn1write.o
                0x00008fac                mbedtls_asn1_write_bool
 .text.mbedtls_asn1_write_int
                0x00008ff4        0x6 build/debug/sdk/util/third_party/mbedtls/library/asn1write.o
                0x00008ff4                mbedtls_asn1_write_int
 .text.mbedtls_asn1_write_tagged_string
                0x00008ffa       0x40 build/debug/sdk/util/third_party/mbedtls/library/asn1write.o
                0x00008ffa                mbedtls_asn1_write_tagged_string
 .text.mbedtls_asn1_write_octet_string
                0x0000903a       0x36 build/debug/sdk/util/third_party/mbedtls/library/asn1write.o
                0x0000903a                mbedtls_asn1_write_octet_string
 .text.mbedtls_asn1_store_named_data
                0x00009070       0xc0 build/debug/sdk/util/third_party/mbedtls/library/asn1write.o
                0x00009070                mbedtls_asn1_store_named_data
 .text.mbedtls_base64_encode
                0x00009130      0x10e build/debug/sdk/util/third_party/mbedtls/library/base64.o
                0x00009130                mbedtls_base64_encode
 .text.mpi_bigendian_to_host.part.0
                0x0000923e       0x24 build/debug/sdk/util/third_party/mbedtls/library/bignum.o
 .text.mpi_fill_random_internal
                0x00009262       0x64 build/debug/sdk/util/third_party/mbedtls/library/bignum.o
 .text.mbedtls_mpi_init
                0x000092c6        0xc build/debug/sdk/util/third_party/mbedtls/library/bignum.o
                0x000092c6                mbedtls_mpi_init
 .text.mbedtls_mpi_free
                0x000092d2       0x24 build/debug/sdk/util/third_party/mbedtls/library/bignum.o
                0x000092d2                mbedtls_mpi_free
 .text.mbedtls_mpi_grow
                0x000092f6       0x4e build/debug/sdk/util/third_party/mbedtls/library/bignum.o
                0x000092f6                mbedtls_mpi_grow
 .text.mbedtls_mpi_resize_clear
                0x00009344       0x36 build/debug/sdk/util/third_party/mbedtls/library/bignum.o
 .text.mbedtls_mpi_copy
                0x0000937a       0x68 build/debug/sdk/util/third_party/mbedtls/library/bignum.o
                0x0000937a                mbedtls_mpi_copy
 .text.mbedtls_mpi_lset
                0x000093e2       0x38 build/debug/sdk/util/third_party/mbedtls/library/bignum.o
                0x000093e2                mbedtls_mpi_lset
 .text.mbedtls_mpi_get_bit
                0x0000941a       0x20 build/debug/sdk/util/third_party/mbedtls/library/bignum.o
                0x0000941a                mbedtls_mpi_get_bit
 .text.mbedtls_mpi_lsb
                0x0000943a       0x3a build/debug/sdk/util/third_party/mbedtls/library/bignum.o
                0x0000943a                mbedtls_mpi_lsb
 .text.mbedtls_mpi_bitlen
                0x00009474       0x3e build/debug/sdk/util/third_party/mbedtls/library/bignum.o
                0x00009474                mbedtls_mpi_bitlen
 .text.mbedtls_mpi_size
                0x000094b2        0xc build/debug/sdk/util/third_party/mbedtls/library/bignum.o
                0x000094b2                mbedtls_mpi_size
 .text.mbedtls_mpi_read_binary
                0x000094be       0x42 build/debug/sdk/util/third_party/mbedtls/library/bignum.o
                0x000094be                mbedtls_mpi_read_binary
 .text.mbedtls_mpi_write_binary
                0x00009500       0x6a build/debug/sdk/util/third_party/mbedtls/library/bignum.o
                0x00009500                mbedtls_mpi_write_binary
 .text.mbedtls_mpi_shift_l
                0x0000956a       0xa0 build/debug/sdk/util/third_party/mbedtls/library/bignum.o
                0x0000956a                mbedtls_mpi_shift_l
 .text.mbedtls_mpi_shift_r
                0x0000960a       0x76 build/debug/sdk/util/third_party/mbedtls/library/bignum.o
                0x0000960a                mbedtls_mpi_shift_r
 .text.mbedtls_mpi_cmp_abs
                0x00009680       0x6a build/debug/sdk/util/third_party/mbedtls/library/bignum.o
                0x00009680                mbedtls_mpi_cmp_abs
 .text.mbedtls_mpi_cmp_mpi
                0x000096ea       0x82 build/debug/sdk/util/third_party/mbedtls/library/bignum.o
                0x000096ea                mbedtls_mpi_cmp_mpi
 .text.mbedtls_mpi_cmp_int
                0x0000976c       0x2c build/debug/sdk/util/third_party/mbedtls/library/bignum.o
                0x0000976c                mbedtls_mpi_cmp_int
 .text.mbedtls_mpi_add_abs
                0x00009798       0xae build/debug/sdk/util/third_party/mbedtls/library/bignum.o
                0x00009798                mbedtls_mpi_add_abs
 .text.mbedtls_mpi_sub_abs
                0x00009846       0xde build/debug/sdk/util/third_party/mbedtls/library/bignum.o
                0x00009846                mbedtls_mpi_sub_abs
 .text.mbedtls_mpi_add_mpi
                0x00009924       0x44 build/debug/sdk/util/third_party/mbedtls/library/bignum.o
                0x00009924                mbedtls_mpi_add_mpi
 .text.mbedtls_mpi_sub_mpi
                0x00009968       0x46 build/debug/sdk/util/third_party/mbedtls/library/bignum.o
                0x00009968                mbedtls_mpi_sub_mpi
 .text.mbedtls_mpi_sub_int
                0x000099ae       0x2c build/debug/sdk/util/third_party/mbedtls/library/bignum.o
                0x000099ae                mbedtls_mpi_sub_int
 .text.mbedtls_mpi_core_mla
                0x000099da      0x172 build/debug/sdk/util/third_party/mbedtls/library/bignum.o
                0x000099da                mbedtls_mpi_core_mla
 .text.mbedtls_mpi_mul_mpi
                0x00009b4c       0xf2 build/debug/sdk/util/third_party/mbedtls/library/bignum.o
                0x00009b4c                mbedtls_mpi_mul_mpi
 .text.mbedtls_mpi_mul_int
                0x00009c3e       0x62 build/debug/sdk/util/third_party/mbedtls/library/bignum.o
                0x00009c3e                mbedtls_mpi_mul_int
 .text.mbedtls_mpi_div_mpi
                0x00009ca0      0x32c build/debug/sdk/util/third_party/mbedtls/library/bignum.o
                0x00009ca0                mbedtls_mpi_div_mpi
 .text.mbedtls_mpi_mod_mpi
                0x00009fcc       0x64 build/debug/sdk/util/third_party/mbedtls/library/bignum.o
                0x00009fcc                mbedtls_mpi_mod_mpi
 .text.mbedtls_mpi_gcd
                0x0000a030       0xfa build/debug/sdk/util/third_party/mbedtls/library/bignum.o
                0x0000a030                mbedtls_mpi_gcd
 .text.mbedtls_mpi_random
                0x0000a12a       0xde build/debug/sdk/util/third_party/mbedtls/library/bignum.o
                0x0000a12a                mbedtls_mpi_random
 .text.mbedtls_mpi_inv_mod
                0x0000a208      0x2b8 build/debug/sdk/util/third_party/mbedtls/library/bignum.o
                0x0000a208                mbedtls_mpi_inv_mod
 .text.mbedtls_ct_uchar_mask_of_range
                0x0000a4c0       0x10 build/debug/sdk/util/third_party/mbedtls/library/constant_time.o
 .text.mbedtls_ct_mpi_uint_lt
                0x0000a4d0        0xe build/debug/sdk/util/third_party/mbedtls/library/constant_time.o
                0x0000a4d0                mbedtls_ct_mpi_uint_lt
 .text.mbedtls_ct_mpi_uint_cond_assign
                0x0000a4de       0x24 build/debug/sdk/util/third_party/mbedtls/library/constant_time.o
                0x0000a4de                mbedtls_ct_mpi_uint_cond_assign
 .text.mbedtls_ct_base64_enc_char
                0x0000a502       0x58 build/debug/sdk/util/third_party/mbedtls/library/constant_time.o
                0x0000a502                mbedtls_ct_base64_enc_char
 .text.mbedtls_mpi_safe_cond_assign
                0x0000a55a       0x5e build/debug/sdk/util/third_party/mbedtls/library/constant_time.o
                0x0000a55a                mbedtls_mpi_safe_cond_assign
 .text.mbedtls_mpi_lt_mpi_ct
                0x0000a5b8       0x88 build/debug/sdk/util/third_party/mbedtls/library/constant_time.o
                0x0000a5b8                mbedtls_mpi_lt_mpi_ct
 .text.derive_mpi
                0x0000a640       0x5a build/debug/sdk/util/third_party/mbedtls/library/ecdsa.o
 .text.mbedtls_ecdsa_sign
                0x0000a69a       0x20 build/debug/sdk/util/third_party/mbedtls/library/ecdsa.o
                0x0000a69a                mbedtls_ecdsa_sign
 .text.mbedtls_ecdsa_verify
                0x0000a6ba        0x4 build/debug/sdk/util/third_party/mbedtls/library/ecdsa.o
                0x0000a6ba                mbedtls_ecdsa_verify
 .text.mbedtls_ecdsa_init
                0x0000a6be        0x4 build/debug/sdk/util/third_party/mbedtls/library/ecdsa.o
                0x0000a6be                mbedtls_ecdsa_init
 .text.mbedtls_ecdsa_free
                0x0000a6c2        0x8 build/debug/sdk/util/third_party/mbedtls/library/ecdsa.o
                0x0000a6c2                mbedtls_ecdsa_free
 .text.mbedtls_ecdsa_from_keypair
                0x0000a6ca       0x38 build/debug/sdk/util/third_party/mbedtls/library/ecdsa.o
                0x0000a6ca                mbedtls_ecdsa_from_keypair
 .text.ecp_safe_invert_jac
                0x0000a702       0x4a build/debug/sdk/util/third_party/mbedtls/library/ecp.o
 .text.mbedtls_mpi_add_mod
                0x0000a74c       0x38 build/debug/sdk/util/third_party/mbedtls/library/ecp.o
 .text.mbedtls_ecp_point_free.part.0
                0x0000a784       0x1c build/debug/sdk/util/third_party/mbedtls/library/ecp.o
 .text.ecp_select_comb.constprop.0
                0x0000a7a0       0x82 build/debug/sdk/util/third_party/mbedtls/library/ecp.o
 .text.mbedtls_ecp_get_type
                0x0000a822       0x12 build/debug/sdk/util/third_party/mbedtls/library/ecp.o
                0x0000a822                mbedtls_ecp_get_type
 .text.mbedtls_ecp_point_init
                0x0000a834       0x1c build/debug/sdk/util/third_party/mbedtls/library/ecp.o
                0x0000a834                mbedtls_ecp_point_init
 .text.mbedtls_ecp_group_init
                0x0000a850       0x42 build/debug/sdk/util/third_party/mbedtls/library/ecp.o
                0x0000a850                mbedtls_ecp_group_init
 .text.mbedtls_ecp_keypair_init
                0x0000a892       0x1c build/debug/sdk/util/third_party/mbedtls/library/ecp.o
                0x0000a892                mbedtls_ecp_keypair_init
 .text.mbedtls_ecp_point_free
                0x0000a8ae        0x8 build/debug/sdk/util/third_party/mbedtls/library/ecp.o
                0x0000a8ae                mbedtls_ecp_point_free
 .text.mbedtls_ecp_group_free
                0x0000a8b6       0x62 build/debug/sdk/util/third_party/mbedtls/library/ecp.o
                0x0000a8b6                mbedtls_ecp_group_free
 .text.mbedtls_ecp_keypair_free
                0x0000a918       0x20 build/debug/sdk/util/third_party/mbedtls/library/ecp.o
                0x0000a918                mbedtls_ecp_keypair_free
 .text.mbedtls_ecp_copy
                0x0000a938       0x2c build/debug/sdk/util/third_party/mbedtls/library/ecp.o
                0x0000a938                mbedtls_ecp_copy
 .text.mbedtls_ecp_group_copy
                0x0000a964        0x6 build/debug/sdk/util/third_party/mbedtls/library/ecp.o
                0x0000a964                mbedtls_ecp_group_copy
 .text.mbedtls_ecp_set_zero
                0x0000a96a       0x28 build/debug/sdk/util/third_party/mbedtls/library/ecp.o
                0x0000a96a                mbedtls_ecp_set_zero
 .text.mbedtls_ecp_is_zero
                0x0000a992       0x12 build/debug/sdk/util/third_party/mbedtls/library/ecp.o
                0x0000a992                mbedtls_ecp_is_zero
 .text.mbedtls_ecp_mul_shortcuts.isra.0
                0x0000a9a4       0x9e build/debug/sdk/util/third_party/mbedtls/library/ecp.o
 .text.mbedtls_ecp_mul
                0x0000aa42       0x16 build/debug/sdk/util/third_party/mbedtls/library/ecp.o
                0x0000aa42                mbedtls_ecp_mul
 .text.mbedtls_ecp_gen_keypair_base
                0x0000aa58       0x34 build/debug/sdk/util/third_party/mbedtls/library/ecp.o
                0x0000aa58                mbedtls_ecp_gen_keypair_base
 .text.mbedtls_ecp_gen_keypair
                0x0000aa8c       0x18 build/debug/sdk/util/third_party/mbedtls/library/ecp.o
                0x0000aa8c                mbedtls_ecp_gen_keypair
 .text.mbedtls_ecp_gen_key
                0x0000aaa4       0x28 build/debug/sdk/util/third_party/mbedtls/library/ecp.o
                0x0000aaa4                mbedtls_ecp_gen_key
 .text.mbedtls_md_get_size
                0x0000aacc        0x6 build/debug/sdk/util/third_party/mbedtls/library/md.o
                0x0000aacc                mbedtls_md_get_size
 .text.mbedtls_oid_get_sig_alg
                0x0000aad2       0x20 build/debug/sdk/util/third_party/mbedtls/library/oid.o
                0x0000aad2                mbedtls_oid_get_sig_alg
 .text.mbedtls_pk_init
                0x0000aaf2        0x8 build/debug/sdk/util/third_party/mbedtls/library/pk.o
                0x0000aaf2                mbedtls_pk_init
 .text.mbedtls_pk_free
                0x0000aafa       0x1e build/debug/sdk/util/third_party/mbedtls/library/pk.o
                0x0000aafa                mbedtls_pk_free
 .text.mbedtls_pk_can_do
                0x0000ab18       0x12 build/debug/sdk/util/third_party/mbedtls/library/pk.o
                0x0000ab18                mbedtls_pk_can_do
 .text.mbedtls_pk_sign
                0x0000ab2a       0x24 build/debug/sdk/util/third_party/mbedtls/library/pk.o
                0x0000ab2a                mbedtls_pk_sign
 .text.mbedtls_pk_get_type
                0x0000ab4e        0xa build/debug/sdk/util/third_party/mbedtls/library/pk.o
                0x0000ab4e                mbedtls_pk_get_type
 .text.psa_set_key_usage_flags
                0x0000ab58       0x14 build/debug/sdk/util/third_party/mbedtls/library/pk_wrap.o
 .text.mbedtls_ecc_group_to_psa
                0x0000ab6c       0x6c build/debug/sdk/util/third_party/mbedtls/library/pk_wrap.o
 .text.eckey_can_do
                0x0000abd8        0xc build/debug/sdk/util/third_party/mbedtls/library/pk_wrap.o
 .text.eckey_get_bitlen
                0x0000abe4        0x4 build/debug/sdk/util/third_party/mbedtls/library/pk_wrap.o
 .text.eckeydh_can_do
                0x0000abe8        0xc build/debug/sdk/util/third_party/mbedtls/library/pk_wrap.o
 .text.ecdsa_can_do
                0x0000abf4        0x8 build/debug/sdk/util/third_party/mbedtls/library/pk_wrap.o
 .text.pk_opaque_ecdsa_can_do
                0x0000abfc       0x10 build/debug/sdk/util/third_party/mbedtls/library/pk_wrap.o
 .text.pk_opaque_rsa_can_do
                0x0000ac0c        0xc build/debug/sdk/util/third_party/mbedtls/library/pk_wrap.o
 .text.eckey_free_wrap
                0x0000ac18       0x12 build/debug/sdk/util/third_party/mbedtls/library/pk_wrap.o
 .text.pk_opaque_alloc_wrap
                0x0000ac2a        0x8 build/debug/sdk/util/third_party/mbedtls/library/pk_wrap.o
 .text.eckey_alloc_wrap
                0x0000ac32       0x16 build/debug/sdk/util/third_party/mbedtls/library/pk_wrap.o
 .text.eckey_check_pair
                0x0000ac48        0x4 build/debug/sdk/util/third_party/mbedtls/library/pk_wrap.o
 .text.ecdsa_alloc_wrap
                0x0000ac4c       0x16 build/debug/sdk/util/third_party/mbedtls/library/pk_wrap.o
 .text.ecdsa_free_wrap
                0x0000ac62       0x12 build/debug/sdk/util/third_party/mbedtls/library/pk_wrap.o
 .text.pk_opaque_free_wrap
                0x0000ac74       0x14 build/debug/sdk/util/third_party/mbedtls/library/pk_wrap.o
 .text.asn1_write_mpibuf
                0x0000ac88       0x76 build/debug/sdk/util/third_party/mbedtls/library/pk_wrap.o
 .text.pk_ecdsa_sig_asn1_from_psa
                0x0000acfe       0x6a build/debug/sdk/util/third_party/mbedtls/library/pk_wrap.o
 .text.extract_ecdsa_sig_int
                0x0000ad68       0x5c build/debug/sdk/util/third_party/mbedtls/library/pk_wrap.o
 .text.pk_opaque_get_bitlen
                0x0000adc4       0x2e build/debug/sdk/util/third_party/mbedtls/library/pk_wrap.o
 .text.eckey_sign_wrap
                0x0000adf2       0x4c build/debug/sdk/util/third_party/mbedtls/library/pk_wrap.o
 .text.eckey_verify_wrap
                0x0000ae3e       0x40 build/debug/sdk/util/third_party/mbedtls/library/pk_wrap.o
 .text.mbedtls_pk_ec
                0x0000ae7e       0x1e build/debug/sdk/util/third_party/mbedtls/library/pkparse.o
 .text.pk_write_ec_pubkey
                0x0000ae9c       0x46 build/debug/sdk/util/third_party/mbedtls/library/pkwrite.o
 .text.pk_write_ec_param.isra.0
                0x0000aee2       0x22 build/debug/sdk/util/third_party/mbedtls/library/pkwrite.o
 .text.key_type_is_raw_bytes
                0x0000af04       0x18 build/debug/sdk/util/third_party/mbedtls/library/psa_crypto.o
 .text.psa_sign_internal
                0x0000af1c       0xd8 build/debug/sdk/util/third_party/mbedtls/library/psa_crypto.o
 .text.psa_verify_internal
                0x0000aff4       0x86 build/debug/sdk/util/third_party/mbedtls/library/psa_crypto.o
 .text.psa_finish_key_creation.constprop.0
                0x0000b07a       0x2c build/debug/sdk/util/third_party/mbedtls/library/psa_crypto.o
 .text.psa_start_key_creation.constprop.0
                0x0000b0a6       0x9c build/debug/sdk/util/third_party/mbedtls/library/psa_crypto.o
 .text.mbedtls_ecc_group_of_psa
                0x0000b142       0x14 build/debug/sdk/util/third_party/mbedtls/library/psa_crypto.o
                0x0000b142                mbedtls_ecc_group_of_psa
 .text.psa_validate_unstructured_key_bit_size
                0x0000b156       0x4a build/debug/sdk/util/third_party/mbedtls/library/psa_crypto.o
                0x0000b156                psa_validate_unstructured_key_bit_size
 .text.psa_allocate_buffer_to_slot
                0x0000b1a0       0x26 build/debug/sdk/util/third_party/mbedtls/library/psa_crypto.o
                0x0000b1a0                psa_allocate_buffer_to_slot
 .text.psa_copy_key_material_into_slot
                0x0000b1c6       0x20 build/debug/sdk/util/third_party/mbedtls/library/psa_crypto.o
                0x0000b1c6                psa_copy_key_material_into_slot
 .text.psa_import_key_into_slot
                0x0000b1e6       0x92 build/debug/sdk/util/third_party/mbedtls/library/psa_crypto.o
                0x0000b1e6                psa_import_key_into_slot
 .text.psa_remove_key_data_from_memory
                0x0000b278       0x1c build/debug/sdk/util/third_party/mbedtls/library/psa_crypto.o
                0x0000b278                psa_remove_key_data_from_memory
 .text.psa_wipe_key_slot
                0x0000b294       0x22 build/debug/sdk/util/third_party/mbedtls/library/psa_crypto.o
                0x0000b294                psa_wipe_key_slot
 .text.psa_destroy_key
                0x0000b2b6       0x4a build/debug/sdk/util/third_party/mbedtls/library/psa_crypto.o
                0x0000b2b6                psa_destroy_key
 .text.psa_get_key_attributes
                0x0000b300       0x3e build/debug/sdk/util/third_party/mbedtls/library/psa_crypto.o
                0x0000b300                psa_get_key_attributes
 .text.psa_export_public_key_internal
                0x0000b33e       0x74 build/debug/sdk/util/third_party/mbedtls/library/psa_crypto.o
                0x0000b33e                psa_export_public_key_internal
 .text.psa_export_public_key
                0x0000b3b2       0x7e build/debug/sdk/util/third_party/mbedtls/library/psa_crypto.o
                0x0000b3b2                psa_export_public_key
 .text.psa_import_key
                0x0000b430       0xe8 build/debug/sdk/util/third_party/mbedtls/library/psa_crypto.o
                0x0000b430                psa_import_key
 .text.psa_hash_compute
                0x0000b518       0x26 build/debug/sdk/util/third_party/mbedtls/library/psa_crypto.o
                0x0000b518                psa_hash_compute
 .text.psa_sign_hash
                0x0000b53e       0x1e build/debug/sdk/util/third_party/mbedtls/library/psa_crypto.o
                0x0000b53e                psa_sign_hash
 .text.psa_verify_hash
                0x0000b55c       0x1a build/debug/sdk/util/third_party/mbedtls/library/psa_crypto.o
                0x0000b55c                psa_verify_hash
 .text.mbedtls_psa_get_random
                0x0000b576       0x14 build/debug/sdk/util/third_party/mbedtls/library/psa_crypto.o
                0x0000b576                mbedtls_psa_get_random
 .text.psa_generate_key_internal
                0x0000b58a       0x4a build/debug/sdk/util/third_party/mbedtls/library/psa_crypto.o
                0x0000b58a                psa_generate_key_internal
 .text.psa_generate_key
                0x0000b5d4      0x14e build/debug/sdk/util/third_party/mbedtls/library/psa_crypto.o
                0x0000b5d4                psa_generate_key
 .text.psa_reset_key_attributes
                0x0000b722       0x18 build/debug/sdk/util/third_party/mbedtls/library/psa_crypto_client.o
                0x0000b722                psa_reset_key_attributes
 .text.psa_set_key_domain_parameters
                0x0000b73a       0x40 build/debug/sdk/util/third_party/mbedtls/library/psa_crypto_client.o
                0x0000b73a                psa_set_key_domain_parameters
 .text.psa_driver_wrapper_init
                0x0000b77a        0x4 build/debug/sdk/util/third_party/mbedtls/library/psa_crypto_driver_wrappers.o
                0x0000b77a                psa_driver_wrapper_init
 .text.psa_driver_wrapper_free
                0x0000b77e        0x2 build/debug/sdk/util/third_party/mbedtls/library/psa_crypto_driver_wrappers.o
                0x0000b77e                psa_driver_wrapper_free
 .text.psa_driver_wrapper_sign_message
                0x0000b780        0x4 build/debug/sdk/util/third_party/mbedtls/library/psa_crypto_driver_wrappers.o
                0x0000b780                psa_driver_wrapper_sign_message
 .text.psa_driver_wrapper_verify_message
                0x0000b784        0x4 build/debug/sdk/util/third_party/mbedtls/library/psa_crypto_driver_wrappers.o
                0x0000b784                psa_driver_wrapper_verify_message
 .text.psa_driver_wrapper_sign_hash
                0x0000b788       0x2c build/debug/sdk/util/third_party/mbedtls/library/psa_crypto_driver_wrappers.o
                0x0000b788                psa_driver_wrapper_sign_hash
 .text.psa_driver_wrapper_verify_hash
                0x0000b7b4       0x26 build/debug/sdk/util/third_party/mbedtls/library/psa_crypto_driver_wrappers.o
                0x0000b7b4                psa_driver_wrapper_verify_hash
 .text.psa_driver_wrapper_get_key_buffer_size_from_key_data
                0x0000b7da        0xa build/debug/sdk/util/third_party/mbedtls/library/psa_crypto_driver_wrappers.o
                0x0000b7da                psa_driver_wrapper_get_key_buffer_size_from_key_data
 .text.psa_driver_wrapper_get_key_buffer_size
                0x0000b7e4       0xae build/debug/sdk/util/third_party/mbedtls/library/psa_crypto_driver_wrappers.o
                0x0000b7e4                psa_driver_wrapper_get_key_buffer_size
 .text.psa_driver_wrapper_generate_key
                0x0000b892       0x1a build/debug/sdk/util/third_party/mbedtls/library/psa_crypto_driver_wrappers.o
                0x0000b892                psa_driver_wrapper_generate_key
 .text.psa_driver_wrapper_import_key
                0x0000b8ac       0x22 build/debug/sdk/util/third_party/mbedtls/library/psa_crypto_driver_wrappers.o
                0x0000b8ac                psa_driver_wrapper_import_key
 .text.psa_driver_wrapper_export_public_key
                0x0000b8ce       0x1e build/debug/sdk/util/third_party/mbedtls/library/psa_crypto_driver_wrappers.o
                0x0000b8ce                psa_driver_wrapper_export_public_key
 .text.psa_driver_wrapper_hash_compute
                0x0000b8ec       0x3a build/debug/sdk/util/third_party/mbedtls/library/psa_crypto_driver_wrappers.o
                0x0000b8ec                psa_driver_wrapper_hash_compute
 .text.mbedtls_psa_ecp_load_representation
                0x0000b926       0xf2 build/debug/sdk/util/third_party/mbedtls/library/psa_crypto_ecp.o
                0x0000b926                mbedtls_psa_ecp_load_representation
 .text.mbedtls_psa_ecp_import_key
                0x0000ba18       0x5c build/debug/sdk/util/third_party/mbedtls/library/psa_crypto_ecp.o
                0x0000ba18                mbedtls_psa_ecp_import_key
 .text.mbedtls_psa_ecp_export_public_key
                0x0000ba74       0x5c build/debug/sdk/util/third_party/mbedtls/library/psa_crypto_ecp.o
                0x0000ba74                mbedtls_psa_ecp_export_public_key
 .text.mbedtls_psa_hash_abort
                0x0000bad0       0x24 build/debug/sdk/util/third_party/mbedtls/library/psa_crypto_hash.o
                0x0000bad0                mbedtls_psa_hash_abort
 .text.mbedtls_psa_hash_update
                0x0000baf4       0x22 build/debug/sdk/util/third_party/mbedtls/library/psa_crypto_hash.o
                0x0000baf4                mbedtls_psa_hash_update
 .text.mbedtls_psa_hash_compute
                0x0000bb16       0x66 build/debug/sdk/util/third_party/mbedtls/library/psa_crypto_hash.o
                0x0000bb16                mbedtls_psa_hash_compute
 .text.psa_is_valid_key_id
                0x0000bb7c       0x22 build/debug/sdk/util/third_party/mbedtls/library/psa_crypto_slot_management.o
                0x0000bb7c                psa_is_valid_key_id
 .text.psa_unlock_key_slot
                0x0000bb9e       0x14 build/debug/sdk/util/third_party/mbedtls/library/psa_crypto_slot_management.o
                0x0000bb9e                psa_unlock_key_slot
 .text.psa_validate_key_location
                0x0000bbb2        0x4 build/debug/sdk/util/third_party/mbedtls/library/psa_crypto_slot_management.o
                0x0000bbb2                psa_validate_key_location
 .text.psa_validate_key_persistence
                0x0000bbb6        0xe build/debug/sdk/util/third_party/mbedtls/library/psa_crypto_slot_management.o
                0x0000bbb6                psa_validate_key_persistence
 .text.psa_open_key
                0x0000bbc4       0x30 build/debug/sdk/util/third_party/mbedtls/library/psa_crypto_slot_management.o
                0x0000bbc4                psa_open_key
 .text.psa_close_key
                0x0000bbf4       0x38 build/debug/sdk/util/third_party/mbedtls/library/psa_crypto_slot_management.o
                0x0000bbf4                psa_close_key
 .text.psa_is_key_present_in_storage
                0x0000bc2c       0x16 build/debug/sdk/util/third_party/mbedtls/library/psa_crypto_storage.o
                0x0000bc2c                psa_is_key_present_in_storage
 .text.psa_destroy_persistent_key
                0x0000bc42       0x36 build/debug/sdk/util/third_party/mbedtls/library/psa_crypto_storage.o
                0x0000bc42                psa_destroy_persistent_key
 .text.psa_save_persistent_key
                0x0000bc78       0xaa build/debug/sdk/util/third_party/mbedtls/library/psa_crypto_storage.o
                0x0000bc78                psa_save_persistent_key
 .text.psa_free_persistent_key_data
                0x0000bd22       0x14 build/debug/sdk/util/third_party/mbedtls/library/psa_crypto_storage.o
                0x0000bd22                psa_free_persistent_key_data
 .text.psa_load_persistent_key
                0x0000bd36       0xaa build/debug/sdk/util/third_party/mbedtls/library/psa_crypto_storage.o
                0x0000bd36                psa_load_persistent_key
 .text.mbedtls_x509_get_alg
                0x0000bde0        0xe build/debug/sdk/util/third_party/mbedtls/library/x509.o
                0x0000bde0                mbedtls_x509_get_alg
 .text.mbedtls_x509_write_names
                0x0000bdee       0xcc build/debug/sdk/util/third_party/mbedtls/library/x509_create.o
                0x0000bdee                mbedtls_x509_write_names
 .text.mbedtls_x509_write_sig
                0x0000beba       0x8a build/debug/sdk/util/third_party/mbedtls/library/x509_create.o
                0x0000beba                mbedtls_x509_write_sig
 .text.mbedtls_x509_write_extensions
                0x0000bf44       0xd4 build/debug/sdk/util/third_party/mbedtls/library/x509_create.o
                0x0000bf44                mbedtls_x509_write_extensions
 .text.mbedtls_x509_crt_init
                0x0000c018        0xa build/debug/sdk/util/third_party/mbedtls/library/x509_crt.o
                0x0000c018                mbedtls_x509_crt_init
 .text.mbedtls_x509_crt_free