Archive member included to satisfy reference by file (symbol)

lib/libCHIP.a(libCHIPDataModel.encoder.cpp.o)
                              obj/src/controller/java/libCHIPController.CHIPDeviceController-JNI.cpp.o (encodeOnOffClusterOffCommand)
lib/libCHIP.a(libBleLayer.BleLayer.cpp.o)
                              obj/src/controller/java/libCHIPController.CHIPDeviceController-JNI.cpp.o (chip::Ble::BleLayer::HandleConnectionError(void*, int))
lib/libCHIP.a(libBleLayer.BleUUID.cpp.o)
                              lib/libCHIP.a(libBleLayer.BleLayer.cpp.o) (chip::Ble::UUIDsMatch(chip::Ble::ChipBleUUID const*, chip::Ble::ChipBleUUID const*))
lib/libCHIP.a(libChipController.CHIPDeviceController.cpp.o)
                              obj/src/controller/java/libCHIPController.CHIPDeviceController-JNI.cpp.o (chip::DeviceController::ChipDeviceController::SendMessage(void*, chip::System::PacketBuffer*, unsigned long))
lib/libCHIP.a(libInetLayer.IPAddress-StringFuncts.cpp.o)
                              obj/src/controller/java/libCHIPController.CHIPDeviceController-JNI.cpp.o (chip::Inet::IPAddress::FromString(char const*, chip::Inet::IPAddress&))
lib/libCHIP.a(libInetLayer.IPAddress.cpp.o)
                              lib/libCHIP.a(libChipController.CHIPDeviceController.cpp.o) (chip::Inet::IPAddress::Any)
lib/libCHIP.a(libInetLayer.InetLayer.cpp.o)
                              obj/src/controller/java/libCHIPController.CHIPDeviceController-JNI.cpp.o (chip::Inet::InetLayer::PrepareSelect(int&, fd_set*, fd_set*, fd_set*, timeval&))
lib/libCHIP.a(libInetLayer.InetLayerBasis.cpp.o)
                              lib/libCHIP.a(libInetLayer.InetLayer.cpp.o) (chip::Inet::SocketEvents::SetFDs(int, int&, fd_set*, fd_set*, fd_set*))
lib/libCHIP.a(libInetLayer.RawEndPoint.cpp.o)
                              lib/libCHIP.a(libInetLayer.InetLayer.cpp.o) (chip::Inet::RawEndPoint::HandlePendingIO())
lib/libCHIP.a(libInetLayer.TCPEndPoint.cpp.o)
                              lib/libCHIP.a(libInetLayer.InetLayer.cpp.o) (chip::Inet::TCPEndPoint::IsConnected(int))
lib/libCHIP.a(libInetLayer.UDPEndPoint.cpp.o)
                              lib/libCHIP.a(libInetLayer.InetLayer.cpp.o) (chip::Inet::UDPEndPoint::HandlePendingIO())
lib/libCHIP.a(libInetLayer.DNSResolver.cpp.o)
                              lib/libCHIP.a(libInetLayer.InetLayer.cpp.o) (chip::Inet::DNSResolver::sPool)
lib/libCHIP.a(libInetLayer.AsyncDNSResolverSockets.cpp.o)
                              lib/libCHIP.a(libInetLayer.InetLayer.cpp.o) (chip::Inet::AsyncDNSResolverSockets::EnqueueRequest(chip::Inet::DNSResolver&))
lib/libCHIP.a(libInetLayer.InetFaultInjection.cpp.o)
                              lib/libCHIP.a(libInetLayer.InetLayer.cpp.o) (chip::Inet::FaultInjection::GetManager())
lib/libCHIP.a(libSupportLayer.CHIPMem.cpp.o)
                              obj/src/controller/java/libCHIPController.CHIPDeviceController-JNI.cpp.o (chip::Platform::MemoryInit(void*, unsigned long))
lib/libCHIP.a(libSupportLayer.ErrorStr.cpp.o)
                              obj/src/controller/java/libCHIPController.CHIPDeviceController-JNI.cpp.o (chip::ErrorStr(int))
lib/libCHIP.a(libSupportLayer.CHIPLogging.cpp.o)
                              obj/src/controller/java/libCHIPController.AndroidDeviceControllerWrapper.cpp.o (chip::Logging::Log(unsigned char, unsigned char, char const*, ...))
lib/libCHIP.a(libSupportLayer.CHIPLoggingLogV.cpp.o)
                              lib/libCHIP.a(libSupportLayer.CHIPLogging.cpp.o) (chip::Logging::LogV(unsigned char, unsigned char, char const*, std::__va_list))
lib/libCHIP.a(libSupportLayer.CHIPMem-Malloc.cpp.o)
                              lib/libCHIP.a(libChipController.CHIPDeviceController.cpp.o) (chip::Platform::MemoryFree(void*))
lib/libCHIP.a(libSystemLayer.SystemError.cpp.o)
                              obj/src/controller/java/libCHIPController.CHIPDeviceController-JNI.cpp.o (chip::System::MapErrorPOSIX(int))
lib/libCHIP.a(libSystemLayer.SystemLayer.cpp.o)
                              lib/libCHIP.a(libInetLayer.InetLayer.cpp.o) (chip::System::Layer::StartTimer(unsigned int, void (*)(chip::System::Layer*, void*, int), void*))
lib/libCHIP.a(libSystemLayer.SystemObject.cpp.o)
                              lib/libCHIP.a(libInetLayer.InetLayer.cpp.o) (chip::System::Object::Release())
lib/libCHIP.a(libSystemLayer.SystemPacketBuffer.cpp.o)
                              lib/libCHIP.a(libInetLayer.TCPEndPoint.cpp.o) (chip::System::PacketBuffer::CompactHead())
lib/libCHIP.a(libSystemLayer.SystemStats.cpp.o)
                              lib/libCHIP.a(libInetLayer.InetLayer.cpp.o) (chip::System::Stats::GetHighWatermarks())
lib/libCHIP.a(libSystemLayer.SystemTimer.cpp.o)
                              lib/libCHIP.a(libSystemLayer.SystemLayer.cpp.o) (chip::System::Timer::ScheduleWork(void (*)(chip::System::Layer*, void*, int), void*))
lib/libCHIP.a(libSystemLayer.SystemWakeEvent.cpp.o)
[...]
Memory Configuration

Name             Origin             Length             Attributes
*default*        0x0000000000000000 0xffffffffffffffff

Linker script and memory map

LOAD /opt/android/android-ndk-r21b/toolchains/llvm/prebuilt/linux-x86_64/bin/../sysroot/usr/lib/aarch64-linux-android/24/crtbegin_so.o
START GROUP
LOAD obj/src/controller/java/libCHIPController.AndroidBleApplicationDelegate.cpp.o
LOAD obj/src/controller/java/libCHIPController.AndroidBleConnectionDelegate.cpp.o
LOAD obj/src/controller/java/libCHIPController.AndroidBlePlatformDelegate.cpp.o
LOAD obj/src/controller/java/libCHIPController.AndroidDeviceControllerWrapper.cpp.o
LOAD obj/src/controller/java/libCHIPController.AndroidDevicePairingDelegate.cpp.o
LOAD obj/src/controller/java/libCHIPController.CHIPDeviceController-JNI.cpp.o
LOAD lib/libCHIP.a
LOAD /opt/android/android-ndk-r21b/toolchains/llvm/prebuilt/linux-x86_64/bin/../sysroot/usr/lib/aarch64-linux-android/24/liblog.so
END GROUP
LOAD /opt/android/android-ndk-r21b/toolchains/llvm/prebuilt/linux-x86_64/bin/../sysroot/usr/lib/aarch64-linux-android/24/libc++.so
LOAD /opt/android/android-ndk-r21b/toolchains/llvm/prebuilt/linux-x86_64/bin/../sysroot/usr/lib/aarch64-linux-android/libc++_shared.so
LOAD /opt/android/android-ndk-r21b/toolchains/llvm/prebuilt/linux-x86_64/bin/../sysroot/usr/lib/aarch64-linux-android/24/libm.so
LOAD /opt/android/android-ndk-r21b/toolchains/llvm/prebuilt/linux-x86_64/bin/../lib/gcc/aarch64-linux-android/4.9.x/libgcc.a
LOAD /opt/android/android-ndk-r21b/toolchains/llvm/prebuilt/linux-x86_64/bin/../sysroot/usr/lib/aarch64-linux-android/24/libcompiler_rt-extras.a
LOAD /opt/android/android-ndk-r21b/toolchains/llvm/prebuilt/linux-x86_64/bin/../lib/gcc/aarch64-linux-android/4.9.x/libgcc_real.a
LOAD /opt/android/android-ndk-r21b/toolchains/llvm/prebuilt/linux-x86_64/bin/../sysroot/usr/lib/aarch64-linux-android/24/libdl.so
LOAD /opt/android/android-ndk-r21b/toolchains/llvm/prebuilt/linux-x86_64/bin/../sysroot/usr/lib/aarch64-linux-android/24/libc.so
LOAD /opt/android/android-ndk-r21b/toolchains/llvm/prebuilt/linux-x86_64/bin/../lib/gcc/aarch64-linux-android/4.9.x/libgcc.a
LOAD /opt/android/android-ndk-r21b/toolchains/llvm/prebuilt/linux-x86_64/bin/../sysroot/usr/lib/aarch64-linux-android/24/libcompiler_rt-extras.a
LOAD /opt/android/android-ndk-r21b/toolchains/llvm/prebuilt/linux-x86_64/bin/../lib/gcc/aarch64-linux-android/4.9.x/libgcc_real.a
LOAD /opt/android/android-ndk-r21b/toolchains/llvm/prebuilt/linux-x86_64/bin/../sysroot/usr/lib/aarch64-linux-android/24/libdl.so
LOAD /opt/android/android-ndk-r21b/toolchains/llvm/prebuilt/linux-x86_64/bin/../sysroot/usr/lib/aarch64-linux-android/24/crtend_so.o
                0x0000000000000190                . = (0x0 + SIZEOF_HEADERS)

.note.gnu.build-id
 *(.note.gnu.build-id)

.hash           0x0000000000000190     0x2f3c
 *(.hash)
 .hash          0x0000000000000190     0x2f3c /opt/android/android-ndk-r21b/toolchains/llvm/prebuilt/linux-x86_64/bin/../sysroot/usr/lib/aarch64-linux-android/24/crtbegin_so.o

.gnu.hash       0x00000000000030d0     0x3594
 *(.gnu.hash)
 .gnu.hash      0x00000000000030d0     0x3594 /opt/android/android-ndk-r21b/toolchains/llvm/prebuilt/linux-x86_64/bin/../sysroot/usr/lib/aarch64-linux-android/24/crtbegin_so.o

.dynsym         0x0000000000006668     0xba90
 *(.dynsym)
 .dynsym        0x0000000000006668     0xba90 /opt/android/android-ndk-r21b/toolchains/llvm/prebuilt/linux-x86_64/bin/../sysroot/usr/lib/aarch64-linux-android/24/crtbegin_so.o

.dynstr         0x00000000000120f8    0x15791
 *(.dynstr)
 .dynstr        0x00000000000120f8    0x15791 /opt/android/android-ndk-r21b/toolchains/llvm/prebuilt/linux-x86_64/bin/../sysroot/usr/lib/aarch64-linux-android/24/crtbegin_so.o

.gnu.version    0x000000000002788a      0xf8c
 *(.gnu.version)
 .gnu.version   0x000000000002788a      0xf8c /opt/android/android-ndk-r21b/toolchains/llvm/prebuilt/linux-x86_64/bin/../sysroot/usr/lib/aarch64-linux-android/24/crtbegin_so.o

.gnu.version_d  0x0000000000028818        0x0
 *(.gnu.version_d)
 .gnu.version_d
                0x0000000000028818        0x0 /opt/android/android-ndk-r21b/toolchains/llvm/prebuilt/linux-x86_64/bin/../sysroot/usr/lib/aarch64-linux-android/24/crtbegin_so.o

.gnu.version_r  0x0000000000028818       0x30
 *(.gnu.version_r)
 .gnu.version_r
                0x0000000000028818       0x30 /opt/android/android-ndk-r21b/toolchains/llvm/prebuilt/linux-x86_64/bin/../sysroot/usr/lib/aarch64-linux-android/24/crtbegin_so.o

.rela.dyn       0x0000000000028848     0x5d18
 *(.rela.init)
 *(.rela.text .rela.text.* .rela.gnu.linkonce.t.*)
 *(.rela.fini)
 *(.rela.rodata .rela.rodata.* .rela.gnu.linkonce.r.*)
 *(.rela.data .rela.data.* .rela.gnu.linkonce.d.*)
 .rela.data.rel.ro
                0x0000000000028848       0x18 /opt/android/android-ndk-r21b/toolchains/llvm/prebuilt/linux-x86_64/bin/../sysroot/usr/lib/aarch64-linux-android/24/crtbegin_so.o
 .rela.data.rel.ro._ZTV29AndroidBleApplicationDelegate
                0x0000000000028860       0x18 /opt/android/android-ndk-r21b/toolchains/llvm/prebuilt/linux-x86_64/bin/../sysroot/usr/lib/aarch64-linux-android/24/crtbegin_so.o
 .rela.data.rel.ro._ZTVN4chip3Ble22BleApplicationDelegateE
                0x0000000000028878       0x18 /opt/android/android-ndk-r21b/toolchains/llvm/prebuilt/linux-x86_64/bin/../sysroot/usr/lib/aarch64-linux-android/24/crtbegin_so.o
 .rela.data.rel.ro._ZTV28AndroidBleConnectionDelegate
                0x0000000000028890       0x18 /opt/android/android-ndk-r21b/toolchains/llvm/prebuilt/linux-x86_64/bin/../sysroot/usr/lib/aarch64-linux-android/24/crtbegin_so.o
 .rela.data.rel.ro._ZTV26AndroidBlePlatformDelegate
                0x00000000000288a8       0xc0 /opt/android/android-ndk-r21b/toolchains/llvm/prebuilt/linux-x86_64/bin/../sysroot/usr/lib/aarch64-linux-android/24/crtbegin_so.o
 .rela.data.rel.ro._ZTVN4chip3Ble19BlePlatformDelegateE
                0x0000000000028968       0xc0 /opt/android/android-ndk-r21b/toolchains/llvm/prebuilt/linux-x86_64/bin/../sysroot/usr/lib/aarch64-linux-android/24/crtbegin_so.o
 .rela.data.rel.ro._ZTVN4chip16DeviceController21DevicePairingDelegateE
                0x0000000000028a28       0xa8 /opt/android/android-ndk-r21b/toolchains/llvm/prebuilt/linux-x86_64/bin/../sysroot/usr/lib/aarch64-linux-android/24/crtbegin_so.o
 .rela.data.rel.ro._ZTV28AndroidDevicePairingDelegate
                0x0000000000028ad0       0xa8 /opt/android/android-ndk-r21b/toolchains/llvm/prebuilt/linux-x86_64/bin/../sysroot/usr/lib/aarch64-linux-android/24/crtbegin_so.o
 .rela.data.rel.ro._ZTVN4chip3Ble21BleConnectionDelegateE
                0x0000000000028b78       0x18 /opt/android/android-ndk-r21b/toolchains/llvm/prebuilt/linux-x86_64/bin/../sysroot/usr/lib/aarch64-linux-android/24/crtbegin_so.o
 .rela.data.rel.ro._ZTVN4chip16DeviceController20ChipDeviceControllerE
                0x0000000000028b90      0x210 /opt/android/android-ndk-r21b/toolchains/llvm/prebuilt/linux-x86_64/bin/../sysroot/usr/lib/aarch64-linux-android/24/crtbegin_so.o
 .rela.data.rel.ro._ZTVN4chip24SecureSessionMgrDelegateE
                0x0000000000028da0       0x78 /opt/android/android-ndk-r21b/toolchains/llvm/prebuilt/linux-x86_64/bin/../sysroot/usr/lib/aarch64-linux-android/24/crtbegin_so.o
 .rela.data.rel.ro._ZTVN4chip25RendezvousSessionDelegateE
                0x0000000000028e18       0xc0 /opt/android/android-ndk-r21b/toolchains/llvm/prebuilt/linux-x86_64/bin/../sysroot/usr/lib/aarch64-linux-android/24/crtbegin_so.o
 .rela.data.rel.ro._ZTVN4chip16DeviceController31PersistentStorageResultDelegateE
                0x0000000000028ed8       0x60 /opt/android/android-ndk-r21b/toolchains/llvm/prebuilt/linux-x86_64/bin/../sysroot/usr/lib/aarch64-linux-android/24/crtbegin_so.o
 .rela.data.rel.ro._ZTVN4chip28SecurePairingSessionDelegateE
                0x0000000000028f38       0x78 /opt/android/android-ndk-r21b/toolchains/llvm/prebuilt/linux-x86_64/bin/../sysroot/usr/lib/aarch64-linux-android/24/crtbegin_so.o
 .rela.data.rel.ro._ZTVN4chip35RendezvousDeviceCredentialsDelegateE
                0x0000000000028fb0       0x48 /opt/android/android-ndk-r21b/toolchains/llvm/prebuilt/linux-x86_64/bin/../sysroot/usr/lib/aarch64-linux-android/24/crtbegin_so.o
 .rela.data.rel.ro._ZTVN4chip27NetworkProvisioningDelegateE
                0x0000000000028ff8       0x78 /opt/android/android-ndk-r21b/toolchains/llvm/prebuilt/linux-x86_64/bin/../sysroot/usr/lib/aarch64-linux-android/24/crtbegin_so.o
 .rela.data.rel.ro._ZTVN4chip28SecurePairingUsingTestSecretE
                0x0000000000029070       0x60 /opt/android/android-ndk-r21b/toolchains/llvm/prebuilt/linux-x86_64/bin/../sysroot/usr/lib/aarch64-linux-android/24/crtbegin_so.o
 .rela.data.rel.ro._ZTVN4chip16SecureSessionMgrIJNS_9Transport3UDPEEEE
                0x00000000000290d0       0x30 /opt/android/android-ndk-r21b/toolchains/llvm/prebuilt/linux-x86_64/bin/../sysroot/usr/lib/aarch64-linux-android/24/crtbegin_so.o
 .rela.data.rel.ro._ZTVN4chip9Transport5TupleIJNS0_3UDPEEEE
                0x0000000000029100       0x78 /opt/android/android-ndk-r21b/toolchains/llvm/prebuilt/linux-x86_64/bin/../sysroot/usr/lib/aarch64-linux-android/24/crtbegin_so.o
 .rela.data.rel.ro._ZTVN4chip9Transport4BaseE
                0x0000000000029178       0x78 /opt/android/android-ndk-r21b/toolchains/llvm/prebuilt/linux-x86_64/bin/../sysroot/usr/lib/aarch64-linux-android/24/crtbegin_so.o
 .rela.data.rel.ro._ZN4chip4Inet14FaultInjectionL11sFaultNamesE
                0x00000000000291f0       0x48 /opt/android/android-ndk-r21b/toolchains/llvm/prebuilt/linux-x86_64/bin/../sysroot/usr/lib/aarch64-linux-android/24/crtbegin_so.o
 .rela.data._ZZN4chip6System27RegisterLayerErrorFormatterEvE26sSystemLayerErrorFormatter
                0x0000000000029238       0x18 /opt/android/android-ndk-r21b/toolchains/llvm/prebuilt/linux-x86_64/bin/../sysroot/usr/lib/aarch64-linux-android/24/crtbegin_so.o
 .rela.data._ZZN4chip6System27RegisterPOSIXErrorFormatterEvE20sPOSIXErrorFormatter
                0x0000000000029250       0x18 /opt/android/android-ndk-r21b/toolchains/llvm/prebuilt/linux-x86_64/bin/../sysroot/usr/lib/aarch64-linux-android/24/crtbegin_so.o
 .rela.data.rel.ro._ZN4chip6System5StatsL13sStatsStringsE
                0x0000000000029268       0xf0 /opt/android/android-ndk-r21b/toolchains/llvm/prebuilt/linux-x86_64/bin/../sysroot/usr/lib/aarch64-linux-android/24/crtbegin_so.o
 .rela.data.rel.ro._ZN4chip6System14FaultInjectionL11sFaultNamesE
                0x0000000000029358       0x48 /opt/android/android-ndk-r21b/toolchains/llvm/prebuilt/linux-x86_64/bin/../sysroot/usr/lib/aarch64-linux-android/24/crtbegin_so.o
 .rela.data.rel.ro._ZTVN4chip17RendezvousSessionE
                0x00000000000293a0      0x2e8 /opt/android/android-ndk-r21b/toolchains/llvm/prebuilt/linux-x86_64/bin/../sysroot/usr/lib/aarch64-linux-android/24/crtbegin_so.o
 .rela.data._ZL23kSpake2pKeyExchangeSalt
                0x0000000000029688       0x18 /opt/android/android-ndk-r21b/toolchains/llvm/prebuilt/linux-x86_64/bin/../sysroot/usr/lib/aarch64-linux-android/24/crtbegin_so.o
 .rela.data._ZN4chip15kSpake2pContextE
                0x00000000000296a0       0x18 /opt/android/android-ndk-r21b/toolchains/llvm/prebuilt/linux-x86_64/bin/../sysroot/usr/lib/aarch64-linux-android/24/crtbegin_so.o
 .rela.data._ZN4chip22kSpake2pI2RSessionInfoE
                0x00000000000296b8       0x18 /opt/android/android-ndk-r21b/toolchains/llvm/prebuilt/linux-x86_64/bin/../sysroot/usr/lib/aarch64-linux-android/24/crtbegin_so.o
 .rela.data._ZN4chip22kSpake2pR2ISessionInfoE
                0x00000000000296d0       0x18 /opt/android/android-ndk-r21b/toolchains/llvm/prebuilt/linux-x86_64/bin/../sysroot/usr/lib/aarch64-linux-android/24/crtbegin_so.o
 .rela.data.rel.ro._ZTVN4chip20SecurePairingSessionE
                0x00000000000296e8       0x60 /opt/android/android-ndk-r21b/toolchains/llvm/prebuilt/linux-x86_64/bin/../sysroot/usr/lib/aarch64-linux-android/24/crtbegin_so.o
 .rela.data.rel.ro._ZTVN4chip20SecureSessionMgrBaseE
                0x0000000000029748       0x30 /opt/android/android-ndk-r21b/toolchains/llvm/prebuilt/linux-x86_64/bin/../sysroot/usr/lib/aarch64-linux-android/24/crtbegin_so.o
 .rela.data.rel.ro._ZTVN4chip9Transport3BLEE
                0x0000000000029778       0x78 /opt/android/android-ndk-r21b/toolchains/llvm/prebuilt/linux-x86_64/bin/../sysroot/usr/lib/aarch64-linux-android/24/crtbegin_so.o
 .rela.data._ZN2nl14FaultInjectionL9sRandomCbE
                0x00000000000297f0       0x30 /opt/android/android-ndk-r21b/toolchains/llvm/prebuilt/linux-x86_64/bin/../sysroot/usr/lib/aarch64-linux-android/24/crtbegin_so.o
 .rela.data._ZN2nl14FaultInjectionL21sEndOfCustomCallbacksE
                0x0000000000029820       0x18 /opt/android/android-ndk-r21b/toolchains/llvm/prebuilt/linux-x86_64/bin/../sysroot/usr/lib/aarch64-linux-android/24/crtbegin_so.o
 .rela.data._ZN2nl14FaultInjectionL16sDeterministicCbE
                0x0000000000029838       0x18 /opt/android/android-ndk-r21b/toolchains/llvm/prebuilt/linux-x86_64/bin/../sysroot/usr/lib/aarch64-linux-android/24/crtbegin_so.o
 .rela.data.rel.ro._ZTVN4chip9Transport3UDPE
                0x0000000000029850       0x78 /opt/android/android-ndk-r21b/toolchains/llvm/prebuilt/linux-x86_64/bin/../sysroot/usr/lib/aarch64-linux-android/24/crtbegin_so.o
 .rela.data._ZZN4chip3Ble27RegisterLayerErrorFormatterEvE23sBleLayerErrorFormatter
                0x00000000000298c8       0x18 /opt/android/android-ndk-r21b/toolchains/llvm/prebuilt/linux-x86_64/bin/../sysroot/usr/lib/aarch64-linux-android/24/crtbegin_so.o
 .rela.data.rel.ro._ZTVN4chip6Crypto7Spake2pE
                0x00000000000298e0      0x1e0 /opt/android/android-ndk-r21b/toolchains/llvm/prebuilt/linux-x86_64/bin/../sysroot/usr/lib/aarch64-linux-android/24/crtbegin_so.o
 .rela.data.rel.ro._ZTVN4chip6Crypto11P256KeypairE
                0x0000000000029ac0       0x78 /opt/android/android-ndk-r21b/toolchains/llvm/prebuilt/linux-x86_64/bin/../sysroot/usr/lib/aarch64-linux-android/24/crtbegin_so.o
 .rela.data.rel.ro._ZTVN4chip6Crypto13P256PublicKeyE
                0x0000000000029b38       0x90 /opt/android/android-ndk-r21b/toolchains/llvm/prebuilt/linux-x86_64/bin/../sysroot/usr/lib/aarch64-linux-android/24/crtbegin_so.o
 .rela.data.rel.ro._ZTVN4chip6Crypto29Spake2p_P256_SHA256_HKDF_HMACE
                0x0000000000029bc8      0x1e0 /opt/android/android-ndk-r21b/toolchains/llvm/prebuilt/linux-x86_64/bin/../sysroot/usr/lib/aarch64-linux-android/24/crtbegin_so.o
 .rela.data._ZZN4chip4Inet27RegisterLayerErrorFormatterEvE24sInetLayerErrorFormatter
                0x0000000000029da8       0x18 /opt/android/android-ndk-r21b/toolchains/llvm/prebuilt/linux-x86_64/bin/../sysroot/usr/lib/aarch64-linux-android/24/crtbegin_so.o
 .rela.data.rel.ro.aes_128_ecb_info
                0x0000000000029dc0       0x30 /opt/android/android-ndk-r21b/toolchains/llvm/prebuilt/linux-x86_64/bin/../sysroot/usr/lib/aarch64-linux-android/24/crtbegin_so.o
 .rela.data.rel.ro.aes_192_ecb_info
                0x0000000000029df0       0x30 /opt/android/android-ndk-r21b/toolchains/llvm/prebuilt/linux-x86_64/bin/../sysroot/usr/lib/aarch64-linux-android/24/crtbegin_so.o
 .rela.data.rel.ro.aes_256_ecb_info
                0x0000000000029e20       0x30 /opt/android/android-ndk-r21b/toolchains/llvm/prebuilt/linux-x86_64/bin/../sysroot/usr/lib/aarch64-linux-android/24/crtbegin_so.o
 .rela.data.rel.ro.aes_128_cbc_info
                0x0000000000029e50       0x30 /opt/android/android-ndk-r21b/toolchains/llvm/prebuilt/linux-x86_64/bin/../sysroot/usr/lib/aarch64-linux-android/24/crtbegin_so.o
 .rela.data.rel.ro.aes_192_cbc_info
                0x0000000000029e80       0x30 /opt/android/android-ndk-r21b/toolchains/llvm/prebuilt/linux-x86_64/bin/../sysroot/usr/lib/aarch64-linux-android/24/crtbegin_so.o
 .rela.data.rel.ro.aes_256_cbc_info
                0x0000000000029eb0       0x30 /opt/android/android-ndk-r21b/toolchains/llvm/prebuilt/linux-x86_64/bin/../sysroot/usr/lib/aarch64-linux-android/24/crtbegin_so.o
 .rela.data.rel.ro.aes_128_cfb128_info
                0x0000000000029ee0       0x30 /opt/android/android-ndk-r21b/toolchains/llvm/prebuilt/linux-x86_64/bin/../sysroot/usr/lib/aarch64-linux-android/24/crtbegin_so.o
 .rela.data.rel.ro.aes_192_cfb128_info
                0x0000000000029f10       0x30 /opt/android/android-ndk-r21b/toolchains/llvm/prebuilt/linux-x86_64/bin/../sysroot/usr/lib/aarch64-linux-android/24/crtbegin_so.o
 .rela.data.rel.ro.aes_256_cfb128_info
                0x0000000000029f40       0x30 /opt/android/android-ndk-r21b/toolchains/llvm/prebuilt/linux-x86_64/bin/../sysroot/usr/lib/aarch64-linux-android/24/crtbegin_so.o
 .rela.data.rel.ro.aes_128_ofb_info
                0x0000000000029f70       0x30 /opt/android/android-ndk-r21b/toolchains/llvm/prebuilt/linux-x86_64/bin/../sysroot/usr/lib/aarch64-linux-android/24/crtbegin_so.o
 .rela.data.rel.ro.aes_192_ofb_info
                0x0000000000029fa0       0x30 /opt/android/android-ndk-r21b/toolchains/llvm/prebuilt/linux-x86_64/bin/../sysroot/usr/lib/aarch64-linux-android/24/crtbegin_so.o
 .rela.data.rel.ro.aes_256_ofb_info
                0x0000000000029fd0       0x30 /opt/android/android-ndk-r21b/toolchains/llvm/prebuilt/linux-x86_64/bin/../sysroot/usr/lib/aarch64-linux-android/24/crtbegin_so.o
 .rela.data.rel.ro.aes_128_ctr_info
                0x000000000002a000       0x30 /opt/android/android-ndk-r21b/toolchains/llvm/prebuilt/linux-x86_64/bin/../sysroot/usr/lib/aarch64-linux-android/24/crtbegin_so.o
 .rela.data.rel.ro.aes_192_ctr_info
                0x000000000002a030       0x30 /opt/android/android-ndk-r21b/toolchains/llvm/prebuilt/linux-x86_64/bin/../sysroot/usr/lib/aarch64-linux-android/24/crtbegin_so.o
 .rela.data.rel.ro.aes_256_ctr_info
                0x000000000002a060       0x30 /opt/android/android-ndk-r21b/toolchains/llvm/prebuilt/linux-x86_64/bin/../sysroot/usr/lib/aarch64-linux-android/24/crtbegin_so.o
 .rela.data.rel.ro.aes_128_xts_info
                0x000000000002a090       0x30 /opt/android/android-ndk-r21b/toolchains/llvm/prebuilt/linux-x86_64/bin/../sysroot/usr/lib/aarch64-linux-android/24/crtbegin_so.o
 .rela.data.rel.ro.aes_256_xts_info
                0x000000000002a0c0       0x30 /opt/android/android-ndk-r21b/toolchains/llvm/prebuilt/linux-x86_64/bin/../sysroot/usr/lib/aarch64-linux-android/24/crtbegin_so.o
 .rela.data.rel.ro.aes_128_gcm_info
                0x000000000002a0f0       0x30 /opt/android/android-ndk-r21b/toolchains/llvm/prebuilt/linux-x86_64/bin/../sysroot/usr/lib/aarch64-linux-android/24/crtbegin_so.o
 .rela.data.rel.ro.aes_192_gcm_info
                0x000000000002a120       0x30 /opt/android/android-ndk-r21b/toolchains/llvm/prebuilt/linux-x86_64/bin/../sysroot/usr/lib/aarch64-linux-android/24/crtbegin_so.o
 .rela.data.rel.ro.aes_256_gcm_info
                0x000000000002a150       0x30 /opt/android/android-ndk-r21b/toolchains/llvm/prebuilt/linux-x86_64/bin/../sysroot/usr/lib/aarch64-linux-android/24/crtbegin_so.o
 .rela.data.rel.ro.aes_128_ccm_info
                0x000000000002a180       0x30 /opt/android/android-ndk-r21b/toolchains/llvm/prebuilt/linux-x86_64/bin/../sysroot/usr/lib/aarch64-linux-android/24/crtbegin_so.o
 .rela.data.rel.ro.aes_192_ccm_info
                0x000000000002a1b0       0x30 /opt/android/android-ndk-r21b/toolchains/llvm/prebuilt/linux-x86_64/bin/../sysroot/usr/lib/aarch64-linux-android/24/crtbegin_so.o
 .rela.data.rel.ro.aes_256_ccm_info
                0x000000000002a1e0       0x30 /opt/android/android-ndk-r21b/toolchains/llvm/prebuilt/linux-x86_64/bin/../sysroot/usr/lib/aarch64-linux-android/24/crtbegin_so.o
 .rela.data.rel.ro.arc4_128_info
                0x000000000002a210       0x30 /opt/android/android-ndk-r21b/toolchains/llvm/prebuilt/linux-x86_64/bin/../sysroot/usr/lib/aarch64-linux-android/24/crtbegin_so.o
 .rela.data.rel.ro.blowfish_ecb_info
                0x000000000002a240       0x30 /opt/android/android-ndk-r21b/toolchains/llvm/prebuilt/linux-x86_64/bin/../sysroot/usr/lib/aarch64-linux-android/24/crtbegin_so.o
 .rela.data.rel.ro.blowfish_cbc_info
                0x000000000002a270       0x30 /opt/android/android-ndk-r21b/toolchains/llvm/prebuilt/linux-x86_64/bin/../sysroot/usr/lib/aarch64-linux-android/24/crtbegin_so.o
 .rela.data.rel.ro.blowfish_cfb64_info
                0x000000000002a2a0       0x30 /opt/android/android-ndk-r21b/toolchains/llvm/prebuilt/linux-x86_64/bin/../sysroot/usr/lib/aarch64-linux-android/24/crtbegin_so.o
 .rela.data.rel.ro.blowfish_ctr_info
                0x000000000002a2d0       0x30 /opt/android/android-ndk-r21b/toolchains/llvm/prebuilt/linux-x86_64/bin/../sysroot/usr/lib/aarch64-linux-android/24/crtbegin_so.o
 .rela.data.rel.ro.camellia_128_ecb_info
                0x000000000002a300       0x30 /opt/android/android-ndk-r21b/toolchains/llvm/prebuilt/linux-x86_64/bin/../sysroot/usr/lib/aarch64-linux-android/24/crtbegin_so.o
 .rela.data.rel.ro.camellia_192_ecb_info
                0x000000000002a330       0x30 /opt/android/android-ndk-r21b/toolchains/llvm/prebuilt/linux-x86_64/bin/../sysroot/usr/lib/aarch64-linux-android/24/crtbegin_so.o
 .rela.data.rel.ro.camellia_256_ecb_info
                0x000000000002a360       0x30 /opt/android/android-ndk-r21b/toolchains/llvm/prebuilt/linux-x86_64/bin/../sysroot/usr/lib/aarch64-linux-android/24/crtbegin_so.o
 .rela.data.rel.ro.camellia_128_cbc_info
                0x000000000002a390       0x30 /opt/android/android-ndk-r21b/toolchains/llvm/prebuilt/linux-x86_64/bin/../sysroot/usr/lib/aarch64-linux-android/24/crtbegin_so.o
 .rela.data.rel.ro.camellia_192_cbc_info
                0x000000000002a3c0       0x30 /opt/android/android-ndk-r21b/toolchains/llvm/prebuilt/linux-x86_64/bin/../sysroot/usr/lib/aarch64-linux-android/24/crtbegin_so.o
 .rela.data.rel.ro.camellia_256_cbc_info
                0x000000000002a3f0       0x30 /opt/android/android-ndk-r21b/toolchains/llvm/prebuilt/linux-x86_64/bin/../sysroot/usr/lib/aarch64-linux-android/24/crtbegin_so.o
 .rela.data.rel.ro.camellia_128_cfb128_info
                0x000000000002a420       0x30 /opt/android/android-ndk-r21b/toolchains/llvm/prebuilt/linux-x86_64/bin/../sysroot/usr/lib/aarch64-linux-android/24/crtbegin_so.o
 .rela.data.rel.ro.camellia_192_cfb128_info
                0x000000000002a450       0x30 /opt/android/android-ndk-r21b/toolchains/llvm/prebuilt/linux-x86_64/bin/../sysroot/usr/lib/aarch64-linux-android/24/crtbegin_so.o
 .rela.data.rel.ro.camellia_256_cfb128_info
                0x000000000002a480       0x30 /opt/android/android-ndk-r21b/toolchains/llvm/prebuilt/linux-x86_64/bin/../sysroot/usr/lib/aarch64-linux-android/24/crtbegin_so.o
 .rela.data.rel.ro.camellia_128_ctr_info
                0x000000000002a4b0       0x30 /opt/android/android-ndk-r21b/toolchains/llvm/prebuilt/linux-x86_64/bin/../sysroot/usr/lib/aarch64-linux-android/24/crtbegin_so.o
 .rela.data.rel.ro.camellia_192_ctr_info
                0x000000000002a4e0       0x30 /opt/android/android-ndk-r21b/toolchains/llvm/prebuilt/linux-x86_64/bin/../sysroot/usr/lib/aarch64-linux-android/24/crtbegin_so.o
 .rela.data.rel.ro.camellia_256_ctr_info
                0x000000000002a510       0x30 /opt/android/android-ndk-r21b/toolchains/llvm/prebuilt/linux-x86_64/bin/../sysroot/usr/lib/aarch64-linux-android/24/crtbegin_so.o
 .rela.data.rel.ro.camellia_128_gcm_info
                0x000000000002a540       0x30 /opt/android/android-ndk-r21b/toolchains/llvm/prebuilt/linux-x86_64/bin/../sysroot/usr/lib/aarch64-linux-android/24/crtbegin_so.o
 .rela.data.rel.ro.camellia_192_gcm_info
                0x000000000002a570       0x30 /opt/android/android-ndk-r21b/toolchains/llvm/prebuilt/linux-x86_64/bin/../sysroot/usr/lib/aarch64-linux-android/24/crtbegin_so.o
 .rela.data.rel.ro.camellia_256_gcm_info
                0x000000000002a5a0       0x30 /opt/android/android-ndk-r21b/toolchains/llvm/prebuilt/linux-x86_64/bin/../sysroot/usr/lib/aarch64-linux-android/24/crtbegin_so.o
 .rela.data.rel.ro.camellia_128_ccm_info
                0x000000000002a5d0       0x30 /opt/android/android-ndk-r21b/toolchains/llvm/prebuilt/linux-x86_64/bin/../sysroot/usr/lib/aarch64-linux-android/24/crtbegin_so.o
 .rela.data.rel.ro.camellia_192_ccm_info
                0x000000000002a600       0x30 /opt/android/android-ndk-r21b/toolchains/llvm/prebuilt/linux-x86_64/bin/../sysroot/usr/lib/aarch64-linux-android/24/crtbegin_so.o
 .rela.data.rel.ro.camellia_256_ccm_info
                0x000000000002a630       0x30 /opt/android/android-ndk-r21b/toolchains/llvm/prebuilt/linux-x86_64/bin/../sysroot/usr/lib/aarch64-linux-android/24/crtbegin_so.o
 .rela.data.rel.ro.des_ecb_info
                0x000000000002a660       0x30 /opt/android/android-ndk-r21b/toolchains/llvm/prebuilt/linux-x86_64/bin/../sysroot/usr/lib/aarch64-linux-android/24/crtbegin_so.o
 .rela.data.rel.ro.des_ede_ecb_info
                0x000000000002a690       0x30 /opt/android/android-ndk-r21b/toolchains/llvm/prebuilt/linux-x86_64/bin/../sysroot/usr/lib/aarch64-linux-android/24/crtbegin_so.o
 .rela.data.rel.ro.des_ede3_ecb_info
                0x000000000002a6c0       0x30 /opt/android/android-ndk-r21b/toolchains/llvm/prebuilt/linux-x86_64/bin/../sysroot/usr/lib/aarch64-linux-android/24/crtbegin_so.o
 .rela.data.rel.ro.des_cbc_info
                0x000000000002a6f0       0x30 /opt/android/android-ndk-r21b/toolchains/llvm/prebuilt/linux-x86_64/bin/../sysroot/usr/lib/aarch64-linux-android/24/crtbegin_so.o
 .rela.data.rel.ro.des_ede_cbc_info
                0x000000000002a720       0x30 /opt/android/android-ndk-r21b/toolchains/llvm/prebuilt/linux-x86_64/bin/../sysroot/usr/lib/aarch64-linux-android/24/crtbegin_so.o
 .rela.data.rel.ro.des_ede3_cbc_info
                0x000000000002a750       0x30 /opt/android/android-ndk-r21b/toolchains/llvm/prebuilt/linux-x86_64/bin/../sysroot/usr/lib/aarch64-linux-android/24/crtbegin_so.o
 .rela.data.rel.ro.chacha20_info
                0x000000000002a780       0x30 /opt/android/android-ndk-r21b/toolchains/llvm/prebuilt/linux-x86_64/bin/../sysroot/usr/lib/aarch64-linux-android/24/crtbegin_so.o
 .rela.data.rel.ro.chachapoly_info
                0x000000000002a7b0       0x30 /opt/android/android-ndk-r21b/toolchains/llvm/prebuilt/linux-x86_64/bin/../sysroot/usr/lib/aarch64-linux-android/24/crtbegin_so.o
 .rela.data.rel.ro.mbedtls_cipher_definitions
                0x000000000002a7e0      0x510 /opt/android/android-ndk-r21b/toolchains/llvm/prebuilt/linux-x86_64/bin/../sysroot/usr/lib/aarch64-linux-android/24/crtbegin_so.o
 .rela.data.rel.ro.aes_info
                0x000000000002acf0       0xd8 /opt/android/android-ndk-r21b/toolchains/llvm/prebuilt/linux-x86_64/bin/../sysroot/usr/lib/aarch64-linux-android/24/crtbegin_so.o
 .rela.data.rel.ro.xts_aes_info
                0x000000000002adc8       0x78 /opt/android/android-ndk-r21b/toolchains/llvm/prebuilt/linux-x86_64/bin/../sysroot/usr/lib/aarch64-linux-android/24/crtbegin_so.o
 .rela.data.rel.ro.gcm_aes_info
                0x000000000002ae40       0x60 /opt/android/android-ndk-r21b/toolchains/llvm/prebuilt/linux-x86_64/bin/../sysroot/usr/lib/aarch64-linux-android/24/crtbegin_so.o
 .rela.data.rel.ro.ccm_aes_info
                0x000000000002aea0       0x60 /opt/android/android-ndk-r21b/toolchains/llvm/prebuilt/linux-x86_64/bin/../sysroot/usr/lib/aarch64-linux-android/24/crtbegin_so.o
 .rela.data.rel.ro.arc4_base_info
                0x000000000002af00       0x78 /opt/android/android-ndk-r21b/toolchains/llvm/prebuilt/linux-x86_64/bin/../sysroot/usr/lib/aarch64-linux-android/24/crtbegin_so.o
 .rela.data.rel.ro.blowfish_info
                0x000000000002af78       0xc0 /opt/android/android-ndk-r21b/toolchains/llvm/prebuilt/linux-x86_64/bin/../sysroot/usr/lib/aarch64-linux-android/24/crtbegin_so.o
 .rela.data.rel.ro.camellia_info
                0x000000000002b038       0xc0 /opt/android/android-ndk-r21b/toolchains/llvm/prebuilt/linux-x86_64/bin/../sysroot/usr/lib/aarch64-linux-android/24/crtbegin_so.o
 .rela.data.rel.ro.gcm_camellia_info
                0x000000000002b0f8       0x60 /opt/android/android-ndk-r21b/toolchains/llvm/prebuilt/linux-x86_64/bin/../sysroot/usr/lib/aarch64-linux-android/24/crtbegin_so.o
 .rela.data.rel.ro.ccm_camellia_info
                0x000000000002b158       0x60 /opt/android/android-ndk-r21b/toolchains/llvm/prebuilt/linux-x86_64/bin/../sysroot/usr/lib/aarch64-linux-android/24/crtbegin_so.o
 .rela.data.rel.ro.des_info
                0x000000000002b1b8       0x90 /opt/android/android-ndk-r21b/toolchains/llvm/prebuilt/linux-x86_64/bin/../sysroot/usr/lib/aarch64-linux-android/24/crtbegin_so.o
 .rela.data.rel.ro.des_ede_info
                0x000000000002b248       0x90 /opt/android/android-ndk-r21b/toolchains/llvm/prebuilt/linux-x86_64/bin/../sysroot/usr/lib/aarch64-linux-android/24/crtbegin_so.o
 .rela.data.rel.ro.des_ede3_info
                0x000000000002b2d8       0x90 /opt/android/android-ndk-r21b/toolchains/llvm/prebuilt/linux-x86_64/bin/../sysroot/usr/lib/aarch64-linux-android/24/crtbegin_so.o
 .rela.data.rel.ro.chacha20_base_info
                0x000000000002b368       0x78 /opt/android/android-ndk-r21b/toolchains/llvm/prebuilt/linux-x86_64/bin/../sysroot/usr/lib/aarch64-linux-android/24/crtbegin_so.o
 .rela.data.rel.ro.chachapoly_base_info
                0x000000000002b3e0       0x60 /opt/android/android-ndk-r21b/toolchains/llvm/prebuilt/linux-x86_64/bin/../sysroot/usr/lib/aarch64-linux-android/24/crtbegin_so.o
 .rela.data.rel.ro.ecp_supported_curves
                0x000000000002b440      0x108 /opt/android/android-ndk-r21b/toolchains/llvm/prebuilt/linux-x86_64/bin/../sysroot/usr/lib/aarch64-linux-android/24/crtbegin_so.o
 .rela.data.rel.ro.mbedtls_md5_info
                0x000000000002b548       0xd8 /opt/android/android-ndk-r21b/toolchains/llvm/prebuilt/linux-x86_64/bin/../sysroot/usr/lib/aarch64-linux-android/24/crtbegin_so.o
 .rela.data.rel.ro.mbedtls_ripemd160_info
                0x000000000002b620       0xd8 /opt/android/android-ndk-r21b/toolchains/llvm/prebuilt/linux-x86_64/bin/../sysroot/usr/lib/aarch64-linux-android/24/crtbegin_so.o
 .rela.data.rel.ro.mbedtls_sha1_info
                0x000000000002b6f8       0xd8 /opt/android/android-ndk-r21b/toolchains/llvm/prebuilt/linux-x86_64/bin/../sysroot/usr/lib/aarch64-linux-android/24/crtbegin_so.o
 .rela.data.rel.ro.mbedtls_sha224_info
                0x000000000002b7d0       0xd8 /opt/android/android-ndk-r21b/toolchains/llvm/prebuilt/linux-x86_64/bin/../sysroot/usr/lib/aarch64-linux-android/24/crtbegin_so.o
 .rela.data.rel.ro.mbedtls_sha256_info
                0x000000000002b8a8       0xd8 /opt/android/android-ndk-r21b/toolchains/llvm/prebuilt/linux-x86_64/bin/../sysroot/usr/lib/aarch64-linux-android/24/crtbegin_so.o
 .rela.data.rel.ro.mbedtls_sha384_info
                0x000000000002b980       0xd8 /opt/android/android-ndk-r21b/toolchains/llvm/prebuilt/linux-x86_64/bin/../sysroot/usr/lib/aarch64-linux-android/24/crtbegin_so.o
 .rela.data.rel.ro.mbedtls_sha512_info
                0x000000000002ba58       0xd8 /opt/android/android-ndk-r21b/toolchains/llvm/prebuilt/linux-x86_64/bin/../sysroot/usr/lib/aarch64-linux-android/24/crtbegin_so.o
 .rela.data.rel.ro.mbedtls_rsa_info
                0x000000000002bb30      0x108 /opt/android/android-ndk-r21b/toolchains/llvm/prebuilt/linux-x86_64/bin/../sysroot/usr/lib/aarch64-linux-android/24/crtbegin_so.o
 .rela.data.rel.ro.mbedtls_eckey_info
                0x000000000002bc38       0xd8 /opt/android/android-ndk-r21b/toolchains/llvm/prebuilt/linux-x86_64/bin/../sysroot/usr/lib/aarch64-linux-android/24/crtbegin_so.o
 .rela.data.rel.ro.mbedtls_eckeydh_info
                0x000000000002bd10       0xa8 /opt/android/android-ndk-r21b/toolchains/llvm/prebuilt/linux-x86_64/bin/../sysroot/usr/lib/aarch64-linux-android/24/crtbegin_so.o
 .rela.data.rel.ro.mbedtls_ecdsa_info
                0x000000000002bdb8       0xd8 /opt/android/android-ndk-r21b/toolchains/llvm/prebuilt/linux-x86_64/bin/../sysroot/usr/lib/aarch64-linux-android/24/crtbegin_so.o
 .rela.data.rel.ro.mbedtls_rsa_alt_info
                0x000000000002be90       0xc0 /opt/android/android-ndk-r21b/toolchains/llvm/prebuilt/linux-x86_64/bin/../sysroot/usr/lib/aarch64-linux-android/24/crtbegin_so.o
 .rela.data.rel.ro.memset_func
                0x000000000002bf50       0x18 /opt/android/android-ndk-r21b/toolchains/llvm/prebuilt/linux-x86_64/bin/../sysroot/usr/lib/aarch64-linux-android/24/crtbegin_so.o
 .rela.data.rel.ro.oid_sig_alg
                0x000000000002bf68      0x3a8 /opt/android/android-ndk-r21b/toolchains/llvm/prebuilt/linux-x86_64/bin/../sysroot/usr/lib/aarch64-linux-android/24/crtbegin_so.o
 .rela.data.rel.ro.oid_pk_alg
                0x000000000002c310       0xd8 /opt/android/android-ndk-r21b/toolchains/llvm/prebuilt/linux-x86_64/bin/../sysroot/usr/lib/aarch64-linux-android/24/crtbegin_so.o
 .rela.data.rel.ro.oid_ecp_grp
                0x000000000002c3e8      0x318 /opt/android/android-ndk-r21b/toolchains/llvm/prebuilt/linux-x86_64/bin/../sysroot/usr/lib/aarch64-linux-android/24/crtbegin_so.o
 .rela.data.rel.ro.oid_md_alg
                0x000000000002c700      0x1f8 /opt/android/android-ndk-r21b/toolchains/llvm/prebuilt/linux-x86_64/bin/../sysroot/usr/lib/aarch64-linux-android/24/crtbegin_so.o
 .rela.data.rel.ro.oid_x520_attr_type
                0x000000000002c8f8      0x720 /opt/android/android-ndk-r21b/toolchains/llvm/prebuilt/linux-x86_64/bin/../sysroot/usr/lib/aarch64-linux-android/24/crtbegin_so.o
 .rela.data.rel.ro.oid_x509_ext
                0x000000000002d018      0x1b0 /opt/android/android-ndk-r21b/toolchains/llvm/prebuilt/linux-x86_64/bin/../sysroot/usr/lib/aarch64-linux-android/24/crtbegin_so.o
 .rela.data.rel.ro.oid_ext_key_usage
                0x000000000002d1c8      0x1f8 /opt/android/android-ndk-r21b/toolchains/llvm/prebuilt/linux-x86_64/bin/../sysroot/usr/lib/aarch64-linux-android/24/crtbegin_so.o
 .rela.data.rel.ro.oid_certificate_policies
                0x000000000002d3c0       0x48 /opt/android/android-ndk-r21b/toolchains/llvm/prebuilt/linux-x86_64/bin/../sysroot/usr/lib/aarch64-linux-android/24/crtbegin_so.o
 .rela.data.rel.ro.oid_cipher_alg
                0x000000000002d408       0x90 /opt/android/android-ndk-r21b/toolchains/llvm/prebuilt/linux-x86_64/bin/../sysroot/usr/lib/aarch64-linux-android/24/crtbegin_so.o
 .rela.data.rel.ro.oid_md_hmac
                0x000000000002d498      0x168 /opt/android/android-ndk-r21b/toolchains/llvm/prebuilt/linux-x86_64/bin/../sysroot/usr/lib/aarch64-linux-android/24/crtbegin_so.o
 .rela.data.rel.ro.oid_pkcs12_pbe_alg
                0x000000000002d600       0x90 /opt/android/android-ndk-r21b/toolchains/llvm/prebuilt/linux-x86_64/bin/../sysroot/usr/lib/aarch64-linux-android/24/crtbegin_so.o
 .rela.data.rel.ro.x509_attrs
                0x000000000002d690      0x540 /opt/android/android-ndk-r21b/toolchains/llvm/prebuilt/linux-x86_64/bin/../sysroot/usr/lib/aarch64-linux-android/24/crtbegin_so.o
 *(.rela.tdata .rela.tdata.* .rela.gnu.linkonce.td.*)
 *(.rela.tbss .rela.tbss.* .rela.gnu.linkonce.tb.*)
 *(.rela.ctors)
 *(.rela.dtors)
 *(.rela.got)
 .rela.got      0x000000000002dbd0      0x930 /opt/android/android-ndk-r21b/toolchains/llvm/prebuilt/linux-x86_64/bin/../sysroot/usr/lib/aarch64-linux-android/24/crtbegin_so.o
 *(.rela.bss .rela.bss.* .rela.gnu.linkonce.b.*)
 *(.rela.ifunc)
 .rela.ifunc    0x000000000002e500        0x0 /opt/android/android-ndk-r21b/toolchains/llvm/prebuilt/linux-x86_64/bin/../sysroot/usr/lib/aarch64-linux-android/24/crtbegin_so.o
 .rela.fini_array.0
                0x000000000002e500       0x18 /opt/android/android-ndk-r21b/toolchains/llvm/prebuilt/linux-x86_64/bin/../sysroot/usr/lib/aarch64-linux-android/24/crtbegin_so.o
 .rela.fini_array
                0x000000000002e518       0x18 /opt/android/android-ndk-r21b/toolchains/llvm/prebuilt/linux-x86_64/bin/../sysroot/usr/lib/aarch64-linux-android/24/crtbegin_so.o
 .rela.init_array
                0x000000000002e530       0x30 /opt/android/android-ndk-r21b/toolchains/llvm/prebuilt/linux-x86_64/bin/../sysroot/usr/lib/aarch64-linux-android/24/crtbegin_so.o

.rela.plt       0x000000000002e560     0x7ce0
 *(.rela.plt)
 .rela.plt      0x000000000002e560     0x7ce0 /opt/android/android-ndk-r21b/toolchains/llvm/prebuilt/linux-x86_64/bin/../sysroot/usr/lib/aarch64-linux-android/24/crtbegin_so.o
 *(.rela.iplt)

.init
 *(SORT(.init))

.plt            0x0000000000036240     0x5360
 *(.plt)
 .plt           0x0000000000036240     0x5360 /opt/android/android-ndk-r21b/toolchains/llvm/prebuilt/linux-x86_64/bin/../sysroot/usr/lib/aarch64-linux-android/24/crtbegin_so.o
 *(.iplt)

.text           0x000000000003b5a0    0x87790
 *(.text.unlikely .text.*_unlikely .text.unlikely.*)
 *(.text.exit .text.exit.*)
 *(.text.startup .text.startup.*)
 .text.startup  0x000000000003b5a0      0x108 obj/src/controller/java/libCHIPController.CHIPDeviceController-JNI.cpp.o
 .text.startup  0x000000000003b6a8       0x9c lib/libCHIP.a(libSystemLayer.SystemPacketBuffer.cpp.o)
 *(.text.hot .text.hot.*)
 *(.text .stub .text.* .gnu.linkonce.t.*)
 .text          0x000000000003b744       0x48 /opt/android/android-ndk-r21b/toolchains/llvm/prebuilt/linux-x86_64/bin/../sysroot/usr/lib/aarch64-linux-android/24/crtbegin_so.o
                0x000000000003b750                __emutls_unregister_key
                0x000000000003b758                __atexit_handler_wrapper
                0x000000000003b764                atexit
                0x000000000003b780                pthread_atfork
 .text._ZN29AndroidBleApplicationDelegateC2Ev
                0x000000000003b78c       0x5c obj/src/controller/java/libCHIPController.AndroidBleApplicationDelegate.cpp.o
                0x000000000003b78c                AndroidBleApplicationDelegate::AndroidBleApplicationDelegate()
                0x000000000003b78c                AndroidBleApplicationDelegate::AndroidBleApplicationDelegate()
 .text._ZN4chip3Ble22BleApplicationDelegateC2Ev
                0x000000000003b7e8       0x28 obj/src/controller/java/libCHIPController.AndroidBleApplicationDelegate.cpp.o
                0x000000000003b7e8                chip::Ble::BleApplicationDelegate::BleApplicationDelegate()
 .text._ZN29AndroidBleApplicationDelegate26NotifyChipConnectionClosedEPv
                0x000000000003b810       0x4c obj/src/controller/java/libCHIPController.AndroidBleApplicationDelegate.cpp.o
                0x000000000003b810                AndroidBleApplicationDelegate::NotifyChipConnectionClosed(void*)
 .text._ZN29AndroidBleApplicationDelegate37SetNotifyChipConnectionClosedCallbackEPFvPvE
                0x000000000003b85c       0x20 obj/src/controller/java/libCHIPController.AndroidBleApplicationDelegate.cpp.o
                0x000000000003b85c                AndroidBleApplicationDelegate::SetNotifyChipConnectionClosedCallback(void (*)(void*))
 .text._ZN28AndroidBleConnectionDelegate13NewConnectionEPN4chip3Ble8BleLayerEPvt
                0x000000000003b87c       0x5c obj/src/controller/java/libCHIPController.AndroidBleConnectionDelegate.cpp.o
                0x000000000003b87c                AndroidBleConnectionDelegate::NewConnection(chip::Ble::BleLayer*, void*, unsigned short)
 .text._ZN26AndroidBlePlatformDelegateC2Ev
                0x000000000003b8d8       0x6c obj/src/controller/java/libCHIPController.AndroidBlePlatformDelegate.cpp.o
                0x000000000003b8d8                AndroidBlePlatformDelegate::AndroidBlePlatformDelegate()
                0x000000000003b8d8                AndroidBlePlatformDelegate::AndroidBlePlatformDelegate()
 .text._ZN4chip3Ble19BlePlatformDelegateC2Ev
                0x000000000003b944       0x28 obj/src/controller/java/libCHIPController.AndroidBlePlatformDelegate.cpp.o
                0x000000000003b944                chip::Ble::BlePlatformDelegate::BlePlatformDelegate()
 .text._ZN26AndroidBlePlatformDelegate23SubscribeCharacteristicEPvPKN4chip3Ble11ChipBleUUIDES5_
                0x000000000003b96c       0x7c obj/src/controller/java/libCHIPController.AndroidBlePlatformDelegate.cpp.o
                0x000000000003b96c                AndroidBlePlatformDelegate::SubscribeCharacteristic(void*, chip::Ble::ChipBleUUID const*, chip::Ble::ChipBleUUID const*)
 .text._ZN26AndroidBlePlatformDelegate25UnsubscribeCharacteristicEPvPKN4chip3Ble11ChipBleUUIDES5_
                0x000000000003b9e8       0x7c obj/src/controller/java/libCHIPController.AndroidBlePlatformDelegate.cpp.o
                0x000000000003b9e8                AndroidBlePlatformDelegate::UnsubscribeCharacteristic(void*, chip::Ble::ChipBleUUID const*, chip::Ble::ChipBleUUID const*)
 .text._ZNK26AndroidBlePlatformDelegate6GetMTUEPv
                0x000000000003ba64       0x5c obj/src/controller/java/libCHIPController.AndroidBlePlatformDelegate.cpp.o
                0x000000000003ba64                AndroidBlePlatformDelegate::GetMTU(void*) const
 .text._ZN26AndroidBlePlatformDelegate15CloseConnectionEPv
                0x000000000003bac0       0x6c obj/src/controller/java/libCHIPController.AndroidBlePlatformDelegate.cpp.o
                0x000000000003bac0                AndroidBlePlatformDelegate::CloseConnection(void*)
 .text._ZN26AndroidBlePlatformDelegate14SendIndicationEPvPKN4chip3Ble11ChipBleUUIDES5_PNS1_6System12PacketBufferE
                0x000000000003bb2c       0x44 obj/src/controller/java/libCHIPController.AndroidBlePlatformDelegate.cpp.o
                0x000000000003bb2c                AndroidBlePlatformDelegate::SendIndication(void*, chip::Ble::ChipBleUUID const*, chip::Ble::ChipBleUUID const*, chip::System::PacketBuffer*)
 .text._ZN26AndroidBlePlatformDelegate16SendWriteRequestEPvPKN4chip3Ble11ChipBleUUIDES5_PNS1_6System12PacketBufferE
                0x000000000003bb70       0xd0 obj/src/controller/java/libCHIPController.AndroidBlePlatformDelegate.cpp.o
                0x000000000003bb70                AndroidBlePlatformDelegate::SendWriteRequest(void*, chip::Ble::ChipBleUUID const*, chip::Ble::ChipBleUUID const*, chip::System::PacketBuffer*)
 .text._ZN26AndroidBlePlatformDelegate15SendReadRequestEPvPKN4chip3Ble11ChipBleUUIDES5_PNS1_6System12PacketBufferE
                0x000000000003bc40       0x30 obj/src/controller/java/libCHIPController.AndroidBlePlatformDelegate.cpp.o
                0x000000000003bc40                AndroidBlePlatformDelegate::SendReadRequest(void*, chip::Ble::ChipBleUUID const*, chip::Ble::ChipBleUUID const*, chip::System::PacketBuffer*)
 .text._ZN26AndroidBlePlatformDelegate16SendReadResponseEPvS0_PKN4chip3Ble11ChipBleUUIDES5_
                0x000000000003bc70       0x30 obj/src/controller/java/libCHIPController.AndroidBlePlatformDelegate.cpp.o
                0x000000000003bc70                AndroidBlePlatformDelegate::SendReadResponse(void*, void*, chip::Ble::ChipBleUUID const*, chip::Ble::ChipBleUUID const*)
 .text._ZN26AndroidBlePlatformDelegate27SetSendWriteRequestCallbackEPFbPvPKhS2_S2_jE
                0x000000000003bca0       0x20 obj/src/controller/java/libCHIPController.AndroidBlePlatformDelegate.cpp.o
                0x000000000003bca0                AndroidBlePlatformDelegate::SetSendWriteRequestCallback(bool (*)(void*, unsigned char const*, unsigned char const*, unsigned char const*, unsigned int))
 .text._ZN26AndroidBlePlatformDelegate34SetSubscribeCharacteristicCallbackEPFbPvPKhS2_E
                0x000000000003bcc0       0x20 obj/src/controller/java/libCHIPController.AndroidBlePlatformDelegate.cpp.o
                0x000000000003bcc0                AndroidBlePlatformDelegate::SetSubscribeCharacteristicCallback(bool (*)(void*, unsigned char const*, unsigned char const*))
 .text._ZN26AndroidBlePlatformDelegate36SetUnsubscribeCharacteristicCallbackEPFbPvPKhS2_E
                0x000000000003bce0       0x20 obj/src/controller/java/libCHIPController.AndroidBlePlatformDelegate.cpp.o
                0x000000000003bce0                AndroidBlePlatformDelegate::SetUnsubscribeCharacteristicCallback(bool (*)(void*, unsigned char const*, unsigned char const*))
 .text._ZN26AndroidBlePlatformDelegate26SetCloseConnectionCallbackEPFbPvE
                0x000000000003bd00       0x20 obj/src/controller/java/libCHIPController.AndroidBlePlatformDelegate.cpp.o
                0x000000000003bd00                AndroidBlePlatformDelegate::SetCloseConnectionCallback(bool (*)(void*))
 .text._ZN26AndroidBlePlatformDelegate17SetGetMTUCallbackEPFtPvE
                0x000000000003bd20       0x20 obj/src/controller/java/libCHIPController.AndroidBlePlatformDelegate.cpp.o
                0x000000000003bd20                AndroidBlePlatformDelegate::SetGetMTUCallback(unsigned short (*)(void*))
 .text._ZN30AndroidDeviceControllerWrapperD2Ev
                0x000000000003bd40       0x98 obj/src/controller/java/libCHIPController.AndroidDeviceControllerWrapper.cpp.o
                0x000000000003bd40                AndroidDeviceControllerWrapper::~AndroidDeviceControllerWrapper()
                0x000000000003bd40                AndroidDeviceControllerWrapper::~AndroidDeviceControllerWrapper()
 .text._ZN7_JNIEnv15DeleteGlobalRefEP8_jobject
                0x000000000003bdd8       0x38 obj/src/controller/java/libCHIPController.AndroidDeviceControllerWrapper.cpp.o
                0x000000000003bdd8                _JNIEnv::DeleteGlobalRef(_jobject*)
 .text._ZNKSt6__ndk110unique_ptrIN4chip16DeviceController20ChipDeviceControllerENS_14default_deleteIS3_EEEptEv
                0x000000000003be10       0x28 obj/src/controller/java/libCHIPController.AndroidDeviceControllerWrapper.cpp.o
                0x000000000003be10                std::__ndk1::unique_ptr<chip::DeviceController::ChipDeviceController, std::__ndk1::default_delete<chip::DeviceController::ChipDeviceController> >::operator->() const
 .text._ZNSt6__ndk110unique_ptrI28AndroidDevicePairingDelegateNS_14default_deleteIS1_EEED2Ev
                0x000000000003be38       0x2c obj/src/controller/java/libCHIPController.AndroidDeviceControllerWrapper.cpp.o
                0x000000000003be38                std::__ndk1::unique_ptr<AndroidDevicePairingDelegate, std::__ndk1::default_delete<AndroidDevicePairingDelegate> >::~unique_ptr()
 .text._ZNSt6__ndk110unique_ptrIN4chip16DeviceController20ChipDeviceControllerENS_14default_deleteIS3_EEED2Ev
                0x000000000003be64       0x2c obj/src/controller/java/libCHIPController.AndroidDeviceControllerWrapper.cpp.o
                0x000000000003be64                std::__ndk1::unique_ptr<chip::DeviceController::ChipDeviceController, std::__ndk1::default_delete<chip::DeviceController::ChipDeviceController> >::~unique_ptr()
 .text._ZN30AndroidDeviceControllerWrapper16SetJavaObjectRefEP7_JNIEnvP8_jobject
                0x000000000003be90       0x60 obj/src/controller/java/libCHIPController.AndroidDeviceControllerWrapper.cpp.o
                0x000000000003be90                AndroidDeviceControllerWrapper::SetJavaObjectRef(_JNIEnv*, _jobject*)
 .text._ZN7_JNIEnv12NewGlobalRefEP8_jobject
                0x000000000003bef0       0x38 obj/src/controller/java/libCHIPController.AndroidDeviceControllerWrapper.cpp.o
                0x000000000003bef0                _JNIEnv::NewGlobalRef(_jobject*)
 .text._ZN30AndroidDeviceControllerWrapper11AllocateNewEmPN4chip6System5LayerEPNS0_4Inet9InetLayerEPi
                0x000000000003bf28      0x28c obj/src/controller/java/libCHIPController.AndroidDeviceControllerWrapper.cpp.o
                0x000000000003bf28                AndroidDeviceControllerWrapper::AllocateNew(unsigned long, chip::System::Layer*, chip::Inet::InetLayer*, int*)
 .text._ZNSt6__ndk110unique_ptrIN4chip16DeviceController20ChipDeviceControllerENS_14default_deleteIS3_EEEC2ILb1EvEEPS3_
                0x000000000003c1b4       0x30 obj/src/controller/java/libCHIPController.AndroidDeviceControllerWrapper.cpp.o
                0x000000000003c1b4                std::__ndk1::unique_ptr<chip::DeviceController::ChipDeviceController, std::__ndk1::default_delete<chip::DeviceController::ChipDeviceController> >::unique_ptr<true, void>(chip::DeviceController::ChipDeviceController*)
 .text._ZN28AndroidDevicePairingDelegateC2Ev
                0x000000000003c1e4       0x4c obj/src/controller/java/libCHIPController.AndroidDeviceControllerWrapper.cpp.o
                0x000000000003c1e4                AndroidDevicePairingDelegate::AndroidDevicePairingDelegate()
 .text._ZNSt6__ndk110unique_ptrI28AndroidDevicePairingDelegateNS_14default_deleteIS1_EEEC2ILb1EvEEPS1_
                0x000000000003c230       0x30 obj/src/controller/java/libCHIPController.AndroidDeviceControllerWrapper.cpp.o
                0x000000000003c230                std::__ndk1::unique_ptr<AndroidDevicePairingDelegate, std::__ndk1::default_delete<AndroidDevicePairingDelegate> >::unique_ptr<true, void>(AndroidDevicePairingDelegate*)
 .text._ZNKSt6__ndk110unique_ptrIN4chip16DeviceController20ChipDeviceControllerENS_14default_deleteIS3_EEEcvbEv
                0x000000000003c260       0x48 obj/src/controller/java/libCHIPController.AndroidDeviceControllerWrapper.cpp.o
                0x000000000003c260                std::__ndk1::unique_ptr<chip::DeviceController::ChipDeviceController, std::__ndk1::default_delete<chip::DeviceController::ChipDeviceController> >::operator bool() const
 .text._ZNKSt6__ndk110unique_ptrI28AndroidDevicePairingDelegateNS_14default_deleteIS1_EEEcvbEv
                0x000000000003c2a8       0x48 obj/src/controller/java/libCHIPController.AndroidDeviceControllerWrapper.cpp.o
                0x000000000003c2a8                std::__ndk1::unique_ptr<AndroidDevicePairingDelegate, std::__ndk1::default_delete<AndroidDevicePairingDelegate> >::operator bool() const
 .text._ZNKSt6__ndk110unique_ptrI28AndroidDevicePairingDelegateNS_14default_deleteIS1_EEE3getEv
                0x000000000003c2f0       0x28 obj/src/controller/java/libCHIPController.AndroidDeviceControllerWrapper.cpp.o
                0x000000000003c2f0                std::__ndk1::unique_ptr<AndroidDevicePairingDelegate, std::__ndk1::default_delete<AndroidDevicePairingDelegate> >::get() const
 .text._ZNSt6__ndk14moveIRNS_10unique_ptrIN4chip16DeviceController20ChipDeviceControllerENS_14default_deleteIS4_EEEEEEONS_16remove_referenceIT_E4typeEOSA_
                0x000000000003c318       0x14 obj/src/controller/java/libCHIPController.AndroidDeviceControllerWrapper.cpp.o
                0x000000000003c318                std::__ndk1::remove_reference<std::__ndk1::unique_ptr<chip::DeviceController::ChipDeviceController, std::__ndk1::default_delete<chip::DeviceController::ChipDeviceController> >&>::type&& std::__ndk1::move<std::__ndk1::unique_ptr<chip::DeviceController::ChipDeviceController, std::__ndk1::default_delete<chip::DeviceController::ChipDeviceController> >&>(std::__ndk1::unique_ptr<chip::DeviceController::ChipDeviceController, std::__ndk1::default_delete<chip::DeviceController::ChipDeviceController> >&)
 .text._ZNSt6__ndk110unique_ptrIN4chip16DeviceController20ChipDeviceControllerENS_14default_deleteIS3_EEEC2EOS6_
                0x000000000003c32c       0x64 obj/src/controller/java/libCHIPController.AndroidDeviceControllerWrapper.cpp.o
                0x000000000003c32c                std::__ndk1::unique_ptr<chip::DeviceController::ChipDeviceController, std::__ndk1::default_delete<chip::DeviceController::ChipDeviceController> >::unique_ptr(std::__ndk1::unique_ptr<chip::DeviceController::ChipDeviceController, std::__ndk1::default_delete<chip::DeviceController::ChipDeviceController> >&&)
 .text._ZNSt6__ndk14moveIRNS_10unique_ptrI28AndroidDevicePairingDelegateNS_14default_deleteIS2_EEEEEEONS_16remove_referenceIT_E4typeEOS8_
                0x000000000003c390       0x14 obj/src/controller/java/libCHIPController.AndroidDeviceControllerWrapper.cpp.o
                0x000000000003c390                std::__ndk1::remove_reference<std::__ndk1::unique_ptr<AndroidDevicePairingDelegate, std::__ndk1::default_delete<AndroidDevicePairingDelegate> >&>::type&& std::__ndk1::move<std::__ndk1::unique_ptr<AndroidDevicePairingDelegate, std::__ndk1::default_delete<AndroidDevicePairingDelegate> >&>(std::__ndk1::unique_ptr<AndroidDevicePairingDelegate, std::__ndk1::default_delete<AndroidDevicePairingDelegate> >&)
 .text._ZNSt6__ndk110unique_ptrI28AndroidDevicePairingDelegateNS_14default_deleteIS1_EEEC2EOS4_
                0x000000000003c3a4       0x64 obj/src/controller/java/libCHIPController.AndroidDeviceControllerWrapper.cpp.o
                0x000000000003c3a4                std::__ndk1::unique_ptr<AndroidDevicePairingDelegate, std::__ndk1::default_delete<AndroidDevicePairingDelegate> >::unique_ptr(std::__ndk1::unique_ptr<AndroidDevicePairingDelegate, std::__ndk1::default_delete<AndroidDevicePairingDelegate> >&&)
 .text._ZN30AndroidDeviceControllerWrapperC2ENSt6__ndk110unique_ptrIN4chip16DeviceController20ChipDeviceControllerENS0_14default_deleteIS4_EEEENS1_I28AndroidDevicePairingDelegateNS5_IS8_EEEE
                0x000000000003c408       0x8c obj/src/controller/java/libCHIPController.AndroidDeviceControllerWrapper.cpp.o
                0x000000000003c408                AndroidDeviceControllerWrapper::AndroidDeviceControllerWrapper(std::__ndk1::unique_ptr<chip::DeviceController::ChipDeviceController, std::__ndk1::default_delete<chip::DeviceController::ChipDeviceController> >, std::__ndk1::unique_ptr<AndroidDevicePairingDelegate, std::__ndk1::default_delete<AndroidDevicePairingDelegate> >)
 .text._ZN4chip16DeviceController21DevicePairingDelegateC2Ev
                0x000000000003c494       0x28 obj/src/controller/java/libCHIPController.AndroidDeviceControllerWrapper.cpp.o
                0x000000000003c494                chip::DeviceController::DevicePairingDelegate::DevicePairingDelegate()
 .text._ZN4chip16DeviceController21DevicePairingDelegateD2Ev
                0x000000000003c4bc       0x10 obj/src/controller/java/libCHIPController.AndroidDeviceControllerWrapper.cpp.o
                0x000000000003c4bc                chip::DeviceController::DevicePairingDelegate::~DevicePairingDelegate()
 .text._ZN4chip16DeviceController21DevicePairingDelegateD0Ev
                0x000000000003c4cc        0xc obj/src/controller/java/libCHIPController.AndroidDeviceControllerWrapper.cpp.o
                0x000000000003c4cc                chip::DeviceController::DevicePairingDelegate::~DevicePairingDelegate()
 .text._ZN4chip16DeviceController21DevicePairingDelegate14OnStatusUpdateENS_25RendezvousSessionDelegate6StatusE
                0x000000000003c4d8       0x14 obj/src/controller/java/libCHIPController.AndroidDeviceControllerWrapper.cpp.o
                0x000000000003c4d8                chip::DeviceController::DevicePairingDelegate::OnStatusUpdate(chip::RendezvousSessionDelegate::Status)
 .text._ZN4chip16DeviceController21DevicePairingDelegate17OnPairingCompleteEi
                0x000000000003c4ec       0x14 obj/src/controller/java/libCHIPController.AndroidDeviceControllerWrapper.cpp.o
                0x000000000003c4ec                chip::DeviceController::DevicePairingDelegate::OnPairingComplete(int)
 .text._ZN4chip16DeviceController21DevicePairingDelegate16OnPairingDeletedEi
                0x000000000003c500       0x14 obj/src/controller/java/libCHIPController.AndroidDeviceControllerWrapper.cpp.o
                0x000000000003c500                chip::DeviceController::DevicePairingDelegate::OnPairingDeleted(int)
 .text._ZNSt6__ndk110unique_ptrIN4chip16DeviceController20ChipDeviceControllerENS_14default_deleteIS3_EEE7releaseEv
                0x000000000003c514       0x50 obj/src/controller/java/libCHIPController.AndroidDeviceControllerWrapper.cpp.o
                0x000000000003c514                std::__ndk1::unique_ptr<chip::DeviceController::ChipDeviceController, std::__ndk1::default_delete<chip::DeviceController::ChipDeviceController> >::release()
 .text._ZNSt6__ndk17forwardINS_14default_deleteIN4chip16DeviceController20ChipDeviceControllerEEEEEOT_RNS_16remove_referenceIS6_E4typeE
                0x000000000003c564       0x14 obj/src/controller/java/libCHIPController.AndroidDeviceControllerWrapper.cpp.o
                0x000000000003c564                std::__ndk1::default_delete<chip::DeviceController::ChipDeviceController>&& std::__ndk1::forward<std::__ndk1::default_delete<chip::DeviceController::ChipDeviceController> >(std::__ndk1::remove_reference<std::__ndk1::default_delete<chip::DeviceController::ChipDeviceController> >::type&)
 .text._ZNSt6__ndk110unique_ptrIN4chip16DeviceController20ChipDeviceControllerENS_14default_deleteIS3_EEE11get_deleterEv
                0x000000000003c578       0x24 obj/src/controller/java/libCHIPController.AndroidDeviceControllerWrapper.cpp.o
                0x000000000003c578                std::__ndk1::unique_ptr<chip::DeviceController::ChipDeviceController, std::__ndk1::default_delete<chip::DeviceController::ChipDeviceController> >::get_deleter()
 .text._ZNSt6__ndk117__compressed_pairIPN4chip16DeviceController20ChipDeviceControllerENS_14default_deleteIS3_EEEC2IS4_S6_EEOT_OT0_
                0x000000000003c59c       0x64 obj/src/controller/java/libCHIPController.AndroidDeviceControllerWrapper.cpp.o
                0x000000000003c59c                std::__ndk1::__compressed_pair<chip::DeviceController::ChipDeviceController*, std::__ndk1::default_delete<chip::DeviceController::ChipDeviceController> >::__compressed_pair<chip::DeviceController::ChipDeviceController*, std::__ndk1::default_delete<chip::DeviceController::ChipDeviceController> >(chip::DeviceController::ChipDeviceController*&&, std::__ndk1::default_delete<chip::DeviceController::ChipDeviceController>&&)
 .text._ZNSt6__ndk117__compressed_pairIPN4chip16DeviceController20ChipDeviceControllerENS_14default_deleteIS3_EEE5firstEv
                0x000000000003c600       0x24 obj/src/controller/java/libCHIPController.AndroidDeviceControllerWrapper.cpp.o
                0x000000000003c600                std::__ndk1::__compressed_pair<chip::DeviceController::ChipDeviceController*, std::__ndk1::default_delete<chip::DeviceController::ChipDeviceController> >::first()
 .text._ZNSt6__ndk122__compressed_pair_elemIPN4chip16DeviceController20ChipDeviceControllerELi0ELb0EE5__getEv
                0x000000000003c624       0x14 obj/src/controller/java/libCHIPController.AndroidDeviceControllerWrapper.cpp.o
                0x000000000003c624                std::__ndk1::__compressed_pair_elem<chip::DeviceController::ChipDeviceController*, 0, false>::__get()
 .text._ZNSt6__ndk117__compressed_pairIPN4chip16DeviceController20ChipDeviceControllerENS_14default_deleteIS3_EEE6secondEv
                0x000000000003c638       0x24 obj/src/controller/java/libCHIPController.AndroidDeviceControllerWrapper.cpp.o
                0x000000000003c638                std::__ndk1::__compressed_pair<chip::DeviceController::ChipDeviceController*, std::__ndk1::default_delete<chip::DeviceController::ChipDeviceController> >::second()
 .text._ZNSt6__ndk122__compressed_pair_elemINS_14default_deleteIN4chip16DeviceController20ChipDeviceControllerEEELi1ELb1EE5__getEv
                0x000000000003c65c       0x14 obj/src/controller/java/libCHIPController.AndroidDeviceControllerWrapper.cpp.o
                0x000000000003c65c                std::__ndk1::__compressed_pair_elem<std::__ndk1::default_delete<chip::DeviceController::ChipDeviceController>, 1, true>::__get()
 .text._ZNSt6__ndk17forwardIPN4chip16DeviceController20ChipDeviceControllerEEEOT_RNS_16remove_referenceIS5_E4typeE
                0x000000000003c670       0x14 obj/src/controller/java/libCHIPController.AndroidDeviceControllerWrapper.cpp.o
                0x000000000003c670                chip::DeviceController::ChipDeviceController*&& std::__ndk1::forward<chip::DeviceController::ChipDeviceController*>(std::__ndk1::remove_reference<chip::DeviceController::ChipDeviceController*>::type&)
 .text._ZNSt6__ndk122__compressed_pair_elemIPN4chip16DeviceController20ChipDeviceControllerELi0ELb0EEC2IS4_vEEOT_
                0x000000000003c684       0x3c obj/src/controller/java/libCHIPController.AndroidDeviceControllerWrapper.cpp.o
                0x000000000003c684                std::__ndk1::__compressed_pair_elem<chip::DeviceController::ChipDeviceController*, 0, false>::__compressed_pair_elem<chip::DeviceController::ChipDeviceController*, void>(chip::DeviceController::ChipDeviceController*&&)
 .text._ZNSt6__ndk122__compressed_pair_elemINS_14default_deleteIN4chip16DeviceController20ChipDeviceControllerEEELi1ELb1EEC2IS5_vEEOT_
                0x000000000003c6c0       0x28 obj/src/controller/java/libCHIPController.AndroidDeviceControllerWrapper.cpp.o
                0x000000000003c6c0                std::__ndk1::__compressed_pair_elem<std::__ndk1::default_delete<chip::DeviceController::ChipDeviceController>, 1, true>::__compressed_pair_elem<std::__ndk1::default_delete<chip::DeviceController::ChipDeviceController>, void>(std::__ndk1::default_delete<chip::DeviceController::ChipDeviceController>&&)
 .text._ZNSt6__ndk110unique_ptrI28AndroidDevicePairingDelegateNS_14default_deleteIS1_EEE7releaseEv
                0x000000000003c6e8       0x50 obj/src/controller/java/libCHIPController.AndroidDeviceControllerWrapper.cpp.o
                0x000000000003c6e8                std::__ndk1::unique_ptr<AndroidDevicePairingDelegate, std::__ndk1::default_delete<AndroidDevicePairingDelegate> >::release()
 .text._ZNSt6__ndk17forwardINS_14default_deleteI28AndroidDevicePairingDelegateEEEEOT_RNS_16remove_referenceIS4_E4typeE
                0x000000000003c738       0x14 obj/src/controller/java/libCHIPController.AndroidDeviceControllerWrapper.cpp.o
                0x000000000003c738                std::__ndk1::default_delete<AndroidDevicePairingDelegate>&& std::__ndk1::forward<std::__ndk1::default_delete<AndroidDevicePairingDelegate> >(std::__ndk1::remove_reference<std::__ndk1::default_delete<AndroidDevicePairingDelegate> >::type&)
 .text._ZNSt6__ndk110unique_ptrI28AndroidDevicePairingDelegateNS_14default_deleteIS1_EEE11get_deleterEv
                0x000000000003c74c       0x24 obj/src/controller/java/libCHIPController.AndroidDeviceControllerWrapper.cpp.o
                0x000000000003c74c                std::__ndk1::unique_ptr<AndroidDevicePairingDelegate, std::__ndk1::default_delete<AndroidDevicePairingDelegate> >::get_deleter()
 .text._ZNSt6__ndk117__compressed_pairIP28AndroidDevicePairingDelegateNS_14default_deleteIS1_EEEC2IS2_S4_EEOT_OT0_
                0x000000000003c770       0x64 obj/src/controller/java/libCHIPController.AndroidDeviceControllerWrapper.cpp.o
                0x000000000003c770                std::__ndk1::__compressed_pair<AndroidDevicePairingDelegate*, std::__ndk1::default_delete<AndroidDevicePairingDelegate> >::__compressed_pair<AndroidDevicePairingDelegate*, std::__ndk1::default_delete<AndroidDevicePairingDelegate> >(AndroidDevicePairingDelegate*&&, std::__ndk1::default_delete<AndroidDevicePairingDelegate>&&)
 .text._ZNSt6__ndk117__compressed_pairIP28AndroidDevicePairingDelegateNS_14default_deleteIS1_EEE5firstEv
                0x000000000003c7d4       0x24 obj/src/controller/java/libCHIPController.AndroidDeviceControllerWrapper.cpp.o
                0x000000000003c7d4                std::__ndk1::__compressed_pair<AndroidDevicePairingDelegate*, std::__ndk1::default_delete<AndroidDevicePairingDelegate> >::first()
 .text._ZNSt6__ndk122__compressed_pair_elemIP28AndroidDevicePairingDelegateLi0ELb0EE5__getEv
                0x000000000003c7f8       0x14 obj/src/controller/java/libCHIPController.AndroidDeviceControllerWrapper.cpp.o
                0x000000000003c7f8                std::__ndk1::__compressed_pair_elem<AndroidDevicePairingDelegate*, 0, false>::__get()
 .text._ZNSt6__ndk117__compressed_pairIP28AndroidDevicePairingDelegateNS_14default_deleteIS1_EEE6secondEv
                0x000000000003c80c       0x24 obj/src/controller/java/libCHIPController.AndroidDeviceControllerWrapper.cpp.o
                0x000000000003c80c                std::__ndk1::__compressed_pair<AndroidDevicePairingDelegate*, std::__ndk1::default_delete<AndroidDevicePairingDelegate> >::second()
 .text._ZNSt6__ndk122__compressed_pair_elemINS_14default_deleteI28AndroidDevicePairingDelegateEELi1ELb1EE5__getEv
                0x000000000003c830       0x14 obj/src/controller/java/libCHIPController.AndroidDeviceControllerWrapper.cpp.o
                0x000000000003c830                std::__ndk1::__compressed_pair_elem<std::__ndk1::default_delete<AndroidDevicePairingDelegate>, 1, true>::__get()
 .text._ZNSt6__ndk17forwardIP28AndroidDevicePairingDelegateEEOT_RNS_16remove_referenceIS3_E4typeE
                0x000000000003c844       0x14 obj/src/controller/java/libCHIPController.AndroidDeviceControllerWrapper.cpp.o
                0x000000000003c844                AndroidDevicePairingDelegate*&& std::__ndk1::forward<AndroidDevicePairingDelegate*>(std::__ndk1::remove_reference<AndroidDevicePairingDelegate*>::type&)
 .text._ZNSt6__ndk122__compressed_pair_elemIP28AndroidDevicePairingDelegateLi0ELb0EEC2IS2_vEEOT_
                0x000000000003c858       0x3c obj/src/controller/java/libCHIPController.AndroidDeviceControllerWrapper.cpp.o
                0x000000000003c858                std::__ndk1::__compressed_pair_elem<AndroidDevicePairingDelegate*, 0, false>::__compressed_pair_elem<AndroidDevicePairingDelegate*, void>(AndroidDevicePairingDelegate*&&)
 .text._ZNSt6__ndk122__compressed_pair_elemINS_14default_deleteI28AndroidDevicePairingDelegateEELi1ELb1EEC2IS3_vEEOT_
                0x000000000003c894       0x28 obj/src/controller/java/libCHIPController.AndroidDeviceControllerWrapper.cpp.o
                0x000000000003c894                std::__ndk1::__compressed_pair_elem<std::__ndk1::default_delete<AndroidDevicePairingDelegate>, 1, true>::__compressed_pair_elem<std::__ndk1::default_delete<AndroidDevicePairingDelegate>, void>(std::__ndk1::default_delete<AndroidDevicePairingDelegate>&&)
 .text._ZNSt6__ndk110unique_ptrIN4chip16DeviceController20ChipDeviceControllerENS_14default_deleteIS3_EEE5resetEPS3_
                0x000000000003c8bc       0x7c obj/src/controller/java/libCHIPController.AndroidDeviceControllerWrapper.cpp.o
                0x000000000003c8bc                std::__ndk1::unique_ptr<chip::DeviceController::ChipDeviceController, std::__ndk1::default_delete<chip::DeviceController::ChipDeviceController> >::reset(chip::DeviceController::ChipDeviceController*)
 .text._ZNKSt6__ndk114default_deleteIN4chip16DeviceController20ChipDeviceControllerEEclEPS3_
                0x000000000003c938       0x4c obj/src/controller/java/libCHIPController.AndroidDeviceControllerWrapper.cpp.o
                0x000000000003c938                std::__ndk1::default_delete<chip::DeviceController::ChipDeviceController>::operator()(chip::DeviceController::ChipDeviceController*) const
 .text._ZNSt6__ndk110unique_ptrI28AndroidDevicePairingDelegateNS_14default_deleteIS1_EEE5resetEPS1_
                0x000000000003c984       0x7c obj/src/controller/java/libCHIPController.AndroidDeviceControllerWrapper.cpp.o
                0x000000000003c984                std::__ndk1::unique_ptr<AndroidDevicePairingDelegate, std::__ndk1::default_delete<AndroidDevicePairingDelegate> >::reset(AndroidDevicePairingDelegate*)
 .text._ZNKSt6__ndk114default_deleteI28AndroidDevicePairingDelegateEclEPS1_
                0x000000000003ca00       0x4c obj/src/controller/java/libCHIPController.AndroidDeviceControllerWrapper.cpp.o
                0x000000000003ca00                std::__ndk1::default_delete<AndroidDevicePairingDelegate>::operator()(AndroidDevicePairingDelegate*) const
 .text._ZNKSt6__ndk117__compressed_pairIPN4chip16DeviceController20ChipDeviceControllerENS_14default_deleteIS3_EEE5firstEv
                0x000000000003ca4c       0x24 obj/src/controller/java/libCHIPController.AndroidDeviceControllerWrapper.cpp.o
                0x000000000003ca4c                std::__ndk1::__compressed_pair<chip::DeviceController::ChipDeviceController*, std::__ndk1::default_delete<chip::DeviceController::ChipDeviceController> >::first() const
 .text._ZNKSt6__ndk122__compressed_pair_elemIPN4chip16DeviceController20ChipDeviceControllerELi0ELb0EE5__getEv
                0x000000000003ca70       0x14 obj/src/controller/java/libCHIPController.AndroidDeviceControllerWrapper.cpp.o
                0x000000000003ca70                std::__ndk1::__compressed_pair_elem<chip::DeviceController::ChipDeviceController*, 0, false>::__get() const
 .text._ZNSt6__ndk117__compressed_pairIPN4chip16DeviceController20ChipDeviceControllerENS_14default_deleteIS3_EEEC2IRS4_Lb1EEEOT_
                0x000000000003ca84       0x48 obj/src/controller/java/libCHIPController.AndroidDeviceControllerWrapper.cpp.o
                0x000000000003ca84                std::__ndk1::__compressed_pair<chip::DeviceController::ChipDeviceController*, std::__ndk1::default_delete<chip::DeviceController::ChipDeviceController> >::__compressed_pair<chip::DeviceController::ChipDeviceController*&, true>(chip::DeviceController::ChipDeviceController*&)
 .text._ZNSt6__ndk17forwardIRPN4chip16DeviceController20ChipDeviceControllerEEEOT_RNS_16remove_referenceIS6_E4typeE
                0x000000000003cacc       0x14 obj/src/controller/java/libCHIPController.AndroidDeviceControllerWrapper.cpp.o
                0x000000000003cacc                chip::DeviceController::ChipDeviceController*& std::__ndk1::forward<chip::DeviceController::ChipDeviceController*&>(std::__ndk1::remove_reference<chip::DeviceController::ChipDeviceController*&>::type&)
 .text._ZNSt6__ndk122__compressed_pair_elemIPN4chip16DeviceController20ChipDeviceControllerELi0ELb0EEC2IRS4_vEEOT_
                0x000000000003cae0       0x3c obj/src/controller/java/libCHIPController.AndroidDeviceControllerWrapper.cpp.o
                0x000000000003cae0                std::__ndk1::__compressed_pair_elem<chip::DeviceController::ChipDeviceController*, 0, false>::__compressed_pair_elem<chip::DeviceController::ChipDeviceController*&, void>(chip::DeviceController::ChipDeviceController*&)
 .text._ZNSt6__ndk117__compressed_pairIP28AndroidDevicePairingDelegateNS_14default_deleteIS1_EEEC2IRS2_Lb1EEEOT_
                0x000000000003cb1c       0x48 obj/src/controller/java/libCHIPController.AndroidDeviceControllerWrapper.cpp.o
                0x000000000003cb1c                std::__ndk1::__compressed_pair<AndroidDevicePairingDelegate*, std::__ndk1::default_delete<AndroidDevicePairingDelegate> >::__compressed_pair<AndroidDevicePairingDelegate*&, true>(AndroidDevicePairingDelegate*&)
 .text._ZNSt6__ndk17forwardIRP28AndroidDevicePairingDelegateEEOT_RNS_16remove_referenceIS4_E4typeE
                0x000000000003cb64       0x14 obj/src/controller/java/libCHIPController.AndroidDeviceControllerWrapper.cpp.o
                0x000000000003cb64                AndroidDevicePairingDelegate*& std::__ndk1::forward<AndroidDevicePairingDelegate*&>(std::__ndk1::remove_reference<AndroidDevicePairingDelegate*&>::type&)
 .text._ZNSt6__ndk122__compressed_pair_elemIP28AndroidDevicePairingDelegateLi0ELb0EEC2IRS2_vEEOT_
                0x000000000003cb78       0x3c obj/src/controller/java/libCHIPController.AndroidDeviceControllerWrapper.cpp.o
                0x000000000003cb78                std::__ndk1::__compressed_pair_elem<AndroidDevicePairingDelegate*, 0, false>::__compressed_pair_elem<AndroidDevicePairingDelegate*&, void>(AndroidDevicePairingDelegate*&)
 .text._ZNKSt6__ndk117__compressed_pairIP28AndroidDevicePairingDelegateNS_14default_deleteIS1_EEE5firstEv
                0x000000000003cbb4       0x24 obj/src/controller/java/libCHIPController.AndroidDeviceControllerWrapper.cpp.o
                0x000000000003cbb4                std::__ndk1::__compressed_pair<AndroidDevicePairingDelegate*, std::__ndk1::default_delete<AndroidDevicePairingDelegate> >::first() const
 .text._ZNKSt6__ndk122__compressed_pair_elemIP28AndroidDevicePairingDelegateLi0ELb0EE5__getEv
                0x000000000003cbd8       0x14 obj/src/controller/java/libCHIPController.AndroidDeviceControllerWrapper.cpp.o
                0x000000000003cbd8                std::__ndk1::__compressed_pair_elem<AndroidDevicePairingDelegate*, 0, false>::__get() const
 .text._ZN28AndroidDevicePairingDelegate29OnNetworkCredentialsRequestedEPN4chip35RendezvousDeviceCredentialsDelegateE
                0x000000000003cbec      0x180 obj/src/controller/java/libCHIPController.AndroidDevicePairingDelegate.cpp.o
                0x000000000003cbec                AndroidDevicePairingDelegate::OnNetworkCredentialsRequested(chip::RendezvousDeviceCredentialsDelegate*)
 .text._ZN28AndroidDevicePairingDelegate33OnOperationalCredentialsRequestedEPKcmPN4chip35RendezvousDeviceCredentialsDelegateE
                0x000000000003cd6c       0x4c obj/src/controller/java/libCHIPController.AndroidDevicePairingDelegate.cpp.o
                0x000000000003cd6c                AndroidDevicePairingDelegate::OnOperationalCredentialsRequested(char const*, unsigned long, chip::RendezvousDeviceCredentialsDelegate*)
 .text._ZN28AndroidDevicePairingDelegate14OnStatusUpdateEN4chip25RendezvousSessionDelegate6StatusE
                0x000000000003cdb8       0x3c obj/src/controller/java/libCHIPController.AndroidDevicePairingDelegate.cpp.o
                0x000000000003cdb8                AndroidDevicePairingDelegate::OnStatusUpdate(chip::RendezvousSessionDelegate::Status)
 .text._ZN28AndroidDevicePairingDelegate17OnPairingCompleteEi
                0x000000000003cdf4       0x3c obj/src/controller/java/libCHIPController.AndroidDevicePairingDelegate.cpp.o
                0x000000000003cdf4                AndroidDevicePairingDelegate::OnPairingComplete(int)
 .text._ZN28AndroidDevicePairingDelegate16OnPairingDeletedEi
                0x000000000003ce30       0x3c obj/src/controller/java/libCHIPController.AndroidDevicePairingDelegate.cpp.o
                0x000000000003ce30                AndroidDevicePairingDelegate::OnPairingDeleted(int)
 .text._ZN28AndroidDevicePairingDelegateD2Ev
                0x000000000003ce6c       0x24 obj/src/controller/java/libCHIPController.AndroidDevicePairingDelegate.cpp.o
                0x000000000003ce6c                AndroidDevicePairingDelegate::~AndroidDevicePairingDelegate()
 .text._ZN28AndroidDevicePairingDelegateD0Ev
                0x000000000003ce90       0x34 obj/src/controller/java/libCHIPController.AndroidDevicePairingDelegate.cpp.o
                0x000000000003ce90                AndroidDevicePairingDelegate::~AndroidDevicePairingDelegate()
 .text._ZN4chip6System5LayerD2Ev
                0x000000000003cec4       0x2c obj/src/controller/java/libCHIPController.CHIPDeviceController-JNI.cpp.o
                0x000000000003cec4                chip::System::Layer::~Layer()
 .text._ZN28AndroidBleConnectionDelegateC2Ev
                0x000000000003cef0       0x5c obj/src/controller/java/libCHIPController.CHIPDeviceController-JNI.cpp.o
                0x000000000003cef0                AndroidBleConnectionDelegate::AndroidBleConnectionDelegate()
 .text.JNI_OnLoad
                0x000000000003cf4c      0x38c obj/src/controller/java/libCHIPController.CHIPDeviceController-JNI.cpp.o
                0x000000000003cf4c                JNI_OnLoad
 .text._ZN7_JavaVM6GetEnvEPPvi
                0x000000000003d2d8       0x40 obj/src/controller/java/libCHIPController.CHIPDeviceController-JNI.cpp.o
                0x000000000003d2d8                _JavaVM::GetEnv(void**, int)
 .text._ZL11GetClassRefP7_JNIEnvPKcRP7_jclass
                0x000000000003d318       0xb0 obj/src/controller/java/libCHIPController.CHIPDeviceController-JNI.cpp.o
 .text._ZL32HandleNotifyChipConnectionClosedPv
                0x000000000003d3c8      0x178 obj/src/controller/java/libCHIPController.CHIPDeviceController-JNI.cpp.o
 .text._ZL24HandleSendCharacteristicPvPKhS1_S1_j
                0x000000000003d540      0x244 obj/src/controller/java/libCHIPController.CHIPDeviceController-JNI.cpp.o
 .text._ZL29HandleSubscribeCharacteristicPvPKhS1_
                0x000000000003d784      0x210 obj/src/controller/java/libCHIPController.CHIPDeviceController-JNI.cpp.o
 .text._ZL31HandleUnsubscribeCharacteristicPvPKhS1_
                0x000000000003d994      0x210 obj/src/controller/java/libCHIPController.CHIPDeviceController-JNI.cpp.o
 .text._ZL21HandleCloseConnectionPv
                0x000000000003dba4      0x1b8 obj/src/controller/java/libCHIPController.CHIPDeviceController-JNI.cpp.o
 .text._ZL12HandleGetMTUPv
                0x000000000003dd5c      0x1a4 obj/src/controller/java/libCHIPController.CHIPDeviceController-JNI.cpp.o
 .text._ZN28AndroidBleConnectionDelegate24SetNewConnectionCallbackEPFvPvtE
                0x000000000003df00       0x20 obj/src/controller/java/libCHIPController.CHIPDeviceController-JNI.cpp.o
                0x000000000003df00                AndroidBleConnectionDelegate::SetNewConnectionCallback(void (*)(void*, unsigned short))
 .text._ZL19HandleNewConnectionPvt
                0x000000000003df20      0x180 obj/src/controller/java/libCHIPController.CHIPDeviceController-JNI.cpp.o
 .text._ZL12IOThreadMainPv
                0x000000000003e0a0      0x238 obj/src/controller/java/libCHIPController.CHIPDeviceController-JNI.cpp.o
 .text._ZL10ThrowErrorP7_JNIEnvi
                0x000000000003e2d8       0x4c obj/src/controller/java/libCHIPController.CHIPDeviceController-JNI.cpp.o
 .text.JNI_OnUnload
                0x000000000003e324       0xc0 obj/src/controller/java/libCHIPController.CHIPDeviceController-JNI.cpp.o
                0x000000000003e324                JNI_OnUnload
 .text.Java_chip_devicecontroller_ChipDeviceController_newDeviceController
                0x000000000003e3e4      0x124 obj/src/controller/java/libCHIPController.CHIPDeviceController-JNI.cpp.o
                0x000000000003e3e4                Java_chip_devicecontroller_ChipDeviceController_newDeviceController
 .text._ZN30AndroidDeviceControllerWrapper11ToJNIHandleEv
                0x000000000003e508       0x14 obj/src/controller/java/libCHIPController.CHIPDeviceController-JNI.cpp.o
                0x000000000003e508                AndroidDeviceControllerWrapper::ToJNIHandle()
 .text.Java_chip_devicecontroller_ChipDeviceController_beginConnectDevice
                0x000000000003e51c      0x1b0 obj/src/controller/java/libCHIPController.CHIPDeviceController-JNI.cpp.o
                0x000000000003e51c                Java_chip_devicecontroller_ChipDeviceController_beginConnectDevice
 .text._ZN30AndroidDeviceControllerWrapper13FromJNIHandleEl
                0x000000000003e6cc       0x18 obj/src/controller/java/libCHIPController.CHIPDeviceController-JNI.cpp.o
                0x000000000003e6cc                AndroidDeviceControllerWrapper::FromJNIHandle(long)
 .text._ZN12_GLOBAL__N_117ScopedPthreadLockC2EP15pthread_mutex_t
                0x000000000003e6e4       0x34 obj/src/controller/java/libCHIPController.CHIPDeviceController-JNI.cpp.o
 .text._ZN4chip20RendezvousParametersC2Ev
                0x000000000003e718       0x58 obj/src/controller/java/libCHIPController.CHIPDeviceController-JNI.cpp.o
                0x000000000003e718                chip::RendezvousParameters::RendezvousParameters()
 .text._ZN4chip20RendezvousParameters15SetSetupPINCodeEj
                0x000000000003e770       0x24 obj/src/controller/java/libCHIPController.CHIPDeviceController-JNI.cpp.o
                0x000000000003e770                chip::RendezvousParameters::SetSetupPINCode(unsigned int)
 .text._ZN4chip20RendezvousParameters19SetConnectionObjectEPv
                0x000000000003e794       0x24 obj/src/controller/java/libCHIPController.CHIPDeviceController-JNI.cpp.o
                0x000000000003e794                chip::RendezvousParameters::SetConnectionObject(void*)
 .text._ZN4chip20RendezvousParameters11SetBleLayerEPNS_3Ble8BleLayerE
                0x000000000003e7b8       0x24 obj/src/controller/java/libCHIPController.CHIPDeviceController-JNI.cpp.o
                0x000000000003e7b8                chip::RendezvousParameters::SetBleLayer(chip::Ble::BleLayer*)
 .text._ZN30AndroidDeviceControllerWrapper10ControllerEv
                0x000000000003e7dc       0x24 obj/src/controller/java/libCHIPController.CHIPDeviceController-JNI.cpp.o
                0x000000000003e7dc                AndroidDeviceControllerWrapper::Controller()
 .text._ZL17HandleKeyExchangePN4chip16DeviceController20ChipDeviceControllerEPNS_9Transport19PeerConnectionStateEPv
                0x000000000003e800       0x38 obj/src/controller/java/libCHIPController.CHIPDeviceController-JNI.cpp.o
 .text._ZL18HandleEchoResponsePN4chip16DeviceController20ChipDeviceControllerEPvPNS_6System12PacketBufferE
                0x000000000003e838      0x220 obj/src/controller/java/libCHIPController.CHIPDeviceController-JNI.cpp.o
 .text._ZL11HandleErrorPN4chip16DeviceController20ChipDeviceControllerEPviPKNS_4Inet12IPPacketInfoE
                0x000000000003ea58      0x188 obj/src/controller/java/libCHIPController.CHIPDeviceController-JNI.cpp.o
 .text._ZN12_GLOBAL__N_117ScopedPthreadLockD2Ev
                0x000000000003ebe0       0x28 obj/src/controller/java/libCHIPController.CHIPDeviceController-JNI.cpp.o
 .text.Java_chip_devicecontroller_ChipDeviceController_beginConnectDeviceIp
                0x000000000003ec08      0x150 obj/src/controller/java/libCHIPController.CHIPDeviceController-JNI.cpp.o
                0x000000000003ec08                Java_chip_devicecontroller_ChipDeviceController_beginConnectDeviceIp
 .text._ZN7_JNIEnv17GetStringUTFCharsEP8_jstringPh
                0x000000000003ed58       0x40 obj/src/controller/java/libCHIPController.CHIPDeviceController-JNI.cpp.o
                0x000000000003ed58                _JNIEnv::GetStringUTFChars(_jstring*, unsigned char*)
 .text._ZN7_JNIEnv21ReleaseStringUTFCharsEP8_jstringPKc
                0x000000000003ed98       0x40 obj/src/controller/java/libCHIPController.CHIPDeviceController-JNI.cpp.o
                0x000000000003ed98                _JNIEnv::ReleaseStringUTFChars(_jstring*, char const*)
 .text.Java_chip_devicecontroller_ChipDeviceController_beginSendMessage
                0x000000000003edd8      0x164 obj/src/controller/java/libCHIPController.CHIPDeviceController-JNI.cpp.o
                0x000000000003edd8                Java_chip_devicecontroller_ChipDeviceController_beginSendMessage
 .text.Java_chip_devicecontroller_ChipDeviceController_beginSendCommand
                0x000000000003ef3c      0x244 obj/src/controller/java/libCHIPController.CHIPDeviceController-JNI.cpp.o
                0x000000000003ef3c                Java_chip_devicecontroller_ChipDeviceController_beginSendCommand
 .text._ZN7_JNIEnv14GetObjectClassEP8_jobject
                0x000000000003f180       0x38 obj/src/controller/java/libCHIPController.CHIPDeviceController-JNI.cpp.o
                0x000000000003f180                _JNIEnv::GetObjectClass(_jobject*)
 .text._ZN7_JNIEnv11GetMethodIDEP7_jclassPKcS3_
                0x000000000003f1b8       0x48 obj/src/controller/java/libCHIPController.CHIPDeviceController-JNI.cpp.o
                0x000000000003f1b8                _JNIEnv::GetMethodID(_jclass*, char const*, char const*)
 .text._ZN7_JNIEnv13CallIntMethodEP8_jobjectP10_jmethodIDz
                0x000000000003f200       0xc8 obj/src/controller/java/libCHIPController.CHIPDeviceController-JNI.cpp.o
                0x000000000003f200                _JNIEnv::CallIntMethod(_jobject*, _jmethodID*, ...)
 .text.Java_chip_devicecontroller_ChipDeviceController_handleIndicationReceived
                0x000000000003f2c8      0x198 obj/src/controller/java/libCHIPController.CHIPDeviceController-JNI.cpp.o
                0x000000000003f2c8                Java_chip_devicecontroller_ChipDeviceController_handleIndicationReceived
 .text._ZN7_JNIEnv20GetByteArrayElementsEP11_jbyteArrayPh
                0x000000000003f460       0x40 obj/src/controller/java/libCHIPController.CHIPDeviceController-JNI.cpp.o
                0x000000000003f460                _JNIEnv::GetByteArrayElements(_jbyteArray*, unsigned char*)
 .text._ZN7_JNIEnv14GetArrayLengthEP7_jarray
                0x000000000003f4a0       0x38 obj/src/controller/java/libCHIPController.CHIPDeviceController-JNI.cpp.o
                0x000000000003f4a0                _JNIEnv::GetArrayLength(_jarray*)
 .text._ZL15JavaBytesToUUIDP7_JNIEnvP11_jbyteArrayRN4chip3Ble11ChipBleUUIDE
                0x000000000003f4d8       0xc0 obj/src/controller/java/libCHIPController.CHIPDeviceController-JNI.cpp.o
 .text._ZN7_JNIEnv24ReleaseByteArrayElementsEP11_jbyteArrayPai
                0x000000000003f598       0x48 obj/src/controller/java/libCHIPController.CHIPDeviceController-JNI.cpp.o
                0x000000000003f598                _JNIEnv::ReleaseByteArrayElements(_jbyteArray*, signed char*, int)
 .text.Java_chip_devicecontroller_ChipDeviceController_handleWriteConfirmation
                0x000000000003f5e0       0xd8 obj/src/controller/java/libCHIPController.CHIPDeviceController-JNI.cpp.o
                0x000000000003f5e0                Java_chip_devicecontroller_ChipDeviceController_handleWriteConfirmation
 .text.Java_chip_devicecontroller_ChipDeviceController_handleSubscribeComplete
                0x000000000003f6b8       0xd8 obj/src/controller/java/libCHIPController.CHIPDeviceController-JNI.cpp.o
                0x000000000003f6b8                Java_chip_devicecontroller_ChipDeviceController_handleSubscribeComplete
 .text.Java_chip_devicecontroller_ChipDeviceController_handleUnsubscribeComplete
                0x000000000003f790       0xd8 obj/src/controller/java/libCHIPController.CHIPDeviceController-JNI.cpp.o
                0x000000000003f790                Java_chip_devicecontroller_ChipDeviceController_handleUnsubscribeComplete
 .text.Java_chip_devicecontroller_ChipDeviceController_handleConnectionError
                0x000000000003f868       0x70 obj/src/controller/java/libCHIPController.CHIPDeviceController-JNI.cpp.o
                0x000000000003f868                Java_chip_devicecontroller_ChipDeviceController_handleConnectionError
 .text.Java_chip_devicecontroller_ChipDeviceController_isConnected
                0x000000000003f8d8       0x78 obj/src/controller/java/libCHIPController.CHIPDeviceController-JNI.cpp.o
                0x000000000003f8d8                Java_chip_devicecontroller_ChipDeviceController_isConnected
 .text.Java_chip_devicecontroller_ChipDeviceController_getIpAddress
                0x000000000003f950       0xcc obj/src/controller/java/libCHIPController.CHIPDeviceController-JNI.cpp.o
                0x000000000003f950                Java_chip_devicecontroller_ChipDeviceController_getIpAddress
 .text._ZN7_JNIEnv12NewStringUTFEPKc
                0x000000000003fa1c       0x38 obj/src/controller/java/libCHIPController.CHIPDeviceController-JNI.cpp.o
                0x000000000003fa1c                _JNIEnv::NewStringUTF(char const*)
 .text.Java_chip_devicecontroller_ChipDeviceController_disconnectDevice
                0x000000000003fa54       0xcc obj/src/controller/java/libCHIPController.CHIPDeviceController-JNI.cpp.o
                0x000000000003fa54                Java_chip_devicecontroller_ChipDeviceController_disconnectDevice
 .text.Java_chip_devicecontroller_ChipDeviceController_deleteDeviceController
                0x000000000003fb20       0x90 obj/src/controller/java/libCHIPController.CHIPDeviceController-JNI.cpp.o
                0x000000000003fb20                Java_chip_devicecontroller_ChipDeviceController_deleteDeviceController
 .text._ZN4chip8Callback13CallbackDequeD2Ev
                0x000000000003fbb0       0x24 obj/src/controller/java/libCHIPController.CHIPDeviceController-JNI.cpp.o
                0x000000000003fbb0                chip::Callback::CallbackDeque::~CallbackDeque()
 .text._ZN4chip8Callback10CancelableD2Ev
                0x000000000003fbd4       0x24 obj/src/controller/java/libCHIPController.CHIPDeviceController-JNI.cpp.o
                0x000000000003fbd4                chip::Callback::Cancelable::~Cancelable()
 .text._ZN4chip8Callback10Cancelable6CancelEv
                0x000000000003fbf8       0x5c obj/src/controller/java/libCHIPController.CHIPDeviceController-JNI.cpp.o
                0x000000000003fbf8                chip::Callback::Cancelable::Cancel()
 .text._ZN4chip3Ble21BleConnectionDelegateC2Ev
                0x000000000003fc54       0x28 obj/src/controller/java/libCHIPController.CHIPDeviceController-JNI.cpp.o
                0x000000000003fc54                chip::Ble::BleConnectionDelegate::BleConnectionDelegate()
 .text._ZN4chip8OptionalImEC2Ev
                0x000000000003fc7c       0x1c obj/src/controller/java/libCHIPController.CHIPDeviceController-JNI.cpp.o
                0x000000000003fc7c                chip::Optional<unsigned long>::Optional()
 .text._ZNKSt6__ndk110unique_ptrIN4chip16DeviceController20ChipDeviceControllerENS_14default_deleteIS3_EEE3getEv
                0x000000000003fc98       0x28 obj/src/controller/java/libCHIPController.CHIPDeviceController-JNI.cpp.o
                0x000000000003fc98                std::__ndk1::unique_ptr<chip::DeviceController::ChipDeviceController, std::__ndk1::default_delete<chip::DeviceController::ChipDeviceController> >::get() const
 .text._ZL29HandleSimpleOperationCompletePN4chip16DeviceController20ChipDeviceControllerEPKc
                0x000000000003fcc0      0x294 obj/src/controller/java/libCHIPController.CHIPDeviceController-JNI.cpp.o
 .text._ZN12_GLOBAL__N_116StackUnlockGuardC2Ev
                0x000000000003ff54       0x2c obj/src/controller/java/libCHIPController.CHIPDeviceController-JNI.cpp.o
 .text._ZN7_JNIEnv14ExceptionClearEv
                0x000000000003ff80       0x30 obj/src/controller/java/libCHIPController.CHIPDeviceController-JNI.cpp.o
                0x000000000003ff80                _JNIEnv::ExceptionClear()
 .text._ZN7_JNIEnv14CallVoidMethodEP8_jobjectP10_jmethodIDz
                0x000000000003ffb0       0xc4 obj/src/controller/java/libCHIPController.CHIPDeviceController-JNI.cpp.o
                0x000000000003ffb0                _JNIEnv::CallVoidMethod(_jobject*, _jmethodID*, ...)
 .text._ZN7_JNIEnv14ExceptionCheckEv
                0x0000000000040074       0x30 obj/src/controller/java/libCHIPController.CHIPDeviceController-JNI.cpp.o
                0x0000000000040074                _JNIEnv::ExceptionCheck()
 .text._ZN7_JNIEnv17ExceptionDescribeEv
                0x00000000000400a4       0x30 obj/src/controller/java/libCHIPController.CHIPDeviceController-JNI.cpp.o
                0x00000000000400a4                _JNIEnv::ExceptionDescribe()
 .text._ZN12_GLOBAL__N_116StackUnlockGuardD2Ev
                0x00000000000400d4       0x2c obj/src/controller/java/libCHIPController.CHIPDeviceController-JNI.cpp.o
 .text._ZL16N2J_NewStringUTFP7_JNIEnvPKcRP8_jstring
                0x0000000000040100       0x5c obj/src/controller/java/libCHIPController.CHIPDeviceController-JNI.cpp.o
 .text._ZL16N2J_NewStringUTFP7_JNIEnvPKcmRP8_jstring
                0x000000000004015c      0x1b8 obj/src/controller/java/libCHIPController.CHIPDeviceController-JNI.cpp.o
 .text._ZL13N2J_ByteArrayP7_JNIEnvPKhjRP11_jbyteArray
                0x0000000000040314       0xb4 obj/src/controller/java/libCHIPController.CHIPDeviceController-JNI.cpp.o
 .text._ZN7_JNIEnv9FindClassEPKc
                0x00000000000403c8       0x38 obj/src/controller/java/libCHIPController.CHIPDeviceController-JNI.cpp.o
                0x00000000000403c8                _JNIEnv::FindClass(char const*)
 .text._ZN7_JNIEnv9NewObjectEP7_jclassP10_jmethodIDz
                0x0000000000040400       0xcc obj/src/controller/java/libCHIPController.CHIPDeviceController-JNI.cpp.o
                0x0000000000040400                _JNIEnv::NewObject(_jclass*, _jmethodID*, ...)
 .text._ZN7_JNIEnv14DeleteLocalRefEP8_jobject
                0x00000000000404cc       0x38 obj/src/controller/java/libCHIPController.CHIPDeviceController-JNI.cpp.o
                0x00000000000404cc                _JNIEnv::DeleteLocalRef(_jobject*)
 .text._ZN7_JNIEnv12NewByteArrayEi
                0x0000000000040504       0x38 obj/src/controller/java/libCHIPController.CHIPDeviceController-JNI.cpp.o
                0x0000000000040504                _JNIEnv::NewByteArray(int)
 .text._ZN7_JNIEnv18SetByteArrayRegionEP11_jbyteArrayiiPKa
                0x000000000004053c       0x50 obj/src/controller/java/libCHIPController.CHIPDeviceController-JNI.cpp.o
                0x000000000004053c                _JNIEnv::SetByteArrayRegion(_jbyteArray*, int, int, signed char const*)
 .text._ZN7_JNIEnv17GetStaticMethodIDEP7_jclassPKcS3_
                0x000000000004058c       0x48 obj/src/controller/java/libCHIPController.CHIPDeviceController-JNI.cpp.o
                0x000000000004058c                _JNIEnv::GetStaticMethodID(_jclass*, char const*, char const*)
 .text._ZN7_JNIEnv20CallStaticVoidMethodEP7_jclassP10_jmethodIDz
                0x00000000000405d4       0xc4 obj/src/controller/java/libCHIPController.CHIPDeviceController-JNI.cpp.o
                0x00000000000405d4                _JNIEnv::CallStaticVoidMethod(_jclass*, _jmethodID*, ...)
 .text._ZL11ReportErrorP7_JNIEnviPKc
                0x0000000000040698      0x100 obj/src/controller/java/libCHIPController.CHIPDeviceController-JNI.cpp.o
 .text._ZN7_JNIEnv23CallStaticBooleanMethodEP7_jclassP10_jmethodIDz
                0x0000000000040798       0xc8 obj/src/controller/java/libCHIPController.CHIPDeviceController-JNI.cpp.o
                0x0000000000040798                _JNIEnv::CallStaticBooleanMethod(_jclass*, _jmethodID*, ...)
 .text._ZN7_JNIEnv19CallStaticIntMethodEP7_jclassP10_jmethodIDz
                0x0000000000040860       0xc8 obj/src/controller/java/libCHIPController.CHIPDeviceController-JNI.cpp.o
                0x0000000000040860                _JNIEnv::CallStaticIntMethod(_jclass*, _jmethodID*, ...)
 .text._ZL9N2J_ErrorP7_JNIEnviRP11_jthrowable
                0x0000000000040928      0x1a8 obj/src/controller/java/libCHIPController.CHIPDeviceController-JNI.cpp.o
 .text._ZN7_JavaVM27AttachCurrentThreadAsDaemonEPP7_JNIEnvPv
                0x0000000000040ad0       0x40 obj/src/controller/java/libCHIPController.CHIPDeviceController-JNI.cpp.o
                0x0000000000040ad0                _JavaVM::AttachCurrentThreadAsDaemon(_JNIEnv**, void*)
 .text._ZN7_JNIEnv5ThrowEP11_jthrowable
                0x0000000000040b10       0x38 obj/src/controller/java/libCHIPController.CHIPDeviceController-JNI.cpp.o
                0x0000000000040b10                _JNIEnv::Throw(_jthrowable*)
 .text.encodeApsFrame
                0x0000000000040b48       0xbc lib/libCHIP.a(libCHIPDataModel.encoder.cpp.o)
                0x0000000000040b48                encodeApsFrame
 .text._ZN4chip8BufBoundC2EPhm
                0x0000000000040c04       0x30 lib/libCHIP.a(libCHIPDataModel.encoder.cpp.o)