Archive member included to satisfy reference by file (symbol)

lib/libCHIP.a(libSupportLayer.CHIPPlatformMemory.cpp.o)
                              obj/src/lwip/standalone/lwip.sys_arch.c.o (CHIPPlatformMemoryAlloc)
lib/libCHIP.a(libSupportLayer.CHIPMem-Malloc.cpp.o)
                              lib/libCHIP.a(libSupportLayer.CHIPPlatformMemory.cpp.o) (chip::Platform::MemoryFree(void*))
lib/libCHIP.a(libSetupPayload.ManualSetupPayloadParser.cpp.o)
                              obj/src/setup_payload/java/libSetupPayloadParser.SetupPayloadParser-JNI.cpp.o (chip::ManualSetupPayloadParser::populatePayload(chip::SetupPayload&))
lib/libCHIP.a(libSetupPayload.QRCodeSetupPayloadParser.cpp.o)
                              obj/src/setup_payload/java/libSetupPayloadParser.SetupPayloadParser-JNI.cpp.o (chip::QRCodeSetupPayloadParser::populatePayload(chip::SetupPayload&))
lib/libCHIP.a(libSetupPayload.SetupPayload.cpp.o)
                              lib/libCHIP.a(libSetupPayload.QRCodeSetupPayloadParser.cpp.o) (chip::SetupPayload::getNumericTypeFor(unsigned char))
lib/libCHIP.a(libChipCore.CHIPTLVReader.cpp.o)
                              lib/libCHIP.a(libSetupPayload.QRCodeSetupPayloadParser.cpp.o) (chip::TLV::TLVReader::OpenContainer(chip::TLV::TLVReader&))
lib/libCHIP.a(libSupportLayer.CHIPMem.cpp.o)
                              lib/libCHIP.a(libSupportLayer.CHIPPlatformMemory.cpp.o) (chip::Platform::MemoryInit(void*, unsigned long))
lib/libCHIP.a(libSupportLayer.CHIPLogging.cpp.o)
                              lib/libCHIP.a(libSetupPayload.ManualSetupPayloadParser.cpp.o) (chip::Logging::Log(unsigned char, unsigned char, char const*, ...))
lib/libCHIP.a(libSupportLayer.CHIPLoggingLogV.cpp.o)
                              lib/libCHIP.a(libSupportLayer.CHIPLogging.cpp.o) (chip::Logging::LogV(unsigned char, unsigned char, char const*, std::__va_list))
lib/libCHIP.a(libSupportLayer.Verhoeff10.cpp.o)
                              lib/libCHIP.a(libSetupPayload.ManualSetupPayloadParser.cpp.o) (Verhoeff10::ValidateCheckChar(char, char const*))
lib/libCHIP.a(libSetupPayload.Base41.cpp.o)
                              lib/libCHIP.a(libSetupPayload.QRCodeSetupPayloadParser.cpp.o) (chip::base41Decode(std::__ndk1::basic_string<char, std::__ndk1::char_traits<char>, std::__ndk1::allocator<char> >, std::__ndk1::vector<unsigned char, std::__ndk1::allocator<unsigned char> >&))
lib/libCHIP.a(libSystemLayer.SystemPacketBuffer.cpp.o)
                              lib/libCHIP.a(libChipCore.CHIPTLVReader.cpp.o) (chip::System::PacketBuffer::DataLength() const)
lib/libCHIP.a(libSystemLayer.SystemStats.cpp.o)
                              lib/libCHIP.a(libSystemLayer.SystemPacketBuffer.cpp.o) (chip::System::Stats::GetHighWatermarks())
lib/libCHIP.a(libSystemLayer.SystemTimer.cpp.o)
                              lib/libCHIP.a(libSystemLayer.SystemStats.cpp.o) (chip::System::Timer::sPool)
lib/libCHIP.a(libSystemLayer.SystemFaultInjection.cpp.o)
                              lib/libCHIP.a(libSystemLayer.SystemPacketBuffer.cpp.o) (chip::System::FaultInjection::GetManager())
lib/libCHIP.a(libnlfaultinjection.nlfaultinjection.cpp.o)
                              lib/libCHIP.a(libSystemLayer.SystemPacketBuffer.cpp.o) (nl::FaultInjection::Manager::CheckFault(unsigned int))
lib/libCHIP.a(libSupportLayer.Verhoeff.cpp.o)
                              lib/libCHIP.a(libSupportLayer.Verhoeff10.cpp.o) (Verhoeff::DihedralInvert(int, int))
lib/libCHIP.a(libSystemLayer.SystemClock.cpp.o)
                              lib/libCHIP.a(libSystemLayer.SystemTimer.cpp.o) (chip::System::Platform::Layer::GetClock_MonotonicMS())
lib/libCHIP.a(libSystemLayer.SystemError.cpp.o)
                              lib/libCHIP.a(libSystemLayer.SystemClock.cpp.o) (chip::System::MapErrorPOSIX(int))
lib/libCHIP.a(libSystemLayer.SystemLayer.cpp.o)
                              lib/libCHIP.a(libSystemLayer.SystemTimer.cpp.o) (chip::System::Layer::WakeSelect())
lib/libCHIP.a(libSystemLayer.SystemMutex.cpp.o)
                              lib/libCHIP.a(libSystemLayer.SystemPacketBuffer.cpp.o) (chip::System::Mutex::Init(chip::System::Mutex&))
lib/libCHIP.a(libSystemLayer.SystemObject.cpp.o)
                              lib/libCHIP.a(libSystemLayer.SystemTimer.cpp.o) (chip::System::Object::Release())
lib/libCHIP.a(libSystemLayer.SystemWakeEvent.cpp.o)
                              lib/libCHIP.a(libSystemLayer.SystemLayer.cpp.o) (chip::System::SystemWakeEvent::Open())
lib/libCHIP.a(libSupportLayer.ErrorStr.cpp.o)
                              lib/libCHIP.a(libSystemLayer.SystemError.cpp.o) (chip::FormatError(char*, unsigned short, char const*, int, char const*))

Discarded input sections

 .note.GNU-stack
                0x0000000000000000        0x0 /opt/android/android-ndk-r21b/toolchains/llvm/prebuilt/linux-x86_64/bin/../sysroot/usr/lib/aarch64-linux-android/24/crtbegin_so.o
 .note.GNU-stack
[...]
Memory Configuration

Name             Origin             Length             Attributes
*default*        0x0000000000000000 0xffffffffffffffff

Linker script and memory map

LOAD /opt/android/android-ndk-r21b/toolchains/llvm/prebuilt/linux-x86_64/bin/../sysroot/usr/lib/aarch64-linux-android/24/crtbegin_so.o
START GROUP
LOAD obj/src/setup_payload/java/libSetupPayloadParser.SetupPayloadParser-JNI.cpp.o
LOAD obj/src/lwip/standalone/lwip.sys_arch.c.o
LOAD obj/third_party/lwip/repo/lwip/src/core/lwip.def.c.o
LOAD obj/third_party/lwip/repo/lwip/src/core/lwip.dns.c.o
LOAD obj/third_party/lwip/repo/lwip/src/core/lwip.inet_chksum.c.o
LOAD obj/third_party/lwip/repo/lwip/src/core/lwip.init.c.o
LOAD obj/third_party/lwip/repo/lwip/src/core/lwip.ip.c.o
LOAD obj/third_party/lwip/repo/lwip/src/core/lwip.mem.c.o
LOAD obj/third_party/lwip/repo/lwip/src/core/lwip.memp.c.o
LOAD obj/third_party/lwip/repo/lwip/src/core/lwip.netif.c.o
LOAD obj/third_party/lwip/repo/lwip/src/core/lwip.pbuf.c.o
LOAD obj/third_party/lwip/repo/lwip/src/core/lwip.raw.c.o
LOAD obj/third_party/lwip/repo/lwip/src/core/lwip.stats.c.o
LOAD obj/third_party/lwip/repo/lwip/src/core/lwip.sys.c.o
LOAD obj/third_party/lwip/repo/lwip/src/core/lwip.tcp.c.o
LOAD obj/third_party/lwip/repo/lwip/src/core/lwip.tcp_in.c.o
LOAD obj/third_party/lwip/repo/lwip/src/core/lwip.tcp_out.c.o
LOAD obj/third_party/lwip/repo/lwip/src/core/lwip.timeouts.c.o
LOAD obj/third_party/lwip/repo/lwip/src/core/lwip.udp.c.o
LOAD obj/third_party/lwip/repo/lwip/src/core/ipv4/lwip.autoip.c.o
LOAD obj/third_party/lwip/repo/lwip/src/core/ipv4/lwip.dhcp.c.o
LOAD obj/third_party/lwip/repo/lwip/src/core/ipv4/lwip.etharp.c.o
LOAD obj/third_party/lwip/repo/lwip/src/core/ipv4/lwip.icmp.c.o
LOAD obj/third_party/lwip/repo/lwip/src/core/ipv4/lwip.igmp.c.o
LOAD obj/third_party/lwip/repo/lwip/src/core/ipv4/lwip.ip4.c.o
LOAD obj/third_party/lwip/repo/lwip/src/core/ipv4/lwip.ip4_addr.c.o
LOAD obj/third_party/lwip/repo/lwip/src/core/ipv4/lwip.ip4_frag.c.o
LOAD obj/third_party/lwip/repo/lwip/src/core/ipv6/lwip.dhcp6.c.o
LOAD obj/third_party/lwip/repo/lwip/src/core/ipv6/lwip.ethip6.c.o
LOAD obj/third_party/lwip/repo/lwip/src/core/ipv6/lwip.icmp6.c.o
LOAD obj/third_party/lwip/repo/lwip/src/core/ipv6/lwip.inet6.c.o
LOAD obj/third_party/lwip/repo/lwip/src/core/ipv6/lwip.ip6.c.o
LOAD obj/third_party/lwip/repo/lwip/src/core/ipv6/lwip.ip6_addr.c.o
LOAD obj/third_party/lwip/repo/lwip/src/core/ipv6/lwip.ip6_frag.c.o
LOAD obj/third_party/lwip/repo/lwip/src/core/ipv6/lwip.ip6_route_table.c.o
LOAD obj/third_party/lwip/repo/lwip/src/core/ipv6/lwip.mld6.c.o
LOAD obj/third_party/lwip/repo/lwip/src/core/ipv6/lwip.nd6.c.o
LOAD obj/third_party/lwip/repo/lwip/src/api/lwip.api_lib.c.o
LOAD obj/third_party/lwip/repo/lwip/src/api/lwip.api_msg.c.o
LOAD obj/third_party/lwip/repo/lwip/src/api/lwip.err.c.o
LOAD obj/third_party/lwip/repo/lwip/src/api/lwip.if.c.o
LOAD obj/third_party/lwip/repo/lwip/src/api/lwip.netbuf.c.o
LOAD obj/third_party/lwip/repo/lwip/src/api/lwip.netdb.c.o
LOAD obj/third_party/lwip/repo/lwip/src/api/lwip.netifapi.c.o
LOAD obj/third_party/lwip/repo/lwip/src/api/lwip.sockets.c.o
LOAD obj/third_party/lwip/repo/lwip/src/api/lwip.tcpip.c.o
LOAD obj/third_party/lwip/repo/lwip/src/netif/lwip.ethernet.c.o
LOAD obj/third_party/lwip/repo/lwip/src/netif/lwip.lowpan6.c.o
LOAD lib/libCHIP.a
LOAD obj/src/setup_payload/lib/libSetupPayload.a
LOAD obj/src/lib/core/lib/libChipCore.a
LOAD obj/src/app/lib/libCHIPDataModel.a
LOAD obj/src/lib/support/lib/libSupportLayer.a
LOAD lib/libnlfaultinjection.a
LOAD obj/src/system/lib/libSystemLayer.a
LOAD obj/src/ble/lib/libBleLayer.a
LOAD obj/src/inet/lib/libInetLayer.a
LOAD /opt/android/android-ndk-r21b/toolchains/llvm/prebuilt/linux-x86_64/bin/../sysroot/usr/lib/aarch64-linux-android/24/liblog.so
END GROUP
LOAD /opt/android/android-ndk-r21b/toolchains/llvm/prebuilt/linux-x86_64/bin/../sysroot/usr/lib/aarch64-linux-android/24/libc++.so
LOAD /opt/android/android-ndk-r21b/toolchains/llvm/prebuilt/linux-x86_64/bin/../sysroot/usr/lib/aarch64-linux-android/libc++_shared.so
LOAD /opt/android/android-ndk-r21b/toolchains/llvm/prebuilt/linux-x86_64/bin/../sysroot/usr/lib/aarch64-linux-android/24/libm.so
LOAD /opt/android/android-ndk-r21b/toolchains/llvm/prebuilt/linux-x86_64/bin/../lib/gcc/aarch64-linux-android/4.9.x/libgcc.a
LOAD /opt/android/android-ndk-r21b/toolchains/llvm/prebuilt/linux-x86_64/bin/../sysroot/usr/lib/aarch64-linux-android/24/libcompiler_rt-extras.a
LOAD /opt/android/android-ndk-r21b/toolchains/llvm/prebuilt/linux-x86_64/bin/../lib/gcc/aarch64-linux-android/4.9.x/libgcc_real.a
LOAD /opt/android/android-ndk-r21b/toolchains/llvm/prebuilt/linux-x86_64/bin/../sysroot/usr/lib/aarch64-linux-android/24/libdl.so
LOAD /opt/android/android-ndk-r21b/toolchains/llvm/prebuilt/linux-x86_64/bin/../sysroot/usr/lib/aarch64-linux-android/24/libc.so
LOAD /opt/android/android-ndk-r21b/toolchains/llvm/prebuilt/linux-x86_64/bin/../lib/gcc/aarch64-linux-android/4.9.x/libgcc.a
LOAD /opt/android/android-ndk-r21b/toolchains/llvm/prebuilt/linux-x86_64/bin/../sysroot/usr/lib/aarch64-linux-android/24/libcompiler_rt-extras.a
LOAD /opt/android/android-ndk-r21b/toolchains/llvm/prebuilt/linux-x86_64/bin/../lib/gcc/aarch64-linux-android/4.9.x/libgcc_real.a
LOAD /opt/android/android-ndk-r21b/toolchains/llvm/prebuilt/linux-x86_64/bin/../sysroot/usr/lib/aarch64-linux-android/24/libdl.so
LOAD /opt/android/android-ndk-r21b/toolchains/llvm/prebuilt/linux-x86_64/bin/../sysroot/usr/lib/aarch64-linux-android/24/crtend_so.o
                0x0000000000000190                . = (0x0 + SIZEOF_HEADERS)

.note.gnu.build-id
 *(.note.gnu.build-id)

.hash           0x0000000000000190     0x178c
 *(.hash)
 .hash          0x0000000000000190     0x178c /opt/android/android-ndk-r21b/toolchains/llvm/prebuilt/linux-x86_64/bin/../sysroot/usr/lib/aarch64-linux-android/24/crtbegin_so.o

.gnu.hash       0x0000000000001920     0x1a90
 *(.gnu.hash)
 .gnu.hash      0x0000000000001920     0x1a90 /opt/android/android-ndk-r21b/toolchains/llvm/prebuilt/linux-x86_64/bin/../sysroot/usr/lib/aarch64-linux-android/24/crtbegin_so.o

.dynsym         0x00000000000033b0     0x5c40
 *(.dynsym)
 .dynsym        0x00000000000033b0     0x5c40 /opt/android/android-ndk-r21b/toolchains/llvm/prebuilt/linux-x86_64/bin/../sysroot/usr/lib/aarch64-linux-android/24/crtbegin_so.o

.dynstr         0x0000000000008ff0     0xb1db
 *(.dynstr)
 .dynstr        0x0000000000008ff0     0xb1db /opt/android/android-ndk-r21b/toolchains/llvm/prebuilt/linux-x86_64/bin/../sysroot/usr/lib/aarch64-linux-android/24/crtbegin_so.o

.gnu.version    0x00000000000141cc      0x7b0
 *(.gnu.version)
 .gnu.version   0x00000000000141cc      0x7b0 /opt/android/android-ndk-r21b/toolchains/llvm/prebuilt/linux-x86_64/bin/../sysroot/usr/lib/aarch64-linux-android/24/crtbegin_so.o

.gnu.version_d  0x0000000000014980        0x0
 *(.gnu.version_d)
 .gnu.version_d
                0x0000000000014980        0x0 /opt/android/android-ndk-r21b/toolchains/llvm/prebuilt/linux-x86_64/bin/../sysroot/usr/lib/aarch64-linux-android/24/crtbegin_so.o

.gnu.version_r  0x0000000000014980       0x20
 *(.gnu.version_r)
 .gnu.version_r
                0x0000000000014980       0x20 /opt/android/android-ndk-r21b/toolchains/llvm/prebuilt/linux-x86_64/bin/../sysroot/usr/lib/aarch64-linux-android/24/crtbegin_so.o

.rela.dyn       0x00000000000149a0     0x12a8
 *(.rela.init)
 *(.rela.text .rela.text.* .rela.gnu.linkonce.t.*)
 *(.rela.fini)
 *(.rela.rodata .rela.rodata.* .rela.gnu.linkonce.r.*)
 *(.rela.data .rela.data.* .rela.gnu.linkonce.d.*)
 .rela.data.rel.ro
                0x00000000000149a0       0x18 /opt/android/android-ndk-r21b/toolchains/llvm/prebuilt/linux-x86_64/bin/../sysroot/usr/lib/aarch64-linux-android/24/crtbegin_so.o
 .rela.data.rel.ro.memp_RAW_PCB
                0x00000000000149b8       0x60 /opt/android/android-ndk-r21b/toolchains/llvm/prebuilt/linux-x86_64/bin/../sysroot/usr/lib/aarch64-linux-android/24/crtbegin_so.o
 .rela.data.rel.ro.memp_UDP_PCB
                0x0000000000014a18       0x60 /opt/android/android-ndk-r21b/toolchains/llvm/prebuilt/linux-x86_64/bin/../sysroot/usr/lib/aarch64-linux-android/24/crtbegin_so.o
 .rela.data.rel.ro.memp_TCP_PCB
                0x0000000000014a78       0x60 /opt/android/android-ndk-r21b/toolchains/llvm/prebuilt/linux-x86_64/bin/../sysroot/usr/lib/aarch64-linux-android/24/crtbegin_so.o
 .rela.data.rel.ro.memp_TCP_PCB_LISTEN
                0x0000000000014ad8       0x60 /opt/android/android-ndk-r21b/toolchains/llvm/prebuilt/linux-x86_64/bin/../sysroot/usr/lib/aarch64-linux-android/24/crtbegin_so.o
 .rela.data.rel.ro.memp_TCP_SEG
                0x0000000000014b38       0x60 /opt/android/android-ndk-r21b/toolchains/llvm/prebuilt/linux-x86_64/bin/../sysroot/usr/lib/aarch64-linux-android/24/crtbegin_so.o
 .rela.data.rel.ro.memp_REASSDATA
                0x0000000000014b98       0x60 /opt/android/android-ndk-r21b/toolchains/llvm/prebuilt/linux-x86_64/bin/../sysroot/usr/lib/aarch64-linux-android/24/crtbegin_so.o
 .rela.data.rel.ro.memp_FRAG_PBUF
                0x0000000000014bf8       0x60 /opt/android/android-ndk-r21b/toolchains/llvm/prebuilt/linux-x86_64/bin/../sysroot/usr/lib/aarch64-linux-android/24/crtbegin_so.o
 .rela.data.rel.ro.memp_TCPIP_MSG_API
                0x0000000000014c58       0x60 /opt/android/android-ndk-r21b/toolchains/llvm/prebuilt/linux-x86_64/bin/../sysroot/usr/lib/aarch64-linux-android/24/crtbegin_so.o
 .rela.data.rel.ro.memp_TCPIP_MSG_INPKT
                0x0000000000014cb8       0x60 /opt/android/android-ndk-r21b/toolchains/llvm/prebuilt/linux-x86_64/bin/../sysroot/usr/lib/aarch64-linux-android/24/crtbegin_so.o
 .rela.data.rel.ro.memp_IGMP_GROUP
                0x0000000000014d18       0x60 /opt/android/android-ndk-r21b/toolchains/llvm/prebuilt/linux-x86_64/bin/../sysroot/usr/lib/aarch64-linux-android/24/crtbegin_so.o
 .rela.data.rel.ro.memp_SYS_TIMEOUT
                0x0000000000014d78       0x60 /opt/android/android-ndk-r21b/toolchains/llvm/prebuilt/linux-x86_64/bin/../sysroot/usr/lib/aarch64-linux-android/24/crtbegin_so.o
 .rela.data.rel.ro.memp_ND6_QUEUE
                0x0000000000014dd8       0x60 /opt/android/android-ndk-r21b/toolchains/llvm/prebuilt/linux-x86_64/bin/../sysroot/usr/lib/aarch64-linux-android/24/crtbegin_so.o
 .rela.data.rel.ro.memp_IP6_REASSDATA
                0x0000000000014e38       0x60 /opt/android/android-ndk-r21b/toolchains/llvm/prebuilt/linux-x86_64/bin/../sysroot/usr/lib/aarch64-linux-android/24/crtbegin_so.o
 .rela.data.rel.ro.memp_MLD6_GROUP
                0x0000000000014e98       0x60 /opt/android/android-ndk-r21b/toolchains/llvm/prebuilt/linux-x86_64/bin/../sysroot/usr/lib/aarch64-linux-android/24/crtbegin_so.o
 .rela.data.rel.ro.memp_PBUF
                0x0000000000014ef8       0x60 /opt/android/android-ndk-r21b/toolchains/llvm/prebuilt/linux-x86_64/bin/../sysroot/usr/lib/aarch64-linux-android/24/crtbegin_so.o
 .rela.data.rel.ro.memp_PBUF_POOL
                0x0000000000014f58       0x60 /opt/android/android-ndk-r21b/toolchains/llvm/prebuilt/linux-x86_64/bin/../sysroot/usr/lib/aarch64-linux-android/24/crtbegin_so.o
 .rela.data.rel.ro.memp_pools
                0x0000000000014fb8      0x180 /opt/android/android-ndk-r21b/toolchains/llvm/prebuilt/linux-x86_64/bin/../sysroot/usr/lib/aarch64-linux-android/24/crtbegin_so.o
 .rela.data.rel.ro.tcp_pcb_lists
                0x0000000000015138       0x60 /opt/android/android-ndk-r21b/toolchains/llvm/prebuilt/linux-x86_64/bin/../sysroot/usr/lib/aarch64-linux-android/24/crtbegin_so.o
 .rela.data.rel.ro.tcp_state_str
                0x0000000000015198      0x108 /opt/android/android-ndk-r21b/toolchains/llvm/prebuilt/linux-x86_64/bin/../sysroot/usr/lib/aarch64-linux-android/24/crtbegin_so.o
 .rela.data.rel.ro.lwip_cyclic_timers
                0x00000000000152a0       0xd8 /opt/android/android-ndk-r21b/toolchains/llvm/prebuilt/linux-x86_64/bin/../sysroot/usr/lib/aarch64-linux-android/24/crtbegin_so.o
 .rela.data.err_strerr
                0x0000000000015378      0x198 /opt/android/android-ndk-r21b/toolchains/llvm/prebuilt/linux-x86_64/bin/../sysroot/usr/lib/aarch64-linux-android/24/crtbegin_so.o
 .rela.data.rel.ro._ZN4chip6System5StatsL13sStatsStringsE
                0x0000000000015510       0xf0 /opt/android/android-ndk-r21b/toolchains/llvm/prebuilt/linux-x86_64/bin/../sysroot/usr/lib/aarch64-linux-android/24/crtbegin_so.o
 .rela.data.rel.ro._ZN4chip6System14FaultInjectionL11sFaultNamesE
                0x0000000000015600       0x48 /opt/android/android-ndk-r21b/toolchains/llvm/prebuilt/linux-x86_64/bin/../sysroot/usr/lib/aarch64-linux-android/24/crtbegin_so.o
 .rela.data._ZN2nl14FaultInjectionL9sRandomCbE
                0x0000000000015648       0x30 /opt/android/android-ndk-r21b/toolchains/llvm/prebuilt/linux-x86_64/bin/../sysroot/usr/lib/aarch64-linux-android/24/crtbegin_so.o
 .rela.data._ZN2nl14FaultInjectionL21sEndOfCustomCallbacksE
                0x0000000000015678       0x18 /opt/android/android-ndk-r21b/toolchains/llvm/prebuilt/linux-x86_64/bin/../sysroot/usr/lib/aarch64-linux-android/24/crtbegin_so.o
 .rela.data._ZN2nl14FaultInjectionL16sDeterministicCbE
                0x0000000000015690       0x18 /opt/android/android-ndk-r21b/toolchains/llvm/prebuilt/linux-x86_64/bin/../sysroot/usr/lib/aarch64-linux-android/24/crtbegin_so.o
 .rela.data._ZZN4chip6System27RegisterLayerErrorFormatterEvE26sSystemLayerErrorFormatter
                0x00000000000156a8       0x18 /opt/android/android-ndk-r21b/toolchains/llvm/prebuilt/linux-x86_64/bin/../sysroot/usr/lib/aarch64-linux-android/24/crtbegin_so.o
 .rela.data._ZZN4chip6System27RegisterPOSIXErrorFormatterEvE20sPOSIXErrorFormatter
                0x00000000000156c0       0x18 /opt/android/android-ndk-r21b/toolchains/llvm/prebuilt/linux-x86_64/bin/../sysroot/usr/lib/aarch64-linux-android/24/crtbegin_so.o
 *(.rela.tdata .rela.tdata.* .rela.gnu.linkonce.td.*)
 *(.rela.tbss .rela.tbss.* .rela.gnu.linkonce.tb.*)
 *(.rela.ctors)
 *(.rela.dtors)
 *(.rela.got)
 .rela.got      0x00000000000156d8      0x528 /opt/android/android-ndk-r21b/toolchains/llvm/prebuilt/linux-x86_64/bin/../sysroot/usr/lib/aarch64-linux-android/24/crtbegin_so.o
 *(.rela.bss .rela.bss.* .rela.gnu.linkonce.b.*)
 *(.rela.ifunc)
 .rela.ifunc    0x0000000000015c00        0x0 /opt/android/android-ndk-r21b/toolchains/llvm/prebuilt/linux-x86_64/bin/../sysroot/usr/lib/aarch64-linux-android/24/crtbegin_so.o
 .rela.fini_array.0
                0x0000000000015c00       0x18 /opt/android/android-ndk-r21b/toolchains/llvm/prebuilt/linux-x86_64/bin/../sysroot/usr/lib/aarch64-linux-android/24/crtbegin_so.o
 .rela.fini_array
                0x0000000000015c18       0x18 /opt/android/android-ndk-r21b/toolchains/llvm/prebuilt/linux-x86_64/bin/../sysroot/usr/lib/aarch64-linux-android/24/crtbegin_so.o
 .rela.init_array
                0x0000000000015c30       0x18 /opt/android/android-ndk-r21b/toolchains/llvm/prebuilt/linux-x86_64/bin/../sysroot/usr/lib/aarch64-linux-android/24/crtbegin_so.o

.rela.plt       0x0000000000015c48     0x4128
 *(.rela.plt)
 .rela.plt      0x0000000000015c48     0x4128 /opt/android/android-ndk-r21b/toolchains/llvm/prebuilt/linux-x86_64/bin/../sysroot/usr/lib/aarch64-linux-android/24/crtbegin_so.o
 *(.rela.iplt)

.init
 *(SORT(.init))

.plt            0x0000000000019d70     0x2b90
 *(.plt)
 .plt           0x0000000000019d70     0x2b90 /opt/android/android-ndk-r21b/toolchains/llvm/prebuilt/linux-x86_64/bin/../sysroot/usr/lib/aarch64-linux-android/24/crtbegin_so.o
 *(.iplt)

.text           0x000000000001c900    0x5b91c
 *(.text.unlikely .text.*_unlikely .text.unlikely.*)
 *(.text.exit .text.exit.*)
 *(.text.startup .text.startup.*)
 .text.startup  0x000000000001c900       0x9c lib/libCHIP.a(libSystemLayer.SystemPacketBuffer.cpp.o)
 *(.text.hot .text.hot.*)
 *(.text .stub .text.* .gnu.linkonce.t.*)
 .text          0x000000000001c99c       0x48 /opt/android/android-ndk-r21b/toolchains/llvm/prebuilt/linux-x86_64/bin/../sysroot/usr/lib/aarch64-linux-android/24/crtbegin_so.o
                0x000000000001c9a8                __emutls_unregister_key
                0x000000000001c9b0                __atexit_handler_wrapper
                0x000000000001c9bc                atexit
                0x000000000001c9d8                pthread_atfork
 .text.Java_chip_setuppayload_SetupPayloadParser_fetchPayloadFromQrCode
                0x000000000001c9e4       0xd0 obj/src/setup_payload/java/libSetupPayloadParser.SetupPayloadParser-JNI.cpp.o
                0x000000000001c9e4                Java_chip_setuppayload_SetupPayloadParser_fetchPayloadFromQrCode
 .text._ZN4chip12SetupPayloadC2Ev
                0x000000000001cab4       0x64 obj/src/setup_payload/java/libSetupPayloadParser.SetupPayloadParser-JNI.cpp.o
                0x000000000001cab4                chip::SetupPayload::SetupPayload()
 .text._ZN7_JNIEnv17GetStringUTFCharsEP8_jstringPh
                0x000000000001cb18       0x40 obj/src/setup_payload/java/libSetupPayloadParser.SetupPayloadParser-JNI.cpp.o
                0x000000000001cb18                _JNIEnv::GetStringUTFChars(_jstring*, unsigned char*)
 .text._ZNSt6__ndk112basic_stringIcNS_11char_traitsIcEENS_9allocatorIcEEEC2IDnEEPKc
                0x000000000001cb58       0x58 obj/src/setup_payload/java/libSetupPayloadParser.SetupPayloadParser-JNI.cpp.o
                0x000000000001cb58                std::__ndk1::basic_string<char, std::__ndk1::char_traits<char>, std::__ndk1::allocator<char> >::basic_string<decltype(nullptr)>(char const*)
 .text._ZN4chip24QRCodeSetupPayloadParserC2ENSt6__ndk112basic_stringIcNS1_11char_traitsIcEENS1_9allocatorIcEEEE
                0x000000000001cbb0       0x40 obj/src/setup_payload/java/libSetupPayloadParser.SetupPayloadParser-JNI.cpp.o
                0x000000000001cbb0                chip::QRCodeSetupPayloadParser::QRCodeSetupPayloadParser(std::__ndk1::basic_string<char, std::__ndk1::char_traits<char>, std::__ndk1::allocator<char> >)
 .text._ZNSt6__ndk112basic_stringIcNS_11char_traitsIcEENS_9allocatorIcEEED2Ev
                0x000000000001cbf0       0x74 obj/src/setup_payload/java/libSetupPayloadParser.SetupPayloadParser-JNI.cpp.o
                0x000000000001cbf0                std::__ndk1::basic_string<char, std::__ndk1::char_traits<char>, std::__ndk1::allocator<char> >::~basic_string()
 .text._ZL21TransformSetupPayloadP7_JNIEnvRN4chip12SetupPayloadE
                0x000000000001cc64      0x544 obj/src/setup_payload/java/libSetupPayloadParser.SetupPayloadParser-JNI.cpp.o
 .text._ZN4chip12SetupPayloadD2Ev
                0x000000000001d1a8       0x40 obj/src/setup_payload/java/libSetupPayloadParser.SetupPayloadParser-JNI.cpp.o
                0x000000000001d1a8                chip::SetupPayload::~SetupPayload()
 .text.Java_chip_setuppayload_SetupPayloadParser_fetchPayloadFromManualEntryCode
                0x000000000001d1e8       0xd0 obj/src/setup_payload/java/libSetupPayloadParser.SetupPayloadParser-JNI.cpp.o
                0x000000000001d1e8                Java_chip_setuppayload_SetupPayloadParser_fetchPayloadFromManualEntryCode
 .text._ZN4chip24ManualSetupPayloadParserC2ENSt6__ndk112basic_stringIcNS1_11char_traitsIcEENS1_9allocatorIcEEEE
                0x000000000001d2b8       0x40 obj/src/setup_payload/java/libSetupPayloadParser.SetupPayloadParser-JNI.cpp.o
                0x000000000001d2b8                chip::ManualSetupPayloadParser::ManualSetupPayloadParser(std::__ndk1::basic_string<char, std::__ndk1::char_traits<char>, std::__ndk1::allocator<char> >)
 .text._ZNSt6__ndk13mapIhN4chip18OptionalQRCodeInfoENS_4lessIhEENS_9allocatorINS_4pairIKhS2_EEEEEC2Ev
                0x000000000001d2f8       0x44 obj/src/setup_payload/java/libSetupPayloadParser.SetupPayloadParser-JNI.cpp.o
                0x000000000001d2f8                std::__ndk1::map<unsigned char, chip::OptionalQRCodeInfo, std::__ndk1::less<unsigned char>, std::__ndk1::allocator<std::__ndk1::pair<unsigned char const, chip::OptionalQRCodeInfo> > >::map()
 .text._ZNSt6__ndk13mapIhN4chip27OptionalQRCodeInfoExtensionENS_4lessIhEENS_9allocatorINS_4pairIKhS2_EEEEEC2Ev
                0x000000000001d33c       0x44 obj/src/setup_payload/java/libSetupPayloadParser.SetupPayloadParser-JNI.cpp.o
                0x000000000001d33c                std::__ndk1::map<unsigned char, chip::OptionalQRCodeInfoExtension, std::__ndk1::less<unsigned char>, std::__ndk1::allocator<std::__ndk1::pair<unsigned char const, chip::OptionalQRCodeInfoExtension> > >::map()
 .text._ZNSt6__ndk119__map_value_compareIhNS_12__value_typeIhN4chip18OptionalQRCodeInfoEEENS_4lessIhEELb1EEC2ES6_
                0x000000000001d380       0x14 obj/src/setup_payload/java/libSetupPayloadParser.SetupPayloadParser-JNI.cpp.o
                0x000000000001d380                std::__ndk1::__map_value_compare<unsigned char, std::__ndk1::__value_type<unsigned char, chip::OptionalQRCodeInfo>, std::__ndk1::less<unsigned char>, true>::__map_value_compare(std::__ndk1::less<unsigned char>)
 .text._ZNSt6__ndk16__treeINS_12__value_typeIhN4chip18OptionalQRCodeInfoEEENS_19__map_value_compareIhS4_NS_4lessIhEELb1EEENS_9allocatorIS4_EEEC2ERKS8_
                0x000000000001d394       0x78 obj/src/setup_payload/java/libSetupPayloadParser.SetupPayloadParser-JNI.cpp.o
                0x000000000001d394                std::__ndk1::__tree<std::__ndk1::__value_type<unsigned char, chip::OptionalQRCodeInfo>, std::__ndk1::__map_value_compare<unsigned char, std::__ndk1::__value_type<unsigned char, chip::OptionalQRCodeInfo>, std::__ndk1::less<unsigned char>, true>, std::__ndk1::allocator<std::__ndk1::__value_type<unsigned char, chip::OptionalQRCodeInfo> > >::__tree(std::__ndk1::__map_value_compare<unsigned char, std::__ndk1::__value_type<unsigned char, chip::OptionalQRCodeInfo>, std::__ndk1::less<unsigned char>, true> const&)
 .text._ZNSt6__ndk117__compressed_pairINS_15__tree_end_nodeIPNS_16__tree_node_baseIPvEEEENS_9allocatorINS_11__tree_nodeINS_12__value_typeIhN4chip18OptionalQRCodeInfoEEES3_EEEEEC2ILb1EvEEv
                0x000000000001d40c       0x34 obj/src/setup_payload/java/libSetupPayloadParser.SetupPayloadParser-JNI.cpp.o
                0x000000000001d40c                std::__ndk1::__compressed_pair<std::__ndk1::__tree_end_node<std::__ndk1::__tree_node_base<void*>*>, std::__ndk1::allocator<std::__ndk1::__tree_node<std::__ndk1::__value_type<unsigned char, chip::OptionalQRCodeInfo>, void*> > >::__compressed_pair<true, void>()
 .text._ZNSt6__ndk117__compressed_pairImNS_19__map_value_compareIhNS_12__value_typeIhN4chip18OptionalQRCodeInfoEEENS_4lessIhEELb1EEEEC2IiRKS8_EEOT_OT0_
                0x000000000001d440       0x64 obj/src/setup_payload/java/libSetupPayloadParser.SetupPayloadParser-JNI.cpp.o
                0x000000000001d440                std::__ndk1::__compressed_pair<unsigned long, std::__ndk1::__map_value_compare<unsigned char, std::__ndk1::__value_type<unsigned char, chip::OptionalQRCodeInfo>, std::__ndk1::less<unsigned char>, true> >::__compressed_pair<int, std::__ndk1::__map_value_compare<unsigned char, std::__ndk1::__value_type<unsigned char, chip::OptionalQRCodeInfo>, std::__ndk1::less<unsigned char>, true> const&>(int&&, std::__ndk1::__map_value_compare<unsigned char, std::__ndk1::__value_type<unsigned char, chip::OptionalQRCodeInfo>, std::__ndk1::less<unsigned char>, true> const&)
 .text._ZNSt6__ndk16__treeINS_12__value_typeIhN4chip18OptionalQRCodeInfoEEENS_19__map_value_compareIhS4_NS_4lessIhEELb1EEENS_9allocatorIS4_EEE10__end_nodeEv
                0x000000000001d4a4       0x30 obj/src/setup_payload/java/libSetupPayloadParser.SetupPayloadParser-JNI.cpp.o
                0x000000000001d4a4                std::__ndk1::__tree<std::__ndk1::__value_type<unsigned char, chip::OptionalQRCodeInfo>, std::__ndk1::__map_value_compare<unsigned char, std::__ndk1::__value_type<unsigned char, chip::OptionalQRCodeInfo>, std::__ndk1::less<unsigned char>, true>, std::__ndk1::allocator<std::__ndk1::__value_type<unsigned char, chip::OptionalQRCodeInfo> > >::__end_node()
 .text._ZNSt6__ndk16__treeINS_12__value_typeIhN4chip18OptionalQRCodeInfoEEENS_19__map_value_compareIhS4_NS_4lessIhEELb1EEENS_9allocatorIS4_EEE12__begin_nodeEv
                0x000000000001d4d4       0x14 obj/src/setup_payload/java/libSetupPayloadParser.SetupPayloadParser-JNI.cpp.o
                0x000000000001d4d4                std::__ndk1::__tree<std::__ndk1::__value_type<unsigned char, chip::OptionalQRCodeInfo>, std::__ndk1::__map_value_compare<unsigned char, std::__ndk1::__value_type<unsigned char, chip::OptionalQRCodeInfo>, std::__ndk1::less<unsigned char>, true>, std::__ndk1::allocator<std::__ndk1::__value_type<unsigned char, chip::OptionalQRCodeInfo> > >::__begin_node()
 .text._ZNSt6__ndk122__compressed_pair_elemINS_15__tree_end_nodeIPNS_16__tree_node_baseIPvEEEELi0ELb0EEC2Ev
                0x000000000001d4e8       0x24 obj/src/setup_payload/java/libSetupPayloadParser.SetupPayloadParser-JNI.cpp.o
                0x000000000001d4e8                std::__ndk1::__compressed_pair_elem<std::__ndk1::__tree_end_node<std::__ndk1::__tree_node_base<void*>*>, 0, false>::__compressed_pair_elem()
 .text._ZNSt6__ndk122__compressed_pair_elemINS_9allocatorINS_11__tree_nodeINS_12__value_typeIhN4chip18OptionalQRCodeInfoEEEPvEEEELi1ELb1EEC2Ev
                0x000000000001d50c       0x24 obj/src/setup_payload/java/libSetupPayloadParser.SetupPayloadParser-JNI.cpp.o
                0x000000000001d50c                std::__ndk1::__compressed_pair_elem<std::__ndk1::allocator<std::__ndk1::__tree_node<std::__ndk1::__value_type<unsigned char, chip::OptionalQRCodeInfo>, void*> >, 1, true>::__compressed_pair_elem()
 .text._ZNSt6__ndk115__tree_end_nodeIPNS_16__tree_node_baseIPvEEEC2Ev
                0x000000000001d530       0x1c obj/src/setup_payload/java/libSetupPayloadParser.SetupPayloadParser-JNI.cpp.o
                0x000000000001d530                std::__ndk1::__tree_end_node<std::__ndk1::__tree_node_base<void*>*>::__tree_end_node()
 .text._ZNSt6__ndk19allocatorINS_11__tree_nodeINS_12__value_typeIhN4chip18OptionalQRCodeInfoEEEPvEEEC2Ev
                0x000000000001d54c       0x10 obj/src/setup_payload/java/libSetupPayloadParser.SetupPayloadParser-JNI.cpp.o
                0x000000000001d54c                std::__ndk1::allocator<std::__ndk1::__tree_node<std::__ndk1::__value_type<unsigned char, chip::OptionalQRCodeInfo>, void*> >::allocator()
 .text._ZNSt6__ndk17forwardIiEEOT_RNS_16remove_referenceIS1_E4typeE
                0x000000000001d55c       0x14 obj/src/setup_payload/java/libSetupPayloadParser.SetupPayloadParser-JNI.cpp.o
                0x000000000001d55c                int&& std::__ndk1::forward<int>(std::__ndk1::remove_reference<int>::type&)
 .text._ZNSt6__ndk122__compressed_pair_elemImLi0ELb0EEC2IivEEOT_
                0x000000000001d570       0x3c obj/src/setup_payload/java/libSetupPayloadParser.SetupPayloadParser-JNI.cpp.o
                0x000000000001d570                std::__ndk1::__compressed_pair_elem<unsigned long, 0, false>::__compressed_pair_elem<int, void>(int&&)
 .text._ZNSt6__ndk17forwardIRKNS_19__map_value_compareIhNS_12__value_typeIhN4chip18OptionalQRCodeInfoEEENS_4lessIhEELb1EEEEEOT_RNS_16remove_referenceISB_E4typeE
                0x000000000001d5ac       0x14 obj/src/setup_payload/java/libSetupPayloadParser.SetupPayloadParser-JNI.cpp.o
                0x000000000001d5ac                std::__ndk1::__map_value_compare<unsigned char, std::__ndk1::__value_type<unsigned char, chip::OptionalQRCodeInfo>, std::__ndk1::less<unsigned char>, true> const& std::__ndk1::forward<std::__ndk1::__map_value_compare<unsigned char, std::__ndk1::__value_type<unsigned char, chip::OptionalQRCodeInfo>, std::__ndk1::less<unsigned char>, true> const&>(std::__ndk1::remove_reference<std::__ndk1::__map_value_compare<unsigned char, std::__ndk1::__value_type<unsigned char, chip::OptionalQRCodeInfo>, std::__ndk1::less<unsigned char>, true> const&>::type&)
 .text._ZNSt6__ndk122__compressed_pair_elemINS_19__map_value_compareIhNS_12__value_typeIhN4chip18OptionalQRCodeInfoEEENS_4lessIhEELb1EEELi1ELb1EEC2IRKS8_vEEOT_
                0x000000000001d5c0       0x28 obj/src/setup_payload/java/libSetupPayloadParser.SetupPayloadParser-JNI.cpp.o
                0x000000000001d5c0                std::__ndk1::__compressed_pair_elem<std::__ndk1::__map_value_compare<unsigned char, std::__ndk1::__value_type<unsigned char, chip::OptionalQRCodeInfo>, std::__ndk1::less<unsigned char>, true>, 1, true>::__compressed_pair_elem<std::__ndk1::__map_value_compare<unsigned char, std::__ndk1::__value_type<unsigned char, chip::OptionalQRCodeInfo>, std::__ndk1::less<unsigned char>, true> const&, void>(std::__ndk1::__map_value_compare<unsigned char, std::__ndk1::__value_type<unsigned char, chip::OptionalQRCodeInfo>, std::__ndk1::less<unsigned char>, true> const&)
 .text._ZNSt6__ndk114pointer_traitsIPNS_15__tree_end_nodeIPNS_16__tree_node_baseIPvEEEEE10pointer_toERS6_
                0x000000000001d5e8       0x24 obj/src/setup_payload/java/libSetupPayloadParser.SetupPayloadParser-JNI.cpp.o
                0x000000000001d5e8                std::__ndk1::pointer_traits<std::__ndk1::__tree_end_node<std::__ndk1::__tree_node_base<void*>*>*>::pointer_to(std::__ndk1::__tree_end_node<std::__ndk1::__tree_node_base<void*>*>&)
 .text._ZNSt6__ndk117__compressed_pairINS_15__tree_end_nodeIPNS_16__tree_node_baseIPvEEEENS_9allocatorINS_11__tree_nodeINS_12__value_typeIhN4chip18OptionalQRCodeInfoEEES3_EEEEE5firstEv
                0x000000000001d60c       0x24 obj/src/setup_payload/java/libSetupPayloadParser.SetupPayloadParser-JNI.cpp.o
                0x000000000001d60c                std::__ndk1::__compressed_pair<std::__ndk1::__tree_end_node<std::__ndk1::__tree_node_base<void*>*>, std::__ndk1::allocator<std::__ndk1::__tree_node<std::__ndk1::__value_type<unsigned char, chip::OptionalQRCodeInfo>, void*> > >::first()
 .text._ZNSt6__ndk19addressofINS_15__tree_end_nodeIPNS_16__tree_node_baseIPvEEEEEEPT_RS7_
                0x000000000001d630       0x14 obj/src/setup_payload/java/libSetupPayloadParser.SetupPayloadParser-JNI.cpp.o
                0x000000000001d630                std::__ndk1::__tree_end_node<std::__ndk1::__tree_node_base<void*>*>* std::__ndk1::addressof<std::__ndk1::__tree_end_node<std::__ndk1::__tree_node_base<void*>*> >(std::__ndk1::__tree_end_node<std::__ndk1::__tree_node_base<void*>*>&)
 .text._ZNSt6__ndk122__compressed_pair_elemINS_15__tree_end_nodeIPNS_16__tree_node_baseIPvEEEELi0ELb0EE5__getEv
                0x000000000001d644       0x14 obj/src/setup_payload/java/libSetupPayloadParser.SetupPayloadParser-JNI.cpp.o
                0x000000000001d644                std::__ndk1::__compressed_pair_elem<std::__ndk1::__tree_end_node<std::__ndk1::__tree_node_base<void*>*>, 0, false>::__get()
 .text._ZNSt6__ndk119__map_value_compareIhNS_12__value_typeIhN4chip27OptionalQRCodeInfoExtensionEEENS_4lessIhEELb1EEC2ES6_
                0x000000000001d658       0x14 obj/src/setup_payload/java/libSetupPayloadParser.SetupPayloadParser-JNI.cpp.o
                0x000000000001d658                std::__ndk1::__map_value_compare<unsigned char, std::__ndk1::__value_type<unsigned char, chip::OptionalQRCodeInfoExtension>, std::__ndk1::less<unsigned char>, true>::__map_value_compare(std::__ndk1::less<unsigned char>)
 .text._ZNSt6__ndk16__treeINS_12__value_typeIhN4chip27OptionalQRCodeInfoExtensionEEENS_19__map_value_compareIhS4_NS_4lessIhEELb1EEENS_9allocatorIS4_EEEC2ERKS8_
                0x000000000001d66c       0x78 obj/src/setup_payload/java/libSetupPayloadParser.SetupPayloadParser-JNI.cpp.o
                0x000000000001d66c                std::__ndk1::__tree<std::__ndk1::__value_type<unsigned char, chip::OptionalQRCodeInfoExtension>, std::__ndk1::__map_value_compare<unsigned char, std::__ndk1::__value_type<unsigned char, chip::OptionalQRCodeInfoExtension>, std::__ndk1::less<unsigned char>, true>, std::__ndk1::allocator<std::__ndk1::__value_type<unsigned char, chip::OptionalQRCodeInfoExtension> > >::__tree(std::__ndk1::__map_value_compare<unsigned char, std::__ndk1::__value_type<unsigned char, chip::OptionalQRCodeInfoExtension>, std::__ndk1::less<unsigned char>, true> const&)
 .text._ZNSt6__ndk117__compressed_pairINS_15__tree_end_nodeIPNS_16__tree_node_baseIPvEEEENS_9allocatorINS_11__tree_nodeINS_12__value_typeIhN4chip27OptionalQRCodeInfoExtensionEEES3_EEEEEC2ILb1EvEEv
                0x000000000001d6e4       0x34 obj/src/setup_payload/java/libSetupPayloadParser.SetupPayloadParser-JNI.cpp.o
                0x000000000001d6e4                std::__ndk1::__compressed_pair<std::__ndk1::__tree_end_node<std::__ndk1::__tree_node_base<void*>*>, std::__ndk1::allocator<std::__ndk1::__tree_node<std::__ndk1::__value_type<unsigned char, chip::OptionalQRCodeInfoExtension>, void*> > >::__compressed_pair<true, void>()
 .text._ZNSt6__ndk117__compressed_pairImNS_19__map_value_compareIhNS_12__value_typeIhN4chip27OptionalQRCodeInfoExtensionEEENS_4lessIhEELb1EEEEC2IiRKS8_EEOT_OT0_
                0x000000000001d718       0x64 obj/src/setup_payload/java/libSetupPayloadParser.SetupPayloadParser-JNI.cpp.o
                0x000000000001d718                std::__ndk1::__compressed_pair<unsigned long, std::__ndk1::__map_value_compare<unsigned char, std::__ndk1::__value_type<unsigned char, chip::OptionalQRCodeInfoExtension>, std::__ndk1::less<unsigned char>, true> >::__compressed_pair<int, std::__ndk1::__map_value_compare<unsigned char, std::__ndk1::__value_type<unsigned char, chip::OptionalQRCodeInfoExtension>, std::__ndk1::less<unsigned char>, true> const&>(int&&, std::__ndk1::__map_value_compare<unsigned char, std::__ndk1::__value_type<unsigned char, chip::OptionalQRCodeInfoExtension>, std::__ndk1::less<unsigned char>, true> const&)
 .text._ZNSt6__ndk16__treeINS_12__value_typeIhN4chip27OptionalQRCodeInfoExtensionEEENS_19__map_value_compareIhS4_NS_4lessIhEELb1EEENS_9allocatorIS4_EEE10__end_nodeEv
                0x000000000001d77c       0x30 obj/src/setup_payload/java/libSetupPayloadParser.SetupPayloadParser-JNI.cpp.o
                0x000000000001d77c                std::__ndk1::__tree<std::__ndk1::__value_type<unsigned char, chip::OptionalQRCodeInfoExtension>, std::__ndk1::__map_value_compare<unsigned char, std::__ndk1::__value_type<unsigned char, chip::OptionalQRCodeInfoExtension>, std::__ndk1::less<unsigned char>, true>, std::__ndk1::allocator<std::__ndk1::__value_type<unsigned char, chip::OptionalQRCodeInfoExtension> > >::__end_node()
 .text._ZNSt6__ndk16__treeINS_12__value_typeIhN4chip27OptionalQRCodeInfoExtensionEEENS_19__map_value_compareIhS4_NS_4lessIhEELb1EEENS_9allocatorIS4_EEE12__begin_nodeEv
                0x000000000001d7ac       0x14 obj/src/setup_payload/java/libSetupPayloadParser.SetupPayloadParser-JNI.cpp.o
                0x000000000001d7ac                std::__ndk1::__tree<std::__ndk1::__value_type<unsigned char, chip::OptionalQRCodeInfoExtension>, std::__ndk1::__map_value_compare<unsigned char, std::__ndk1::__value_type<unsigned char, chip::OptionalQRCodeInfoExtension>, std::__ndk1::less<unsigned char>, true>, std::__ndk1::allocator<std::__ndk1::__value_type<unsigned char, chip::OptionalQRCodeInfoExtension> > >::__begin_node()
 .text._ZNSt6__ndk122__compressed_pair_elemINS_9allocatorINS_11__tree_nodeINS_12__value_typeIhN4chip27OptionalQRCodeInfoExtensionEEEPvEEEELi1ELb1EEC2Ev
                0x000000000001d7c0       0x24 obj/src/setup_payload/java/libSetupPayloadParser.SetupPayloadParser-JNI.cpp.o
                0x000000000001d7c0                std::__ndk1::__compressed_pair_elem<std::__ndk1::allocator<std::__ndk1::__tree_node<std::__ndk1::__value_type<unsigned char, chip::OptionalQRCodeInfoExtension>, void*> >, 1, true>::__compressed_pair_elem()
 .text._ZNSt6__ndk19allocatorINS_11__tree_nodeINS_12__value_typeIhN4chip27OptionalQRCodeInfoExtensionEEEPvEEEC2Ev
                0x000000000001d7e4       0x10 obj/src/setup_payload/java/libSetupPayloadParser.SetupPayloadParser-JNI.cpp.o
                0x000000000001d7e4                std::__ndk1::allocator<std::__ndk1::__tree_node<std::__ndk1::__value_type<unsigned char, chip::OptionalQRCodeInfoExtension>, void*> >::allocator()
 .text._ZNSt6__ndk17forwardIRKNS_19__map_value_compareIhNS_12__value_typeIhN4chip27OptionalQRCodeInfoExtensionEEENS_4lessIhEELb1EEEEEOT_RNS_16remove_referenceISB_E4typeE
                0x000000000001d7f4       0x14 obj/src/setup_payload/java/libSetupPayloadParser.SetupPayloadParser-JNI.cpp.o
                0x000000000001d7f4                std::__ndk1::__map_value_compare<unsigned char, std::__ndk1::__value_type<unsigned char, chip::OptionalQRCodeInfoExtension>, std::__ndk1::less<unsigned char>, true> const& std::__ndk1::forward<std::__ndk1::__map_value_compare<unsigned char, std::__ndk1::__value_type<unsigned char, chip::OptionalQRCodeInfoExtension>, std::__ndk1::less<unsigned char>, true> const&>(std::__ndk1::remove_reference<std::__ndk1::__map_value_compare<unsigned char, std::__ndk1::__value_type<unsigned char, chip::OptionalQRCodeInfoExtension>, std::__ndk1::less<unsigned char>, true> const&>::type&)
 .text._ZNSt6__ndk122__compressed_pair_elemINS_19__map_value_compareIhNS_12__value_typeIhN4chip27OptionalQRCodeInfoExtensionEEENS_4lessIhEELb1EEELi1ELb1EEC2IRKS8_vEEOT_
                0x000000000001d808       0x28 obj/src/setup_payload/java/libSetupPayloadParser.SetupPayloadParser-JNI.cpp.o
                0x000000000001d808                std::__ndk1::__compressed_pair_elem<std::__ndk1::__map_value_compare<unsigned char, std::__ndk1::__value_type<unsigned char, chip::OptionalQRCodeInfoExtension>, std::__ndk1::less<unsigned char>, true>, 1, true>::__compressed_pair_elem<std::__ndk1::__map_value_compare<unsigned char, std::__ndk1::__value_type<unsigned char, chip::OptionalQRCodeInfoExtension>, std::__ndk1::less<unsigned char>, true> const&, void>(std::__ndk1::__map_value_compare<unsigned char, std::__ndk1::__value_type<unsigned char, chip::OptionalQRCodeInfoExtension>, std::__ndk1::less<unsigned char>, true> const&)
 .text._ZNSt6__ndk117__compressed_pairINS_15__tree_end_nodeIPNS_16__tree_node_baseIPvEEEENS_9allocatorINS_11__tree_nodeINS_12__value_typeIhN4chip27OptionalQRCodeInfoExtensionEEES3_EEEEE5firstEv
                0x000000000001d830       0x24 obj/src/setup_payload/java/libSetupPayloadParser.SetupPayloadParser-JNI.cpp.o
                0x000000000001d830                std::__ndk1::__compressed_pair<std::__ndk1::__tree_end_node<std::__ndk1::__tree_node_base<void*>*>, std::__ndk1::allocator<std::__ndk1::__tree_node<std::__ndk1::__value_type<unsigned char, chip::OptionalQRCodeInfoExtension>, void*> > >::first()
 .text._ZNSt6__ndk14moveIRNS_12basic_stringIcNS_11char_traitsIcEENS_9allocatorIcEEEEEEONS_16remove_referenceIT_E4typeEOS9_
                0x000000000001d854       0x14 obj/src/setup_payload/java/libSetupPayloadParser.SetupPayloadParser-JNI.cpp.o
                0x000000000001d854                std::__ndk1::remove_reference<std::__ndk1::basic_string<char, std::__ndk1::char_traits<char>, std::__ndk1::allocator<char> >&>::type&& std::__ndk1::move<std::__ndk1::basic_string<char, std::__ndk1::char_traits<char>, std::__ndk1::allocator<char> >&>(std::__ndk1::basic_string<char, std::__ndk1::char_traits<char>, std::__ndk1::allocator<char> >&)
 .text._ZNSt6__ndk112basic_stringIcNS_11char_traitsIcEENS_9allocatorIcEEEC2EOS5_
                0x000000000001d868       0x5c obj/src/setup_payload/java/libSetupPayloadParser.SetupPayloadParser-JNI.cpp.o
                0x000000000001d868                std::__ndk1::basic_string<char, std::__ndk1::char_traits<char>, std::__ndk1::allocator<char> >::basic_string(std::__ndk1::basic_string<char, std::__ndk1::char_traits<char>, std::__ndk1::allocator<char> >&&)
 .text._ZNSt6__ndk14moveIRNS_17__compressed_pairINS_12basic_stringIcNS_11char_traitsIcEENS_9allocatorIcEEE5__repES6_EEEEONS_16remove_referenceIT_E4typeEOSC_
                0x000000000001d8c4       0x14 obj/src/setup_payload/java/libSetupPayloadParser.SetupPayloadParser-JNI.cpp.o
                0x000000000001d8c4                std::__ndk1::remove_reference<std::__ndk1::__compressed_pair<std::__ndk1::basic_string<char, std::__ndk1::char_traits<char>, std::__ndk1::allocator<char> >::__rep, std::__ndk1::allocator<char> >&>::type&& std::__ndk1::move<std::__ndk1::__compressed_pair<std::__ndk1::basic_string<char, std::__ndk1::char_traits<char>, std::__ndk1::allocator<char> >::__rep, std::__ndk1::allocator<char> >&>(std::__ndk1::__compressed_pair<std::__ndk1::basic_string<char, std::__ndk1::char_traits<char>, std::__ndk1::allocator<char> >::__rep, std::__ndk1::allocator<char> >&)
 .text._ZNSt6__ndk112basic_stringIcNS_11char_traitsIcEENS_9allocatorIcEEE6__zeroEv
                0x000000000001d8d8       0x68 obj/src/setup_payload/java/libSetupPayloadParser.SetupPayloadParser-JNI.cpp.o
                0x000000000001d8d8                std::__ndk1::basic_string<char, std::__ndk1::char_traits<char>, std::__ndk1::allocator<char> >::__zero()
 .text._ZNSt6__ndk117__compressed_pairINS_12basic_stringIcNS_11char_traitsIcEENS_9allocatorIcEEE5__repES5_E5firstEv
                0x000000000001d940       0x24 obj/src/setup_payload/java/libSetupPayloadParser.SetupPayloadParser-JNI.cpp.o
                0x000000000001d940                std::__ndk1::__compressed_pair<std::__ndk1::basic_string<char, std::__ndk1::char_traits<char>, std::__ndk1::allocator<char> >::__rep, std::__ndk1::allocator<char> >::first()
 .text._ZNSt6__ndk122__compressed_pair_elemINS_12basic_stringIcNS_11char_traitsIcEENS_9allocatorIcEEE5__repELi0ELb0EE5__getEv
                0x000000000001d964       0x14 obj/src/setup_payload/java/libSetupPayloadParser.SetupPayloadParser-JNI.cpp.o
                0x000000000001d964                std::__ndk1::__compressed_pair_elem<std::__ndk1::basic_string<char, std::__ndk1::char_traits<char>, std::__ndk1::allocator<char> >::__rep, 0, false>::__get()
 .text._ZNSt6__ndk13mapIhN4chip27OptionalQRCodeInfoExtensionENS_4lessIhEENS_9allocatorINS_4pairIKhS2_EEEEED2Ev
                0x000000000001d978       0x24 obj/src/setup_payload/java/libSetupPayloadParser.SetupPayloadParser-JNI.cpp.o
                0x000000000001d978                std::__ndk1::map<unsigned char, chip::OptionalQRCodeInfoExtension, std::__ndk1::less<unsigned char>, std::__ndk1::allocator<std::__ndk1::pair<unsigned char const, chip::OptionalQRCodeInfoExtension> > >::~map()
 .text._ZNSt6__ndk13mapIhN4chip18OptionalQRCodeInfoENS_4lessIhEENS_9allocatorINS_4pairIKhS2_EEEEED2Ev
                0x000000000001d99c       0x24 obj/src/setup_payload/java/libSetupPayloadParser.SetupPayloadParser-JNI.cpp.o
                0x000000000001d99c                std::__ndk1::map<unsigned char, chip::OptionalQRCodeInfo, std::__ndk1::less<unsigned char>, std::__ndk1::allocator<std::__ndk1::pair<unsigned char const, chip::OptionalQRCodeInfo> > >::~map()
 .text._ZNSt6__ndk16__treeINS_12__value_typeIhN4chip27OptionalQRCodeInfoExtensionEEENS_19__map_value_compareIhS4_NS_4lessIhEELb1EEENS_9allocatorIS4_EEED2Ev
                0x000000000001d9c0       0x40 obj/src/setup_payload/java/libSetupPayloadParser.SetupPayloadParser-JNI.cpp.o
                0x000000000001d9c0                std::__ndk1::__tree<std::__ndk1::__value_type<unsigned char, chip::OptionalQRCodeInfoExtension>, std::__ndk1::__map_value_compare<unsigned char, std::__ndk1::__value_type<unsigned char, chip::OptionalQRCodeInfoExtension>, std::__ndk1::less<unsigned char>, true>, std::__ndk1::allocator<std::__ndk1::__value_type<unsigned char, chip::OptionalQRCodeInfoExtension> > >::~__tree()
 .text._ZNSt6__ndk16__treeINS_12__value_typeIhN4chip27OptionalQRCodeInfoExtensionEEENS_19__map_value_compareIhS4_NS_4lessIhEELb1EEENS_9allocatorIS4_EEE7destroyEPNS_11__tree_nodeIS4_PvEE
                0x000000000001da00       0xa8 obj/src/setup_payload/java/libSetupPayloadParser.SetupPayloadParser-JNI.cpp.o
                0x000000000001da00                std::__ndk1::__tree<std::__ndk1::__value_type<unsigned char, chip::OptionalQRCodeInfoExtension>, std::__ndk1::__map_value_compare<unsigned char, std::__ndk1::__value_type<unsigned char, chip::OptionalQRCodeInfoExtension>, std::__ndk1::less<unsigned char>, true>, std::__ndk1::allocator<std::__ndk1::__value_type<unsigned char, chip::OptionalQRCodeInfoExtension> > >::destroy(std::__ndk1::__tree_node<std::__ndk1::__value_type<unsigned char, chip::OptionalQRCodeInfoExtension>, void*>*)
 .text._ZNKSt6__ndk16__treeINS_12__value_typeIhN4chip27OptionalQRCodeInfoExtensionEEENS_19__map_value_compareIhS4_NS_4lessIhEELb1EEENS_9allocatorIS4_EEE6__rootEv
                0x000000000001daa8       0x28 obj/src/setup_payload/java/libSetupPayloadParser.SetupPayloadParser-JNI.cpp.o
                0x000000000001daa8                std::__ndk1::__tree<std::__ndk1::__value_type<unsigned char, chip::OptionalQRCodeInfoExtension>, std::__ndk1::__map_value_compare<unsigned char, std::__ndk1::__value_type<unsigned char, chip::OptionalQRCodeInfoExtension>, std::__ndk1::less<unsigned char>, true>, std::__ndk1::allocator<std::__ndk1::__value_type<unsigned char, chip::OptionalQRCodeInfoExtension> > >::__root() const
 .text._ZNSt6__ndk16__treeINS_12__value_typeIhN4chip27OptionalQRCodeInfoExtensionEEENS_19__map_value_compareIhS4_NS_4lessIhEELb1EEENS_9allocatorIS4_EEE12__node_allocEv
                0x000000000001dad0       0x2c obj/src/setup_payload/java/libSetupPayloadParser.SetupPayloadParser-JNI.cpp.o
                0x000000000001dad0                std::__ndk1::__tree<std::__ndk1::__value_type<unsigned char, chip::OptionalQRCodeInfoExtension>, std::__ndk1::__map_value_compare<unsigned char, std::__ndk1::__value_type<unsigned char, chip::OptionalQRCodeInfoExtension>, std::__ndk1::less<unsigned char>, true>, std::__ndk1::allocator<std::__ndk1::__value_type<unsigned char, chip::OptionalQRCodeInfoExtension> > >::__node_alloc()
 .text._ZNSt6__ndk116allocator_traitsINS_9allocatorINS_11__tree_nodeINS_12__value_typeIhN4chip27OptionalQRCodeInfoExtensionEEEPvEEEEE7destroyINS_4pairIKhS5_EEEEvRS9_PT_
                0x000000000001dafc       0x30 obj/src/setup_payload/java/libSetupPayloadParser.SetupPayloadParser-JNI.cpp.o
                0x000000000001dafc                void std::__ndk1::allocator_traits<std::__ndk1::allocator<std::__ndk1::__tree_node<std::__ndk1::__value_type<unsigned char, chip::OptionalQRCodeInfoExtension>, void*> > >::destroy<std::__ndk1::pair<unsigned char const, chip::OptionalQRCodeInfoExtension> >(std::__ndk1::allocator<std::__ndk1::__tree_node<std::__ndk1::__value_type<unsigned char, chip::OptionalQRCodeInfoExtension>, void*> >&, std::__ndk1::pair<unsigned char const, chip::OptionalQRCodeInfoExtension>*)
 .text._ZNSt6__ndk122__tree_key_value_typesINS_12__value_typeIhN4chip27OptionalQRCodeInfoExtensionEEEE9__get_ptrERS4_
                0x000000000001db2c       0x28 obj/src/setup_payload/java/libSetupPayloadParser.SetupPayloadParser-JNI.cpp.o
                0x000000000001db2c                std::__ndk1::__tree_key_value_types<std::__ndk1::__value_type<unsigned char, chip::OptionalQRCodeInfoExtension> >::__get_ptr(std::__ndk1::__value_type<unsigned char, chip::OptionalQRCodeInfoExtension>&)
 .text._ZNSt6__ndk116allocator_traitsINS_9allocatorINS_11__tree_nodeINS_12__value_typeIhN4chip27OptionalQRCodeInfoExtensionEEEPvEEEEE10deallocateERS9_PS8_m
                0x000000000001db54       0x34 obj/src/setup_payload/java/libSetupPayloadParser.SetupPayloadParser-JNI.cpp.o
                0x000000000001db54                std::__ndk1::allocator_traits<std::__ndk1::allocator<std::__ndk1::__tree_node<std::__ndk1::__value_type<unsigned char, chip::OptionalQRCodeInfoExtension>, void*> > >::deallocate(std::__ndk1::allocator<std::__ndk1::__tree_node<std::__ndk1::__value_type<unsigned char, chip::OptionalQRCodeInfoExtension>, void*> >&, std::__ndk1::__tree_node<std::__ndk1::__value_type<unsigned char, chip::OptionalQRCodeInfoExtension>, void*>*, unsigned long)
 .text._ZNSt6__ndk117__compressed_pairINS_15__tree_end_nodeIPNS_16__tree_node_baseIPvEEEENS_9allocatorINS_11__tree_nodeINS_12__value_typeIhN4chip27OptionalQRCodeInfoExtensionEEES3_EEEEE6secondEv
                0x000000000001db88       0x24 obj/src/setup_payload/java/libSetupPayloadParser.SetupPayloadParser-JNI.cpp.o
                0x000000000001db88                std::__ndk1::__compressed_pair<std::__ndk1::__tree_end_node<std::__ndk1::__tree_node_base<void*>*>, std::__ndk1::allocator<std::__ndk1::__tree_node<std::__ndk1::__value_type<unsigned char, chip::OptionalQRCodeInfoExtension>, void*> > >::second()
 .text._ZNSt6__ndk122__compressed_pair_elemINS_9allocatorINS_11__tree_nodeINS_12__value_typeIhN4chip27OptionalQRCodeInfoExtensionEEEPvEEEELi1ELb1EE5__getEv
                0x000000000001dbac       0x14 obj/src/setup_payload/java/libSetupPayloadParser.SetupPayloadParser-JNI.cpp.o
                0x000000000001dbac                std::__ndk1::__compressed_pair_elem<std::__ndk1::allocator<std::__ndk1::__tree_node<std::__ndk1::__value_type<unsigned char, chip::OptionalQRCodeInfoExtension>, void*> >, 1, true>::__get()
 .text._ZNSt6__ndk116allocator_traitsINS_9allocatorINS_11__tree_nodeINS_12__value_typeIhN4chip27OptionalQRCodeInfoExtensionEEEPvEEEEE9__destroyINS_4pairIKhS5_EEEEvNS_17integral_constantIbLb0EEERS9_PT_
                0x000000000001dbc0       0x2c obj/src/setup_payload/java/libSetupPayloadParser.SetupPayloadParser-JNI.cpp.o
                0x000000000001dbc0                void std::__ndk1::allocator_traits<std::__ndk1::allocator<std::__ndk1::__tree_node<std::__ndk1::__value_type<unsigned char, chip::OptionalQRCodeInfoExtension>, void*> > >::__destroy<std::__ndk1::pair<unsigned char const, chip::OptionalQRCodeInfoExtension> >(std::__ndk1::integral_constant<bool, false>, std::__ndk1::allocator<std::__ndk1::__tree_node<std::__ndk1::__value_type<unsigned char, chip::OptionalQRCodeInfoExtension>, void*> >&, std::__ndk1::pair<unsigned char const, chip::OptionalQRCodeInfoExtension>*)
 .text._ZNSt6__ndk14pairIKhN4chip27OptionalQRCodeInfoExtensionEED2Ev
                0x000000000001dbec       0x2c obj/src/setup_payload/java/libSetupPayloadParser.SetupPayloadParser-JNI.cpp.o
                0x000000000001dbec                std::__ndk1::pair<unsigned char const, chip::OptionalQRCodeInfoExtension>::~pair()
 .text._ZN4chip27OptionalQRCodeInfoExtensionD2Ev
                0x000000000001dc18       0x24 obj/src/setup_payload/java/libSetupPayloadParser.SetupPayloadParser-JNI.cpp.o
                0x000000000001dc18                chip::OptionalQRCodeInfoExtension::~OptionalQRCodeInfoExtension()
 .text._ZNSt6__ndk19addressofINS_4pairIKhN4chip27OptionalQRCodeInfoExtensionEEEEEPT_RS6_
                0x000000000001dc3c       0x14 obj/src/setup_payload/java/libSetupPayloadParser.SetupPayloadParser-JNI.cpp.o
                0x000000000001dc3c                std::__ndk1::pair<unsigned char const, chip::OptionalQRCodeInfoExtension>* std::__ndk1::addressof<std::__ndk1::pair<unsigned char const, chip::OptionalQRCodeInfoExtension> >(std::__ndk1::pair<unsigned char const, chip::OptionalQRCodeInfoExtension>&)
 .text._ZNSt6__ndk112__value_typeIhN4chip27OptionalQRCodeInfoExtensionEE11__get_valueEv
                0x000000000001dc50       0x14 obj/src/setup_payload/java/libSetupPayloadParser.SetupPayloadParser-JNI.cpp.o
                0x000000000001dc50                std::__ndk1::__value_type<unsigned char, chip::OptionalQRCodeInfoExtension>::__get_value()
 .text._ZNSt6__ndk19allocatorINS_11__tree_nodeINS_12__value_typeIhN4chip27OptionalQRCodeInfoExtensionEEEPvEEE10deallocateEPS7_m
                0x000000000001dc64       0x40 obj/src/setup_payload/java/libSetupPayloadParser.SetupPayloadParser-JNI.cpp.o
                0x000000000001dc64                std::__ndk1::allocator<std::__ndk1::__tree_node<std::__ndk1::__value_type<unsigned char, chip::OptionalQRCodeInfoExtension>, void*> >::deallocate(std::__ndk1::__tree_node<std::__ndk1::__value_type<unsigned char, chip::OptionalQRCodeInfoExtension>, void*>*, unsigned long)
 .text._ZNSt6__ndk119__libcpp_deallocateEPvmm
                0x000000000001dca4       0x34 obj/src/setup_payload/java/libSetupPayloadParser.SetupPayloadParser-JNI.cpp.o
                0x000000000001dca4                std::__ndk1::__libcpp_deallocate(void*, unsigned long, unsigned long)
 .text._ZNSt6__ndk117_DeallocateCaller33__do_deallocate_handle_size_alignEPvmm
                0x000000000001dcd8       0x30 obj/src/setup_payload/java/libSetupPayloadParser.SetupPayloadParser-JNI.cpp.o
                0x000000000001dcd8                std::__ndk1::_DeallocateCaller::__do_deallocate_handle_size_align(void*, unsigned long, unsigned long)
 .text._ZNSt6__ndk117_DeallocateCaller27__do_deallocate_handle_sizeEPvm
                0x000000000001dd08       0x28 obj/src/setup_payload/java/libSetupPayloadParser.SetupPayloadParser-JNI.cpp.o
                0x000000000001dd08                std::__ndk1::_DeallocateCaller::__do_deallocate_handle_size(void*, unsigned long)
 .text._ZNSt6__ndk117_DeallocateCaller9__do_callEPv
                0x000000000001dd30       0x24 obj/src/setup_payload/java/libSetupPayloadParser.SetupPayloadParser-JNI.cpp.o
                0x000000000001dd30                std::__ndk1::_DeallocateCaller::__do_call(void*)
 .text._ZNKSt6__ndk16__treeINS_12__value_typeIhN4chip27OptionalQRCodeInfoExtensionEEENS_19__map_value_compareIhS4_NS_4lessIhEELb1EEENS_9allocatorIS4_EEE10__end_nodeEv
                0x000000000001dd54       0x30 obj/src/setup_payload/java/libSetupPayloadParser.SetupPayloadParser-JNI.cpp.o
                0x000000000001dd54                std::__ndk1::__tree<std::__ndk1::__value_type<unsigned char, chip::OptionalQRCodeInfoExtension>, std::__ndk1::__map_value_compare<unsigned char, std::__ndk1::__value_type<unsigned char, chip::OptionalQRCodeInfoExtension>, std::__ndk1::less<unsigned char>, true>, std::__ndk1::allocator<std::__ndk1::__value_type<unsigned char, chip::OptionalQRCodeInfoExtension> > >::__end_node() const
 .text._ZNKSt6__ndk117__compressed_pairINS_15__tree_end_nodeIPNS_16__tree_node_baseIPvEEEENS_9allocatorINS_11__tree_nodeINS_12__value_typeIhN4chip27OptionalQRCodeInfoExtensionEEES3_EEEEE5firstEv
                0x000000000001dd84       0x24 obj/src/setup_payload/java/libSetupPayloadParser.SetupPayloadParser-JNI.cpp.o
                0x000000000001dd84                std::__ndk1::__compressed_pair<std::__ndk1::__tree_end_node<std::__ndk1::__tree_node_base<void*>*>, std::__ndk1::allocator<std::__ndk1::__tree_node<std::__ndk1::__value_type<unsigned char, chip::OptionalQRCodeInfoExtension>, void*> > >::first() const
 .text._ZNKSt6__ndk122__compressed_pair_elemINS_15__tree_end_nodeIPNS_16__tree_node_baseIPvEEEELi0ELb0EE5__getEv
                0x000000000001dda8       0x14 obj/src/setup_payload/java/libSetupPayloadParser.SetupPayloadParser-JNI.cpp.o
                0x000000000001dda8                std::__ndk1::__compressed_pair_elem<std::__ndk1::__tree_end_node<std::__ndk1::__tree_node_base<void*>*>, 0, false>::__get() const
 .text._ZNSt6__ndk16__treeINS_12__value_typeIhN4chip18OptionalQRCodeInfoEEENS_19__map_value_compareIhS4_NS_4lessIhEELb1EEENS_9allocatorIS4_EEED2Ev
                0x000000000001ddbc       0x40 obj/src/setup_payload/java/libSetupPayloadParser.SetupPayloadParser-JNI.cpp.o
                0x000000000001ddbc                std::__ndk1::__tree<std::__ndk1::__value_type<unsigned char, chip::OptionalQRCodeInfo>, std::__ndk1::__map_value_compare<unsigned char, std::__ndk1::__value_type<unsigned char, chip::OptionalQRCodeInfo>, std::__ndk1::less<unsigned char>, true>, std::__ndk1::allocator<std::__ndk1::__value_type<unsigned char, chip::OptionalQRCodeInfo> > >::~__tree()
 .text._ZNSt6__ndk16__treeINS_12__value_typeIhN4chip18OptionalQRCodeInfoEEENS_19__map_value_compareIhS4_NS_4lessIhEELb1EEENS_9allocatorIS4_EEE7destroyEPNS_11__tree_nodeIS4_PvEE
                0x000000000001ddfc       0xa8 obj/src/setup_payload/java/libSetupPayloadParser.SetupPayloadParser-JNI.cpp.o
                0x000000000001ddfc                std::__ndk1::__tree<std::__ndk1::__value_type<unsigned char, chip::OptionalQRCodeInfo>, std::__ndk1::__map_value_compare<unsigned char, std::__ndk1::__value_type<unsigned char, chip::OptionalQRCodeInfo>, std::__ndk1::less<unsigned char>, true>, std::__ndk1::allocator<std::__ndk1::__value_type<unsigned char, chip::OptionalQRCodeInfo> > >::destroy(std::__ndk1::__tree_node<std::__ndk1::__value_type<unsigned char, chip::OptionalQRCodeInfo>, void*>*)
 .text._ZNKSt6__ndk16__treeINS_12__value_typeIhN4chip18OptionalQRCodeInfoEEENS_19__map_value_compareIhS4_NS_4lessIhEELb1EEENS_9allocatorIS4_EEE6__rootEv
                0x000000000001dea4       0x28 obj/src/setup_payload/java/libSetupPayloadParser.SetupPayloadParser-JNI.cpp.o
                0x000000000001dea4                std::__ndk1::__tree<std::__ndk1::__value_type<unsigned char, chip::OptionalQRCodeInfo>, std::__ndk1::__map_value_compare<unsigned char, std::__ndk1::__value_type<unsigned char, chip::OptionalQRCodeInfo>, std::__ndk1::less<unsigned char>, true>, std::__ndk1::allocator<std::__ndk1::__value_type<unsigned char, chip::OptionalQRCodeInfo> > >::__root() const
 .text._ZNSt6__ndk16__treeINS_12__value_typeIhN4chip18OptionalQRCodeInfoEEENS_19__map_value_compareIhS4_NS_4lessIhEELb1EEENS_9allocatorIS4_EEE12__node_allocEv
                0x000000000001decc       0x2c obj/src/setup_payload/java/libSetupPayloadParser.SetupPayloadParser-JNI.cpp.o
                0x000000000001decc                std::__ndk1::__tree<std::__ndk1::__value_type<unsigned char, chip::OptionalQRCodeInfo>, std::__ndk1::__map_value_compare<unsigned char, std::__ndk1::__value_type<unsigned char, chip::OptionalQRCodeInfo>, std::__ndk1::less<unsigned char>, true>, std::__ndk1::allocator<std::__ndk1::__value_type<unsigned char, chip::OptionalQRCodeInfo> > >::__node_alloc()
 .text._ZNSt6__ndk116allocator_traitsINS_9allocatorINS_11__tree_nodeINS_12__value_typeIhN4chip18OptionalQRCodeInfoEEEPvEEEEE7destroyINS_4pairIKhS5_EEEEvRS9_PT_
                0x000000000001def8       0x30 obj/src/setup_payload/java/libSetupPayloadParser.SetupPayloadParser-JNI.cpp.o
                0x000000000001def8                void std::__ndk1::allocator_traits<std::__ndk1::allocator<std::__ndk1::__tree_node<std::__ndk1::__value_type<unsigned char, chip::OptionalQRCodeInfo>, void*> > >::destroy<std::__ndk1::pair<unsigned char const, chip::OptionalQRCodeInfo> >(std::__ndk1::allocator<std::__ndk1::__tree_node<std::__ndk1::__value_type<unsigned char, chip::OptionalQRCodeInfo>, void*> >&, std::__ndk1::pair<unsigned char const, chip::OptionalQRCodeInfo>*)
 .text._ZNSt6__ndk122__tree_key_value_typesINS_12__value_typeIhN4chip18OptionalQRCodeInfoEEEE9__get_ptrERS4_
                0x000000000001df28       0x28 obj/src/setup_payload/java/libSetupPayloadParser.SetupPayloadParser-JNI.cpp.o
                0x000000000001df28                std::__ndk1::__tree_key_value_types<std::__ndk1::__value_type<unsigned char, chip::OptionalQRCodeInfo> >::__get_ptr(std::__ndk1::__value_type<unsigned char, chip::OptionalQRCodeInfo>&)
 .text._ZNSt6__ndk116allocator_traitsINS_9allocatorINS_11__tree_nodeINS_12__value_typeIhN4chip18OptionalQRCodeInfoEEEPvEEEEE10deallocateERS9_PS8_m
                0x000000000001df50       0x34 obj/src/setup_payload/java/libSetupPayloadParser.SetupPayloadParser-JNI.cpp.o
                0x000000000001df50                std::__ndk1::allocator_traits<std::__ndk1::allocator<std::__ndk1::__tree_node<std::__ndk1::__value_type<unsigned char, chip::OptionalQRCodeInfo>, void*> > >::deallocate(std::__ndk1::allocator<std::__ndk1::__tree_node<std::__ndk1::__value_type<unsigned char, chip::OptionalQRCodeInfo>, void*> >&, std::__ndk1::__tree_node<std::__ndk1::__value_type<unsigned char, chip::OptionalQRCodeInfo>, void*>*, unsigned long)
 .text._ZNSt6__ndk117__compressed_pairINS_15__tree_end_nodeIPNS_16__tree_node_baseIPvEEEENS_9allocatorINS_11__tree_nodeINS_12__value_typeIhN4chip18OptionalQRCodeInfoEEES3_EEEEE6secondEv
                0x000000000001df84       0x24 obj/src/setup_payload/java/libSetupPayloadParser.SetupPayloadParser-JNI.cpp.o
                0x000000000001df84                std::__ndk1::__compressed_pair<std::__ndk1::__tree_end_node<std::__ndk1::__tree_node_base<void*>*>, std::__ndk1::allocator<std::__ndk1::__tree_node<std::__ndk1::__value_type<unsigned char, chip::OptionalQRCodeInfo>, void*> > >::second()
 .text._ZNSt6__ndk122__compressed_pair_elemINS_9allocatorINS_11__tree_nodeINS_12__value_typeIhN4chip18OptionalQRCodeInfoEEEPvEEEELi1ELb1EE5__getEv
                0x000000000001dfa8       0x14 obj/src/setup_payload/java/libSetupPayloadParser.SetupPayloadParser-JNI.cpp.o
                0x000000000001dfa8                std::__ndk1::__compressed_pair_elem<std::__ndk1::allocator<std::__ndk1::__tree_node<std::__ndk1::__value_type<unsigned char, chip::OptionalQRCodeInfo>, void*> >, 1, true>::__get()
 .text._ZNSt6__ndk116allocator_traitsINS_9allocatorINS_11__tree_nodeINS_12__value_typeIhN4chip18OptionalQRCodeInfoEEEPvEEEEE9__destroyINS_4pairIKhS5_EEEEvNS_17integral_constantIbLb0EEERS9_PT_
                0x000000000001dfbc       0x2c obj/src/setup_payload/java/libSetupPayloadParser.SetupPayloadParser-JNI.cpp.o
                0x000000000001dfbc                void std::__ndk1::allocator_traits<std::__ndk1::allocator<std::__ndk1::__tree_node<std::__ndk1::__value_type<unsigned char, chip::OptionalQRCodeInfo>, void*> > >::__destroy<std::__ndk1::pair<unsigned char const, chip::OptionalQRCodeInfo> >(std::__ndk1::integral_constant<bool, false>, std::__ndk1::allocator<std::__ndk1::__tree_node<std::__ndk1::__value_type<unsigned char, chip::OptionalQRCodeInfo>, void*> >&, std::__ndk1::pair<unsigned char const, chip::OptionalQRCodeInfo>*)
 .text._ZNSt6__ndk14pairIKhN4chip18OptionalQRCodeInfoEED2Ev
                0x000000000001dfe8       0x2c obj/src/setup_payload/java/libSetupPayloadParser.SetupPayloadParser-JNI.cpp.o
                0x000000000001dfe8                std::__ndk1::pair<unsigned char const, chip::OptionalQRCodeInfo>::~pair()
 .text._ZN4chip18OptionalQRCodeInfoD2Ev
                0x000000000001e014       0x2c obj/src/setup_payload/java/libSetupPayloadParser.SetupPayloadParser-JNI.cpp.o
                0x000000000001e014                chip::OptionalQRCodeInfo::~OptionalQRCodeInfo()
 .text._ZNSt6__ndk19addressofINS_4pairIKhN4chip18OptionalQRCodeInfoEEEEEPT_RS6_
                0x000000000001e040       0x14 obj/src/setup_payload/java/libSetupPayloadParser.SetupPayloadParser-JNI.cpp.o
                0x000000000001e040                std::__ndk1::pair<unsigned char const, chip::OptionalQRCodeInfo>* std::__ndk1::addressof<std::__ndk1::pair<unsigned char const, chip::OptionalQRCodeInfo> >(std::__ndk1::pair<unsigned char const, chip::OptionalQRCodeInfo>&)
 .text._ZNSt6__ndk112__value_typeIhN4chip18OptionalQRCodeInfoEE11__get_valueEv
                0x000000000001e054       0x14 obj/src/setup_payload/java/libSetupPayloadParser.SetupPayloadParser-JNI.cpp.o
                0x000000000001e054                std::__ndk1::__value_type<unsigned char, chip::OptionalQRCodeInfo>::__get_value()
 .text._ZNSt6__ndk19allocatorINS_11__tree_nodeINS_12__value_typeIhN4chip18OptionalQRCodeInfoEEEPvEEE10deallocateEPS7_m
                0x000000000001e068       0x40 obj/src/setup_payload/java/libSetupPayloadParser.SetupPayloadParser-JNI.cpp.o
                0x000000000001e068                std::__ndk1::allocator<std::__ndk1::__tree_node<std::__ndk1::__value_type<unsigned char, chip::OptionalQRCodeInfo>, void*> >::deallocate(std::__ndk1::__tree_node<std::__ndk1::__value_type<unsigned char, chip::OptionalQRCodeInfo>, void*>*, unsigned long)
 .text._ZNKSt6__ndk16__treeINS_12__value_typeIhN4chip18OptionalQRCodeInfoEEENS_19__map_value_compareIhS4_NS_4lessIhEELb1EEENS_9allocatorIS4_EEE10__end_nodeEv
                0x000000000001e0a8       0x30 obj/src/setup_payload/java/libSetupPayloadParser.SetupPayloadParser-JNI.cpp.o
                0x000000000001e0a8                std::__ndk1::__tree<std::__ndk1::__value_type<unsigned char, chip::OptionalQRCodeInfo>, std::__ndk1::__map_value_compare<unsigned char, std::__ndk1::__value_type<unsigned char, chip::OptionalQRCodeInfo>, std::__ndk1::less<unsigned char>, true>, std::__ndk1::allocator<std::__ndk1::__value_type<unsigned char, chip::OptionalQRCodeInfo> > >::__end_node() const
 .text._ZNKSt6__ndk117__compressed_pairINS_15__tree_end_nodeIPNS_16__tree_node_baseIPvEEEENS_9allocatorINS_11__tree_nodeINS_12__value_typeIhN4chip18OptionalQRCodeInfoEEES3_EEEEE5firstEv
                0x000000000001e0d8       0x24 obj/src/setup_payload/java/libSetupPayloadParser.SetupPayloadParser-JNI.cpp.o
                0x000000000001e0d8                std::__ndk1::__compressed_pair<std::__ndk1::__tree_end_node<std::__ndk1::__tree_node_base<void*>*>, std::__ndk1::allocator<std::__ndk1::__tree_node<std::__ndk1::__value_type<unsigned char, chip::OptionalQRCodeInfo>, void*> > >::first() const
 .text._ZN7_JNIEnv9FindClassEPKc
                0x000000000001e0fc       0x38 obj/src/setup_payload/java/libSetupPayloadParser.SetupPayloadParser-JNI.cpp.o
                0x000000000001e0fc                _JNIEnv::FindClass(char const*)
 .text._ZN7_JNIEnv11GetMethodIDEP7_jclassPKcS3_
                0x000000000001e134       0x48 obj/src/setup_payload/java/libSetupPayloadParser.SetupPayloadParser-JNI.cpp.o
                0x000000000001e134                _JNIEnv::GetMethodID(_jclass*, char const*, char const*)
 .text._ZN7_JNIEnv9NewObjectEP7_jclassP10_jmethodIDz
                0x000000000001e17c       0xcc obj/src/setup_payload/java/libSetupPayloadParser.SetupPayloadParser-JNI.cpp.o
                0x000000000001e17c                _JNIEnv::NewObject(_jclass*, _jmethodID*, ...)
 .text._ZN7_JNIEnv10GetFieldIDEP7_jclassPKcS3_
                0x000000000001e248       0x48 obj/src/setup_payload/java/libSetupPayloadParser.SetupPayloadParser-JNI.cpp.o
                0x000000000001e248                _JNIEnv::GetFieldID(_jclass*, char const*, char const*)
 .text._ZN7_JNIEnv11SetIntFieldEP8_jobjectP9_jfieldIDi
                0x000000000001e290       0x48 obj/src/setup_payload/java/libSetupPayloadParser.SetupPayloadParser-JNI.cpp.o
                0x000000000001e290                _JNIEnv::SetIntField(_jobject*, _jfieldID*, int)
 .text._ZN7_JNIEnv15SetBooleanFieldEP8_jobjectP9_jfieldIDh
                0x000000000001e2d8       0x48 obj/src/setup_payload/java/libSetupPayloadParser.SetupPayloadParser-JNI.cpp.o
                0x000000000001e2d8                _JNIEnv::SetBooleanField(_jobject*, _jfieldID*, unsigned char)
 .text._ZN7_JNIEnv12SetLongFieldEP8_jobjectP9_jfieldIDl
                0x000000000001e320       0x48 obj/src/setup_payload/java/libSetupPayloadParser.SetupPayloadParser-JNI.cpp.o
                0x000000000001e320                _JNIEnv::SetLongField(_jobject*, _jfieldID*, long)
 .text._ZNSt6__ndk16vectorIN4chip18OptionalQRCodeInfoENS_9allocatorIS2_EEE5beginEv
                0x000000000001e368       0x34 obj/src/setup_payload/java/libSetupPayloadParser.SetupPayloadParser-JNI.cpp.o
                0x000000000001e368                std::__ndk1::vector<chip::OptionalQRCodeInfo, std::__ndk1::allocator<chip::OptionalQRCodeInfo> >::begin()
 .text._ZNSt6__ndk16vectorIN4chip18OptionalQRCodeInfoENS_9allocatorIS2_EEE3endEv
                0x000000000001e39c       0x34 obj/src/setup_payload/java/libSetupPayloadParser.SetupPayloadParser-JNI.cpp.o
                0x000000000001e39c                std::__ndk1::vector<chip::OptionalQRCodeInfo, std::__ndk1::allocator<chip::OptionalQRCodeInfo> >::end()
 .text._ZNSt6__ndk1neIPN4chip18OptionalQRCodeInfoEEEbRKNS_11__wrap_iterIT_EES8_
                0x000000000001e3d0       0x3c obj/src/setup_payload/java/libSetupPayloadParser.SetupPayloadParser-JNI.cpp.o
                0x000000000001e3d0                bool std::__ndk1::operator!=<chip::OptionalQRCodeInfo*>(std::__ndk1::__wrap_iter<chip::OptionalQRCodeInfo*> const&, std::__ndk1::__wrap_iter<chip::OptionalQRCodeInfo*> const&)
 .text._ZNKSt6__ndk111__wrap_iterIPN4chip18OptionalQRCodeInfoEEdeEv
                0x000000000001e40c       0x18 obj/src/setup_payload/java/libSetupPayloadParser.SetupPayloadParser-JNI.cpp.o
                0x000000000001e40c                std::__ndk1::__wrap_iter<chip::OptionalQRCodeInfo*>::operator*() const
 .text._ZN7_JNIEnv11AllocObjectEP7_jclass
                0x000000000001e424       0x38 obj/src/setup_payload/java/libSetupPayloadParser.SetupPayloadParser-JNI.cpp.o
                0x000000000001e424                _JNIEnv::AllocObject(_jclass*)
 .text._ZN7_JNIEnv16GetStaticFieldIDEP7_jclassPKcS3_
                0x000000000001e45c       0x48 obj/src/setup_payload/java/libSetupPayloadParser.SetupPayloadParser-JNI.cpp.o
                0x000000000001e45c                _JNIEnv::GetStaticFieldID(_jclass*, char const*, char const*)
 .text._ZN7_JNIEnv20GetStaticObjectFieldEP7_jclassP9_jfieldID
                0x000000000001e4a4       0x40 obj/src/setup_payload/java/libSetupPayloadParser.SetupPayloadParser-JNI.cpp.o
                0x000000000001e4a4                _JNIEnv::GetStaticObjectField(_jclass*, _jfieldID*)
 .text._ZN7_JNIEnv14SetObjectFieldEP8_jobjectP9_jfieldIDS1_
                0x000000000001e4e4       0x48 obj/src/setup_payload/java/libSetupPayloadParser.SetupPayloadParser-JNI.cpp.o
                0x000000000001e4e4                _JNIEnv::SetObjectField(_jobject*, _jfieldID*, _jobject*)
 .text._ZN7_JNIEnv12NewStringUTFEPKc
                0x000000000001e52c       0x38 obj/src/setup_payload/java/libSetupPayloadParser.SetupPayloadParser-JNI.cpp.o
                0x000000000001e52c                _JNIEnv::NewStringUTF(char const*)
 .text._ZNKSt6__ndk112basic_stringIcNS_11char_traitsIcEENS_9allocatorIcEEE5c_strEv
                0x000000000001e564       0x24 obj/src/setup_payload/java/libSetupPayloadParser.SetupPayloadParser-JNI.cpp.o
                0x000000000001e564                std::__ndk1::basic_string<char, std::__ndk1::char_traits<char>, std::__ndk1::allocator<char> >::c_str() const
 .text._ZN7_JNIEnv14CallVoidMethodEP8_jobjectP10_jmethodIDz
                0x000000000001e588       0xc4 obj/src/setup_payload/java/libSetupPayloadParser.SetupPayloadParser-JNI.cpp.o
                0x000000000001e588                _JNIEnv::CallVoidMethod(_jobject*, _jmethodID*, ...)
 .text._ZNSt6__ndk111__wrap_iterIPN4chip18OptionalQRCodeInfoEEppEv
                0x000000000001e64c       0x28 obj/src/setup_payload/java/libSetupPayloadParser.SetupPayloadParser-JNI.cpp.o
                0x000000000001e64c                std::__ndk1::__wrap_iter<chip::OptionalQRCodeInfo*>::operator++()
 .text._ZNSt6__ndk16vectorIN4chip18OptionalQRCodeInfoENS_9allocatorIS2_EEED2Ev
                0x000000000001e674       0x34 obj/src/setup_payload/java/libSetupPayloadParser.SetupPayloadParser-JNI.cpp.o
                0x000000000001e674                std::__ndk1::vector<chip::OptionalQRCodeInfo, std::__ndk1::allocator<chip::OptionalQRCodeInfo> >::~vector()
 .text._ZNSt6__ndk16vectorIN4chip18OptionalQRCodeInfoENS_9allocatorIS2_EEE11__make_iterEPS2_
                0x000000000001e6a8       0x34 obj/src/setup_payload/java/libSetupPayloadParser.SetupPayloadParser-JNI.cpp.o
                0x000000000001e6a8                std::__ndk1::vector<chip::OptionalQRCodeInfo, std::__ndk1::allocator<chip::OptionalQRCodeInfo> >::__make_iter(chip::OptionalQRCodeInfo*)
 .text._ZNSt6__ndk111__wrap_iterIPN4chip18OptionalQRCodeInfoEEC2ES3_
                0x000000000001e6dc       0x20 obj/src/setup_payload/java/libSetupPayloadParser.SetupPayloadParser-JNI.cpp.o
                0x000000000001e6dc                std::__ndk1::__wrap_iter<chip::OptionalQRCodeInfo*>::__wrap_iter(chip::OptionalQRCodeInfo*)
 .text._ZNSt6__ndk1eqIPN4chip18OptionalQRCodeInfoES3_EEbRKNS_11__wrap_iterIT_EERKNS4_IT0_EE
                0x000000000001e6fc       0x50 obj/src/setup_payload/java/libSetupPayloadParser.SetupPayloadParser-JNI.cpp.o
                0x000000000001e6fc                bool std::__ndk1::operator==<chip::OptionalQRCodeInfo*, chip::OptionalQRCodeInfo*>(std::__ndk1::__wrap_iter<chip::OptionalQRCodeInfo*> const&, std::__ndk1::__wrap_iter<chip::OptionalQRCodeInfo*> const&)
 .text._ZNKSt6__ndk111__wrap_iterIPN4chip18OptionalQRCodeInfoEE4baseEv
                0x000000000001e74c       0x18 obj/src/setup_payload/java/libSetupPayloadParser.SetupPayloadParser-JNI.cpp.o
                0x000000000001e74c                std::__ndk1::__wrap_iter<chip::OptionalQRCodeInfo*>::base() const
 .text._ZNKSt6__ndk112basic_stringIcNS_11char_traitsIcEENS_9allocatorIcEEE4dataEv
                0x000000000001e764       0x28 obj/src/setup_payload/java/libSetupPayloadParser.SetupPayloadParser-JNI.cpp.o
                0x000000000001e764                std::__ndk1::basic_string<char, std::__ndk1::char_traits<char>, std::__ndk1::allocator<char> >::data() const
 .text._ZNSt6__ndk116__to_raw_pointerIKcEEPT_S3_
                0x000000000001e78c       0x14 obj/src/setup_payload/java/libSetupPayloadParser.SetupPayloadParser-JNI.cpp.o
                0x000000000001e78c                char const* std::__ndk1::__to_raw_pointer<char const>(char const*)
 .text._ZNKSt6__ndk112basic_stringIcNS_11char_traitsIcEENS_9allocatorIcEEE13__get_pointerEv
                0x000000000001e7a0       0x58 obj/src/setup_payload/java/libSetupPayloadParser.SetupPayloadParser-JNI.cpp.o
                0x000000000001e7a0                std::__ndk1::basic_string<char, std::__ndk1::char_traits<char>, std::__ndk1::allocator<char> >::__get_pointer() const
 .text._ZNKSt6__ndk112basic_stringIcNS_11char_traitsIcEENS_9allocatorIcEEE9__is_longEv
                0x000000000001e7f8       0x40 obj/src/setup_payload/java/libSetupPayloadParser.SetupPayloadParser-JNI.cpp.o
                0x000000000001e7f8                std::__ndk1::basic_string<char, std::__ndk1::char_traits<char>, std::__ndk1::allocator<char> >::__is_long() const
 .text._ZNKSt6__ndk112basic_stringIcNS_11char_traitsIcEENS_9allocatorIcEEE18__get_long_pointerEv
                0x000000000001e838       0x28 obj/src/setup_payload/java/libSetupPayloadParser.SetupPayloadParser-JNI.cpp.o
                0x000000000001e838                std::__ndk1::basic_string<char, std::__ndk1::char_traits<char>, std::__ndk1::allocator<char> >::__get_long_pointer() const
 .text._ZNKSt6__ndk112basic_stringIcNS_11char_traitsIcEENS_9allocatorIcEEE19__get_short_pointerEv
                0x000000000001e860       0x30 obj/src/setup_payload/java/libSetupPayloadParser.SetupPayloadParser-JNI.cpp.o
                0x000000000001e860                std::__ndk1::basic_string<char, std::__ndk1::char_traits<char>, std::__ndk1::allocator<char> >::__get_short_pointer() const
 .text._ZNKSt6__ndk117__compressed_pairINS_12basic_stringIcNS_11char_traitsIcEENS_9allocatorIcEEE5__repES5_E5firstEv
                0x000000000001e890       0x24 obj/src/setup_payload/java/libSetupPayloadParser.SetupPayloadParser-JNI.cpp.o
                0x000000000001e890                std::__ndk1::__compressed_pair<std::__ndk1::basic_string<char, std::__ndk1::char_traits<char>, std::__ndk1::allocator<char> >::__rep, std::__ndk1::allocator<char> >::first() const
 .text._ZNKSt6__ndk122__compressed_pair_elemINS_12basic_stringIcNS_11char_traitsIcEENS_9allocatorIcEEE5__repELi0ELb0EE5__getEv
                0x000000000001e8b4       0x14 obj/src/setup_payload/java/libSetupPayloadParser.SetupPayloadParser-JNI.cpp.o
                0x000000000001e8b4                std::__ndk1::__compressed_pair_elem<std::__ndk1::basic_string<char, std::__ndk1::char_traits<char>, std::__ndk1::allocator<char> >::__rep, 0, false>::__get() const
 .text._ZNSt6__ndk114pointer_traitsIPKcE10pointer_toERS1_
                0x000000000001e8c8       0x24 obj/src/setup_payload/java/libSetupPayloadParser.SetupPayloadParser-JNI.cpp.o
                0x000000000001e8c8                std::__ndk1::pointer_traits<char const*>::pointer_to(char const&)
 .text._ZNSt6__ndk19addressofIKcEEPT_RS2_
                0x000000000001e8ec       0x14 obj/src/setup_payload/java/libSetupPayloadParser.SetupPayloadParser-JNI.cpp.o
                0x000000000001e8ec                char const* std::__ndk1::addressof<char const>(char const&)
 .text._ZNKSt6__ndk16vectorIN4chip18OptionalQRCodeInfoENS_9allocatorIS2_EEE17__annotate_deleteEv
                0x000000000001e900       0xcc obj/src/setup_payload/java/libSetupPayloadParser.SetupPayloadParser-JNI.cpp.o
                0x000000000001e900                std::__ndk1::vector<chip::OptionalQRCodeInfo, std::__ndk1::allocator<chip::OptionalQRCodeInfo> >::__annotate_delete() const
 .text._ZNSt6__ndk113__vector_baseIN4chip18OptionalQRCodeInfoENS_9allocatorIS2_EEED2Ev
                0x000000000001e9cc       0x78 obj/src/setup_payload/java/libSetupPayloadParser.SetupPayloadParser-JNI.cpp.o
                0x000000000001e9cc                std::__ndk1::__vector_base<chip::OptionalQRCodeInfo, std::__ndk1::allocator<chip::OptionalQRCodeInfo> >::~__vector_base()
 .text._ZNKSt6__ndk16vectorIN4chip18OptionalQRCodeInfoENS_9allocatorIS2_EEE31__annotate_contiguous_containerEPKvS7_S7_S7_
                0x000000000001ea44       0x20 obj/src/setup_payload/java/libSetupPayloadParser.SetupPayloadParser-JNI.cpp.o
                0x000000000001ea44                std::__ndk1::vector<chip::OptionalQRCodeInfo, std::__ndk1::allocator<chip::OptionalQRCodeInfo> >::__annotate_contiguous_container(void const*, void const*, void const*, void const*) const
 .text._ZNKSt6__ndk16vectorIN4chip18OptionalQRCodeInfoENS_9allocatorIS2_EEE4dataEv
                0x000000000001ea64       0x28 obj/src/setup_payload/java/libSetupPayloadParser.SetupPayloadParser-JNI.cpp.o
                0x000000000001ea64                std::__ndk1::vector<chip::OptionalQRCodeInfo, std::__ndk1::allocator<chip::OptionalQRCodeInfo> >::data() const
 .text._ZNKSt6__ndk16vectorIN4chip18OptionalQRCodeInfoENS_9allocatorIS2_EEE8capacityEv
                0x000000000001ea8c       0x24 obj/src/setup_payload/java/libSetupPayloadParser.SetupPayloadParser-JNI.cpp.o
                0x000000000001ea8c                std::__ndk1::vector<chip::OptionalQRCodeInfo, std::__ndk1::allocator<chip::OptionalQRCodeInfo> >::capacity() const
 .text._ZNKSt6__ndk16vectorIN4chip18OptionalQRCodeInfoENS_9allocatorIS2_EEE4sizeEv
                0x000000000001eab0       0x28 obj/src/setup_payload/java/libSetupPayloadParser.SetupPayloadParser-JNI.cpp.o
                0x000000000001eab0                std::__ndk1::vector<chip::OptionalQRCodeInfo, std::__ndk1::allocator<chip::OptionalQRCodeInfo> >::size() const
 .text._ZNSt6__ndk116__to_raw_pointerIN4chip18OptionalQRCodeInfoEEEPT_S4_
                0x000000000001ead8       0x14 obj/src/setup_payload/java/libSetupPayloadParser.SetupPayloadParser-JNI.cpp.o
                0x000000000001ead8                chip::OptionalQRCodeInfo* std::__ndk1::__to_raw_pointer<chip::OptionalQRCodeInfo>(chip::OptionalQRCodeInfo*)
 .text._ZNKSt6__ndk113__vector_baseIN4chip18OptionalQRCodeInfoENS_9allocatorIS2_EEE8capacityEv
                0x000000000001eaec       0x4c obj/src/setup_payload/java/libSetupPayloadParser.SetupPayloadParser-JNI.cpp.o
                0x000000000001eaec                std::__ndk1::__vector_base<chip::OptionalQRCodeInfo, std::__ndk1::allocator<chip::OptionalQRCodeInfo> >::capacity() const
 .text._ZNKSt6__ndk113__vector_baseIN4chip18OptionalQRCodeInfoENS_9allocatorIS2_EEE9__end_capEv
                0x000000000001eb38       0x2c obj/src/setup_payload/java/libSetupPayloadParser.SetupPayloadParser-JNI.cpp.o
                0x000000000001eb38                std::__ndk1::__vector_base<chip::OptionalQRCodeInfo, std::__ndk1::allocator<chip::OptionalQRCodeInfo> >::__end_cap() const
 .text._ZNKSt6__ndk117__compressed_pairIPN4chip18OptionalQRCodeInfoENS_9allocatorIS2_EEE5firstEv
                0x000000000001eb64       0x24 obj/src/setup_payload/java/libSetupPayloadParser.SetupPayloadParser-JNI.cpp.o
                0x000000000001eb64                std::__ndk1::__compressed_pair<chip::OptionalQRCodeInfo*, std::__ndk1::allocator<chip::OptionalQRCodeInfo> >::first() const
 .text._ZNKSt6__ndk122__compressed_pair_elemIPN4chip18OptionalQRCodeInfoELi0ELb0EE5__getEv
                0x000000000001eb88       0x14 obj/src/setup_payload/java/libSetupPayloadParser.SetupPayloadParser-JNI.cpp.o
                0x000000000001eb88                std::__ndk1::__compressed_pair_elem<chip::OptionalQRCodeInfo*, 0, false>::__get() const
 .text._ZNSt6__ndk113__vector_baseIN4chip18OptionalQRCodeInfoENS_9allocatorIS2_EEE5clearEv
                0x000000000001eb9c       0x2c obj/src/setup_payload/java/libSetupPayloadParser.SetupPayloadParser-JNI.cpp.o
                0x000000000001eb9c                std::__ndk1::__vector_base<chip::OptionalQRCodeInfo, std::__ndk1::allocator<chip::OptionalQRCodeInfo> >::clear()
 .text._ZNSt6__ndk116allocator_traitsINS_9allocatorIN4chip18OptionalQRCodeInfoEEEE10deallocateERS4_PS3_m
                0x000000000001ebc8       0x34 obj/src/setup_payload/java/libSetupPayloadParser.SetupPayloadParser-JNI.cpp.o
                0x000000000001ebc8                std::__ndk1::allocator_traits<std::__ndk1::allocator<chip::OptionalQRCodeInfo> >::deallocate(std::__ndk1::allocator<chip::OptionalQRCodeInfo>&, chip::OptionalQRCodeInfo*, unsigned long)
 .text._ZNSt6__ndk113__vector_baseIN4chip18OptionalQRCodeInfoENS_9allocatorIS2_EEE7__allocEv
                0x000000000001ebfc       0x2c obj/src/setup_payload/java/libSetupPayloadParser.SetupPayloadParser-JNI.cpp.o
                0x000000000001ebfc                std::__ndk1::__vector_base<chip::OptionalQRCodeInfo, std::__ndk1::allocator<chip::OptionalQRCodeInfo> >::__alloc()
 .text._ZNSt6__ndk113__vector_baseIN4chip18OptionalQRCodeInfoENS_9allocatorIS2_EEE17__destruct_at_endEPS2_
                0x000000000001ec28       0x8c obj/src/setup_payload/java/libSetupPayloadParser.SetupPayloadParser-JNI.cpp.o
                0x000000000001ec28                std::__ndk1::__vector_base<chip::OptionalQRCodeInfo, std::__ndk1::allocator<chip::OptionalQRCodeInfo> >::__destruct_at_end(chip::OptionalQRCodeInfo*)
 .text._ZNSt6__ndk116allocator_traitsINS_9allocatorIN4chip18OptionalQRCodeInfoEEEE7destroyIS3_EEvRS4_PT_
                0x000000000001ecb4       0x30 obj/src/setup_payload/java/libSetupPayloadParser.SetupPayloadParser-JNI.cpp.o
                0x000000000001ecb4                void std::__ndk1::allocator_traits<std::__ndk1::allocator<chip::OptionalQRCodeInfo> >::destroy<chip::OptionalQRCodeInfo>(std::__ndk1::allocator<chip::OptionalQRCodeInfo>&, chip::OptionalQRCodeInfo*)
 .text._ZNSt6__ndk116allocator_traitsINS_9allocatorIN4chip18OptionalQRCodeInfoEEEE9__destroyIS3_EEvNS_17integral_constantIbLb1EEERS4_PT_
                0x000000000001ece4       0x30 obj/src/setup_payload/java/libSetupPayloadParser.SetupPayloadParser-JNI.cpp.o
                0x000000000001ece4                void std::__ndk1::allocator_traits<std::__ndk1::allocator<chip::OptionalQRCodeInfo> >::__destroy<chip::OptionalQRCodeInfo>(std::__ndk1::integral_constant<bool, true>, std::__ndk1::allocator<chip::OptionalQRCodeInfo>&, chip::OptionalQRCodeInfo*)
 .text._ZNSt6__ndk19allocatorIN4chip18OptionalQRCodeInfoEE7destroyEPS2_
                0x000000000001ed14       0x28 obj/src/setup_payload/java/libSetupPayloadParser.SetupPayloadParser-JNI.cpp.o
                0x000000000001ed14                std::__ndk1::allocator<chip::OptionalQRCodeInfo>::destroy(chip::OptionalQRCodeInfo*)
 .text._ZNSt6__ndk19allocatorIN4chip18OptionalQRCodeInfoEE10deallocateEPS2_m
                0x000000000001ed3c       0x40 obj/src/setup_payload/java/libSetupPayloadParser.SetupPayloadParser-JNI.cpp.o
                0x000000000001ed3c                std::__ndk1::allocator<chip::OptionalQRCodeInfo>::deallocate(chip::OptionalQRCodeInfo*, unsigned long)
 .text._ZNSt6__ndk117__compressed_pairIPN4chip18OptionalQRCodeInfoENS_9allocatorIS2_EEE6secondEv
                0x000000000001ed7c       0x24 obj/src/setup_payload/java/libSetupPayloadParser.SetupPayloadParser-JNI.cpp.o
                0x000000000001ed7c                std::__ndk1::__compressed_pair<chip::OptionalQRCodeInfo*, std::__ndk1::allocator<chip::OptionalQRCodeInfo> >::second()
 .text._ZNSt6__ndk122__compressed_pair_elemINS_9allocatorIN4chip18OptionalQRCodeInfoEEELi1ELb1EE5__getEv
                0x000000000001eda0       0x14 obj/src/setup_payload/java/libSetupPayloadParser.SetupPayloadParser-JNI.cpp.o
                0x000000000001eda0                std::__ndk1::__compressed_pair_elem<std::__ndk1::allocator<chip::OptionalQRCodeInfo>, 1, true>::__get()
 .text._ZNSt6__ndk116allocator_traitsINS_9allocatorIcEEE10deallocateERS2_Pcm
                0x000000000001edb4       0x34 obj/src/setup_payload/java/libSetupPayloadParser.SetupPayloadParser-JNI.cpp.o
                0x000000000001edb4                std::__ndk1::allocator_traits<std::__ndk1::allocator<char> >::deallocate(std::__ndk1::allocator<char>&, char*, unsigned long)
 .text._ZNSt6__ndk112basic_stringIcNS_11char_traitsIcEENS_9allocatorIcEEE7__allocEv
                0x000000000001ede8       0x24 obj/src/setup_payload/java/libSetupPayloadParser.SetupPayloadParser-JNI.cpp.o
                0x000000000001ede8                std::__ndk1::basic_string<char, std::__ndk1::char_traits<char>, std::__ndk1::allocator<char> >::__alloc()
 .text._ZNSt6__ndk112basic_stringIcNS_11char_traitsIcEENS_9allocatorIcEEE18__get_long_pointerEv
                0x000000000001ee0c       0x28 obj/src/setup_payload/java/libSetupPayloadParser.SetupPayloadParser-JNI.cpp.o
                0x000000000001ee0c                std::__ndk1::basic_string<char, std::__ndk1::char_traits<char>, std::__ndk1::allocator<char> >::__get_long_pointer()
 .text._ZNKSt6__ndk112basic_stringIcNS_11char_traitsIcEENS_9allocatorIcEEE14__get_long_capEv
                0x000000000001ee34       0x38 obj/src/setup_payload/java/libSetupPayloadParser.SetupPayloadParser-JNI.cpp.o
                0x000000000001ee34                std::__ndk1::basic_string<char, std::__ndk1::char_traits<char>, std::__ndk1::allocator<char> >::__get_long_cap() const
 .text._ZNSt6__ndk19allocatorIcE10deallocateEPcm
                0x000000000001ee6c       0x3c obj/src/setup_payload/java/libSetupPayloadParser.SetupPayloadParser-JNI.cpp.o
                0x000000000001ee6c                std::__ndk1::allocator<char>::deallocate(char*, unsigned long)
 .text._ZNSt6__ndk117__compressed_pairINS_12basic_stringIcNS_11char_traitsIcEENS_9allocatorIcEEE5__repES5_E6secondEv
                0x000000000001eea8       0x24 obj/src/setup_payload/java/libSetupPayloadParser.SetupPayloadParser-JNI.cpp.o
                0x000000000001eea8                std::__ndk1::__compressed_pair<std::__ndk1::basic_string<char, std::__ndk1::char_traits<char>, std::__ndk1::allocator<char> >::__rep, std::__ndk1::allocator<char> >::second()
 .text._ZNSt6__ndk122__compressed_pair_elemINS_9allocatorIcEELi1ELb1EE5__getEv
                0x000000000001eecc       0x14 obj/src/setup_payload/java/libSetupPayloadParser.SetupPayloadParser-JNI.cpp.o
                0x000000000001eecc                std::__ndk1::__compressed_pair_elem<std::__ndk1::allocator<char>, 1, true>::__get()
 .text._ZNSt6__ndk117__compressed_pairINS_12basic_stringIcNS_11char_traitsIcEENS_9allocatorIcEEE5__repES5_EC2ILb1EvEEv
                0x000000000001eee0       0x34 obj/src/setup_payload/java/libSetupPayloadParser.SetupPayloadParser-JNI.cpp.o
                0x000000000001eee0                std::__ndk1::__compressed_pair<std::__ndk1::basic_string<char, std::__ndk1::char_traits<char>, std::__ndk1::allocator<char> >::__rep, std::__ndk1::allocator<char> >::__compressed_pair<true, void>()
 .text._ZNSt6__ndk112basic_stringIcNS_11char_traitsIcEENS_9allocatorIcEEE6__initEPKcm
                0x000000000001ef14      0x100 obj/src/setup_payload/java/libSetupPayloadParser.SetupPayloadParser-JNI.cpp.o
                0x000000000001ef14                std::__ndk1::basic_string<char, std::__ndk1::char_traits<char>, std::__ndk1::allocator<char> >::__init(char const*, unsigned long)
 .text._ZNSt6__ndk111char_traitsIcE6lengthEPKc
                0x000000000001f014       0x24 obj/src/setup_payload/java/libSetupPayloadParser.SetupPayloadParser-JNI.cpp.o
                0x000000000001f014                std::__ndk1::char_traits<char>::length(char const*)
 .text._ZNSt6__ndk122__compressed_pair_elemINS_12basic_stringIcNS_11char_traitsIcEENS_9allocatorIcEEE5__repELi0ELb0EEC2Ev
                0x000000000001f038       0x28 obj/src/setup_payload/java/libSetupPayloadParser.SetupPayloadParser-JNI.cpp.o
                0x000000000001f038                std::__ndk1::__compressed_pair_elem<std::__ndk1::basic_string<char, std::__ndk1::char_traits<char>, std::__ndk1::allocator<char> >::__rep, 0, false>::__compressed_pair_elem()
 .text._ZNSt6__ndk122__compressed_pair_elemINS_9allocatorIcEELi1ELb1EEC2Ev
                0x000000000001f060       0x24 obj/src/setup_payload/java/libSetupPayloadParser.SetupPayloadParser-JNI.cpp.o
                0x000000000001f060                std::__ndk1::__compressed_pair_elem<std::__ndk1::allocator<char>, 1, true>::__compressed_pair_elem()
 .text._ZNSt6__ndk19allocatorIcEC2Ev
                0x000000000001f084       0x10 obj/src/setup_payload/java/libSetupPayloadParser.SetupPayloadParser-JNI.cpp.o
                0x000000000001f084                std::__ndk1::allocator<char>::allocator()
 .text._ZNKSt6__ndk112basic_stringIcNS_11char_traitsIcEENS_9allocatorIcEEE8max_sizeEv
                0x000000000001f094       0x34 obj/src/setup_payload/java/libSetupPayloadParser.SetupPayloadParser-JNI.cpp.o
                0x000000000001f094                std::__ndk1::basic_string<char, std::__ndk1::char_traits<char>, std::__ndk1::allocator<char> >::max_size() const
 .text._ZNKSt6__ndk121__basic_string_commonILb1EE20__throw_length_errorEv
                0x000000000001f0c8       0x20 obj/src/setup_payload/java/libSetupPayloadParser.SetupPayloadParser-JNI.cpp.o
                0x000000000001f0c8                std::__ndk1::__basic_string_common<true>::__throw_length_error() const
 .text._ZNSt6__ndk112basic_stringIcNS_11char_traitsIcEENS_9allocatorIcEEE16__set_short_sizeEm
                0x000000000001f0e8       0x3c obj/src/setup_payload/java/libSetupPayloadParser.SetupPayloadParser-JNI.cpp.o
                0x000000000001f0e8                std::__ndk1::basic_string<char, std::__ndk1::char_traits<char>, std::__ndk1::allocator<char> >::__set_short_size(unsigned long)
 .text._ZNSt6__ndk112basic_stringIcNS_11char_traitsIcEENS_9allocatorIcEEE19__get_short_pointerEv
                0x000000000001f124       0x30 obj/src/setup_payload/java/libSetupPayloadParser.SetupPayloadParser-JNI.cpp.o
                0x000000000001f124                std::__ndk1::basic_string<char, std::__ndk1::char_traits<char>, std::__ndk1::allocator<char> >::__get_short_pointer()
 .text._ZNSt6__ndk112basic_stringIcNS_11char_traitsIcEENS_9allocatorIcEEE11__recommendEm
                0x000000000001f154       0x74 obj/src/setup_payload/java/libSetupPayloadParser.SetupPayloadParser-JNI.cpp.o
                0x000000000001f154                std::__ndk1::basic_string<char, std::__ndk1::char_traits<char>, std::__ndk1::allocator<char> >::__recommend(unsigned long)
 .text._ZNSt6__ndk116allocator_traitsINS_9allocatorIcEEE8allocateERS2_m
                0x000000000001f1c8       0x34 obj/src/setup_payload/java/libSetupPayloadParser.SetupPayloadParser-JNI.cpp.o
                0x000000000001f1c8                std::__ndk1::allocator_traits<std::__ndk1::allocator<char> >::allocate(std::__ndk1::allocator<char>&, unsigned long)
 .text._ZNSt6__ndk112basic_stringIcNS_11char_traitsIcEENS_9allocatorIcEEE18__set_long_pointerEPc
                0x000000000001f1fc       0x38 obj/src/setup_payload/java/libSetupPayloadParser.SetupPayloadParser-JNI.cpp.o
                0x000000000001f1fc                std::__ndk1::basic_string<char, std::__ndk1::char_traits<char>, std::__ndk1::allocator<char> >::__set_long_pointer(char*)
 .text._ZNSt6__ndk112basic_stringIcNS_11char_traitsIcEENS_9allocatorIcEEE14__set_long_capEm
                0x000000000001f234       0x40 obj/src/setup_payload/java/libSetupPayloadParser.SetupPayloadParser-JNI.cpp.o
                0x000000000001f234                std::__ndk1::basic_string<char, std::__ndk1::char_traits<char>, std::__ndk1::allocator<char> >::__set_long_cap(unsigned long)
 .text._ZNSt6__ndk112basic_stringIcNS_11char_traitsIcEENS_9allocatorIcEEE15__set_long_sizeEm
                0x000000000001f274       0x38 obj/src/setup_payload/java/libSetupPayloadParser.SetupPayloadParser-JNI.cpp.o
                0x000000000001f274                std::__ndk1::basic_string<char, std::__ndk1::char_traits<char>, std::__ndk1::allocator<char> >::__set_long_size(unsigned long)
 .text._ZNSt6__ndk111char_traitsIcE4copyEPcPKcm
                0x000000000001f2ac       0x5c obj/src/setup_payload/java/libSetupPayloadParser.SetupPayloadParser-JNI.cpp.o
                0x000000000001f2ac                std::__ndk1::char_traits<char>::copy(char*, char const*, unsigned long)
 .text._ZNSt6__ndk116__to_raw_pointerIcEEPT_S2_
                0x000000000001f308       0x14 obj/src/setup_payload/java/libSetupPayloadParser.SetupPayloadParser-JNI.cpp.o
                0x000000000001f308                char* std::__ndk1::__to_raw_pointer<char>(char*)
 .text._ZNSt6__ndk111char_traitsIcE6assignERcRKc
                0x000000000001f31c       0x24 obj/src/setup_payload/java/libSetupPayloadParser.SetupPayloadParser-JNI.cpp.o
                0x000000000001f31c                std::__ndk1::char_traits<char>::assign(char&, char const&)
 .text._ZNSt6__ndk116allocator_traitsINS_9allocatorIcEEE8max_sizeERKS2_
                0x000000000001f340       0x28 obj/src/setup_payload/java/libSetupPayloadParser.SetupPayloadParser-JNI.cpp.o
                0x000000000001f340                std::__ndk1::allocator_traits<std::__ndk1::allocator<char> >::max_size(std::__ndk1::allocator<char> const&)
 .text._ZNKSt6__ndk112basic_stringIcNS_11char_traitsIcEENS_9allocatorIcEEE7__allocEv
                0x000000000001f368       0x24 obj/src/setup_payload/java/libSetupPayloadParser.SetupPayloadParser-JNI.cpp.o
                0x000000000001f368                std::__ndk1::basic_string<char, std::__ndk1::char_traits<char>, std::__ndk1::allocator<char> >::__alloc() const
 .text._ZNSt6__ndk116allocator_traitsINS_9allocatorIcEEE10__max_sizeENS_17integral_constantIbLb1EEERKS2_
                0x000000000001f38c       0x28 obj/src/setup_payload/java/libSetupPayloadParser.SetupPayloadParser-JNI.cpp.o
                0x000000000001f38c                std::__ndk1::allocator_traits<std::__ndk1::allocator<char> >::__max_size(std::__ndk1::integral_constant<bool, true>, std::__ndk1::allocator<char> const&)