06-04 10:20:23.785  6627  7057 D chip.BluetoothManager: null.onCharacteristicWrite: 18ee2ef5-263d-4559-959f-4f9c429f9d11 -> 0
06-04 10:20:26.284  6627  7057 D chip.BluetoothManager: null.onCharacteristicChanged: 18ee2ef5-263d-4559-959f-4f9c429f9d12
06-04 10:20:28.915  6627  7057 D chip.BluetoothManager: null.onCharacteristicWrite: 18ee2ef5-263d-4559-959f-4f9c429f9d11 -> 0
06-04 10:20:31.414  6627  7057 D chip.BluetoothManager: null.onCharacteristicChanged: 18ee2ef5-263d-4559-959f-4f9c429f9d12
06-04 10:20:34.044  6627  7057 D chip.BluetoothManager: null.onCharacteristicWrite: 18ee2ef5-263d-4559-959f-4f9c429f9d11 -> 0
06-04 10:20:36.544  6627  7057 D chip.BluetoothManager: null.onCharacteristicChanged: 18ee2ef5-263d-4559-959f-4f9c429f9d12
06-04 10:20:39.175  6627  7057 D chip.BluetoothManager: null.onCharacteristicWrite: 18ee2ef5-263d-4559-959f-4f9c429f9d11 -> 0
06-04 10:20:41.674  6627  7057 D chip.BluetoothManager: null.onCharacteristicChanged: 18ee2ef5-263d-4559-959f-4f9c429f9d12
06-04 10:20:44.304  6627  7057 D chip.BluetoothManager: null.onCharacteristicWrite: 18ee2ef5-263d-4559-959f-4f9c429f9d11 -> 0
06-04 10:20:46.803  6627  7057 D chip.BluetoothManager: null.onCharacteristicChanged: 18ee2ef5-263d-4559-959f-4f9c429f9d12
06-04 10:20:49.435  6627  7057 D chip.BluetoothManager: null.onCharacteristicWrite: 18ee2ef5-263d-4559-959f-4f9c429f9d11 -> 0
06-04 10:20:51.935  6627  7057 D chip.BluetoothManager: null.onCharacteristicChanged: 18ee2ef5-263d-4559-959f-4f9c429f9d12
06-04 10:20:54.521  6627  7057 D chip.BluetoothManager: null.onCharacteristicWrite: 18ee2ef5-263d-4559-959f-4f9c429f9d11 -> 0
06-04 10:20:57.019  6627  7057 D chip.BluetoothManager: null.onCharacteristicChanged: 18ee2ef5-263d-4559-959f-4f9c429f9d12
06-04 10:20:59.652  6627  7057 D chip.BluetoothManager: null.onCharacteristicWrite: 18ee2ef5-263d-4559-959f-4f9c429f9d11 -> 0
06-04 10:21:02.149  6627  7057 D chip.BluetoothManager: null.onCharacteristicChanged: 18ee2ef5-263d-4559-959f-4f9c429f9d12
06-04 10:21:04.780  6627  7057 D chip.BluetoothManager: null.onCharacteristicWrite: 18ee2ef5-263d-4559-959f-4f9c429f9d11 -> 0
06-04 10:21:07.274  6627  7057 D chip.BluetoothManager: null.onCharacteristicChanged: 18ee2ef5-263d-4559-959f-4f9c429f9d12
06-04 10:21:09.910  6627  7057 D chip.BluetoothManager: null.onCharacteristicWrite: 18ee2ef5-263d-4559-959f-4f9c429f9d11 -> 0
06-04 10:21:12.408  6627  7057 D chip.BluetoothManager: null.onCharacteristicChanged: 18ee2ef5-263d-4559-959f-4f9c429f9d12
06-04 10:21:15.040  6627  7057 D chip.BluetoothManager: null.onCharacteristicWrite: 18ee2ef5-263d-4559-959f-4f9c429f9d11 -> 0
06-04 10:21:17.539  6627  7057 D chip.BluetoothManager: null.onCharacteristicChanged: 18ee2ef5-263d-4559-959f-4f9c429f9d12
06-04 10:21:20.171  6627  7057 D chip.BluetoothManager: null.onCharacteristicWrite: 18ee2ef5-263d-4559-959f-4f9c429f9d11 -> 0
06-04 10:21:22.669  6627  7057 D chip.BluetoothManager: null.onCharacteristicChanged: 18ee2ef5-263d-4559-959f-4f9c429f9d12
06-04 10:21:25.302  6627  7057 D chip.BluetoothManager: null.onCharacteristicWrite: 18ee2ef5-263d-4559-959f-4f9c429f9d11 -> 0
06-04 10:21:27.799  6627  7057 D chip.BluetoothManager: null.onCharacteristicChanged: 18ee2ef5-263d-4559-959f-4f9c429f9d12
06-04 10:21:30.475  6627  7057 D chip.BluetoothManager: null.onCharacteristicWrite: 18ee2ef5-263d-4559-959f-4f9c429f9d11 -> 0
06-04 10:21:32.929  6627  7057 D chip.BluetoothManager: null.onCharacteristicChanged: 18ee2ef5-263d-4559-959f-4f9c429f9d12
06-04 10:21:35.607  6627  7057 D chip.BluetoothManager: null.onCharacteristicWrite: 18ee2ef5-263d-4559-959f-4f9c429f9d11 -> 0
06-04 10:21:38.056  6627  7057 D chip.BluetoothManager: null.onCharacteristicChanged: 18ee2ef5-263d-4559-959f-4f9c429f9d12
06-04 10:21:40.692  6627  7057 D chip.BluetoothManager: null.onCharacteristicWrite: 18ee2ef5-263d-4559-959f-4f9c429f9d11 -> 0
06-04 10:21:43.190  6627  7057 D chip.BluetoothManager: null.onCharacteristicChanged: 18ee2ef5-263d-4559-959f-4f9c429f9d12
06-04 10:21:45.820  6627  7057 D chip.BluetoothManager: null.onCharacteristicWrite: 18ee2ef5-263d-4559-959f-4f9c429f9d11 -> 0
06-04 10:21:48.316  6627  7057 D chip.BluetoothManager: null.onCharacteristicChanged: 18ee2ef5-263d-4559-959f-4f9c429f9d12
06-04 10:21:50.949  6627  7057 D chip.BluetoothManager: null.onCharacteristicWrite: 18ee2ef5-263d-4559-959f-4f9c429f9d11 -> 0
06-04 10:21:53.449  6627  7057 D chip.BluetoothManager: null.onCharacteristicChanged: 18ee2ef5-263d-4559-959f-4f9c429f9d12
06-04 10:21:56.124  6627  7057 D chip.BluetoothManager: null.onCharacteristicWrite: 18ee2ef5-263d-4559-959f-4f9c429f9d11 -> 0
06-04 10:21:58.669  6627  7057 D chip.BluetoothManager: null.onCharacteristicChanged: 18ee2ef5-263d-4559-959f-4f9c429f9d12
06-04 10:22:01.301  6627  7057 D chip.BluetoothManager: null.onCharacteristicWrite: 18ee2ef5-263d-4559-959f-4f9c429f9d11 -> 0
06-04 10:22:03.799  6627  7057 D chip.BluetoothManager: null.onCharacteristicChanged: 18ee2ef5-263d-4559-959f-4f9c429f9d12
06-04 10:22:06.429  6627  7057 D chip.BluetoothManager: null.onCharacteristicWrite: 18ee2ef5-263d-4559-959f-4f9c429f9d11 -> 0
06-04 10:22:08.929  6627  7057 D chip.BluetoothManager: null.onCharacteristicChanged: 18ee2ef5-263d-4559-959f-4f9c429f9d12
06-04 10:22:11.559  6627  7057 D chip.BluetoothManager: null.onCharacteristicWrite: 18ee2ef5-263d-4559-959f-4f9c429f9d11 -> 0
06-04 10:22:14.058  6627  7057 D chip.BluetoothManager: null.onCharacteristicChanged: 18ee2ef5-263d-4559-959f-4f9c429f9d12
06-04 10:22:16.689  6627  7057 D chip.BluetoothManager: null.onCharacteristicWrite: 18ee2ef5-263d-4559-959f-4f9c429f9d11 -> 0
06-04 10:22:19.181  6627  7057 D chip.BluetoothManager: null.onCharacteristicChanged: 18ee2ef5-263d-4559-959f-4f9c429f9d12
06-04 10:22:21.773  6627  7057 D chip.BluetoothManager: null.onCharacteristicWrite: 18ee2ef5-263d-4559-959f-4f9c429f9d11 -> 0
06-04 10:22:24.272  6627  7057 D chip.BluetoothManager: null.onCharacteristicChanged: 18ee2ef5-263d-4559-959f-4f9c429f9d12
06-04 10:22:26.857  6627  7057 D chip.BluetoothManager: null.onCharacteristicWrite: 18ee2ef5-263d-4559-959f-4f9c429f9d11 -> 0
06-04 10:22:29.357  6627  7057 D chip.BluetoothManager: null.onCharacteristicChanged: 18ee2ef5-263d-4559-959f-4f9c429f9d12
06-04 10:22:31.989  6627  7057 D chip.BluetoothManager: null.onCharacteristicWrite: 18ee2ef5-263d-4559-959f-4f9c429f9d11 -> 0
06-04 10:22:34.489  6627  7057 D chip.BluetoothManager: null.onCharacteristicChanged: 18ee2ef5-263d-4559-959f-4f9c429f9d12
06-04 10:22:37.119  6627  7057 D chip.BluetoothManager: null.onCharacteristicWrite: 18ee2ef5-263d-4559-959f-4f9c429f9d11 -> 0
06-04 10:22:39.618  6627  7057 D chip.BluetoothManager: null.onCharacteristicChanged: 18ee2ef5-263d-4559-959f-4f9c429f9d12
06-04 10:22:42.250  6627  7057 D chip.BluetoothManager: null.onCharacteristicWrite: 18ee2ef5-263d-4559-959f-4f9c429f9d11 -> 0
06-04 10:22:44.749  6627  7057 D chip.BluetoothManager: null.onCharacteristicChanged: 18ee2ef5-263d-4559-959f-4f9c429f9d12
06-04 10:22:47.379  6627  7057 D chip.BluetoothManager: null.onCharacteristicWrite: 18ee2ef5-263d-4559-959f-4f9c429f9d11 -> 0
06-04 10:22:49.879  6627  7057 D chip.BluetoothManager: null.onCharacteristicChanged: 18ee2ef5-263d-4559-959f-4f9c429f9d12
06-04 10:22:52.464  6627  7057 D chip.BluetoothManager: null.onCharacteristicWrite: 18ee2ef5-263d-4559-959f-4f9c429f9d11 -> 0
06-04 10:22:54.956  6627  7057 D chip.BluetoothManager: null.onCharacteristicChanged: 18ee2ef5-263d-4559-959f-4f9c429f9d12
06-04 10:22:57.594  6627  7057 D chip.BluetoothManager: null.onCharacteristicWrite: 18ee2ef5-263d-4559-959f-4f9c429f9d11 -> 0
06-04 10:23:00.089  6627  7057 D chip.BluetoothManager: null.onCharacteristicChanged: 18ee2ef5-263d-4559-959f-4f9c429f9d12
06-04 10:23:02.724  6627  7057 D chip.BluetoothManager: null.onCharacteristicWrite: 18ee2ef5-263d-4559-959f-4f9c429f9d11 -> 0
06-04 10:23:05.224  6627  7057 D chip.BluetoothManager: null.onCharacteristicChanged: 18ee2ef5-263d-4559-959f-4f9c429f9d12
06-04 10:23:07.855  6627  7057 D chip.BluetoothManager: null.onCharacteristicWrite: 18ee2ef5-263d-4559-959f-4f9c429f9d11 -> 0
06-04 10:23:10.353  6627  7057 D chip.BluetoothManager: null.onCharacteristicChanged: 18ee2ef5-263d-4559-959f-4f9c429f9d12
06-04 10:23:12.985  6627  7057 D chip.BluetoothManager: null.onCharacteristicWrite: 18ee2ef5-263d-4559-959f-4f9c429f9d11 -> 0
06-04 10:23:15.485  6627  7057 D chip.BluetoothManager: null.onCharacteristicChanged: 18ee2ef5-263d-4559-959f-4f9c429f9d12
06-04 10:23:18.115  6627  7057 D chip.BluetoothManager: null.onCharacteristicWrite: 18ee2ef5-263d-4559-959f-4f9c429f9d11 -> 0
06-04 10:23:20.613  6627  7057 D chip.BluetoothManager: null.onCharacteristicChanged: 18ee2ef5-263d-4559-959f-4f9c429f9d12
06-04 10:23:23.199  6627  7057 D chip.BluetoothManager: null.onCharacteristicWrite: 18ee2ef5-263d-4559-959f-4f9c429f9d11 -> 0
06-04 10:23:25.698  6627  7057 D chip.BluetoothManager: null.onCharacteristicChanged: 18ee2ef5-263d-4559-959f-4f9c429f9d12
06-04 10:23:28.330  6627  7057 D chip.BluetoothManager: null.onCharacteristicWrite: 18ee2ef5-263d-4559-959f-4f9c429f9d11 -> 0
06-04 10:23:30.829  6627  7057 D chip.BluetoothManager: null.onCharacteristicChanged: 18ee2ef5-263d-4559-959f-4f9c429f9d12
06-04 10:23:33.460  6627  7057 D chip.BluetoothManager: null.onCharacteristicWrite: 18ee2ef5-263d-4559-959f-4f9c429f9d11 -> 0
06-04 10:23:35.952  6627  7057 D chip.BluetoothManager: null.onCharacteristicChanged: 18ee2ef5-263d-4559-959f-4f9c429f9d12
06-04 10:23:38.589  6627  7057 D chip.BluetoothManager: null.onCharacteristicWrite: 18ee2ef5-263d-4559-959f-4f9c429f9d11 -> 0
06-04 10:23:41.082  6627  7057 D chip.BluetoothManager: null.onCharacteristicChanged: 18ee2ef5-263d-4559-959f-4f9c429f9d12
06-04 10:23:43.719  6627  7057 D chip.BluetoothManager: null.onCharacteristicWrite: 18ee2ef5-263d-4559-959f-4f9c429f9d11 -> 0
06-04 10:23:46.219  6627  7057 D chip.BluetoothManager: null.onCharacteristicChanged: 18ee2ef5-263d-4559-959f-4f9c429f9d12
06-04 10:23:48.849  6627  7057 D chip.BluetoothManager: null.onCharacteristicWrite: 18ee2ef5-263d-4559-959f-4f9c429f9d11 -> 0
06-04 10:23:51.348  6627  7057 D chip.BluetoothManager: null.onCharacteristicChanged: 18ee2ef5-263d-4559-959f-4f9c429f9d12
06-04 10:23:53.980  6627  7057 D chip.BluetoothManager: null.onCharacteristicWrite: 18ee2ef5-263d-4559-959f-4f9c429f9d11 -> 0
06-04 10:23:56.481  6627  7057 D chip.BluetoothManager: null.onCharacteristicChanged: 18ee2ef5-263d-4559-959f-4f9c429f9d12
06-04 10:23:59.109  6627  7057 D chip.BluetoothManager: null.onCharacteristicWrite: 18ee2ef5-263d-4559-959f-4f9c429f9d11 -> 0
06-04 10:24:01.609  6627  7057 D chip.BluetoothManager: null.onCharacteristicChanged: 18ee2ef5-263d-4559-959f-4f9c429f9d12
06-04 10:24:04.239  6627  7057 D chip.BluetoothManager: null.onCharacteristicWrite: 18ee2ef5-263d-4559-959f-4f9c429f9d11 -> 0
06-04 10:24:06.738  6627  7057 D chip.BluetoothManager: null.onCharacteristicChanged: 18ee2ef5-263d-4559-959f-4f9c429f9d12
06-04 10:24:09.370  6627  7057 D chip.BluetoothManager: null.onCharacteristicWrite: 18ee2ef5-263d-4559-959f-4f9c429f9d11 -> 0
06-04 10:24:11.867  6627  7057 D chip.BluetoothManager: null.onCharacteristicChanged: 18ee2ef5-263d-4559-959f-4f9c429f9d12
06-04 10:24:14.454  6627  7057 D chip.BluetoothManager: null.onCharacteristicWrite: 18ee2ef5-263d-4559-959f-4f9c429f9d11 -> 0
06-04 10:24:16.949  6627  7057 D chip.BluetoothManager: null.onCharacteristicChanged: 18ee2ef5-263d-4559-959f-4f9c429f9d12
06-04 10:24:19.584  6627  7057 D chip.BluetoothManager: null.onCharacteristicWrite: 18ee2ef5-263d-4559-959f-4f9c429f9d11 -> 0
06-04 10:24:22.083  6627  7057 D chip.BluetoothManager: null.onCharacteristicChanged: 18ee2ef5-263d-4559-959f-4f9c429f9d12
06-04 10:24:24.714  6627  7057 D chip.BluetoothManager: null.onCharacteristicWrite: 18ee2ef5-263d-4559-959f-4f9c429f9d11 -> 0
06-04 10:24:27.213  6627  7057 D chip.BluetoothManager: null.onCharacteristicChanged: 18ee2ef5-263d-4559-959f-4f9c429f9d12
06-04 10:24:29.844  6627  7057 D chip.BluetoothManager: null.onCharacteristicWrite: 18ee2ef5-263d-4559-959f-4f9c429f9d11 -> 0
06-04 10:24:32.343  6627  7057 D chip.BluetoothManager: null.onCharacteristicChanged: 18ee2ef5-263d-4559-959f-4f9c429f9d12
06-04 10:24:34.974  6627  7057 D chip.BluetoothManager: null.onCharacteristicWrite: 18ee2ef5-263d-4559-959f-4f9c429f9d11 -> 0
06-04 10:24:37.474  6627  7057 D chip.BluetoothManager: null.onCharacteristicChanged: 18ee2ef5-263d-4559-959f-4f9c429f9d12
06-04 10:24:40.104  6627  7057 D chip.BluetoothManager: null.onCharacteristicWrite: 18ee2ef5-263d-4559-959f-4f9c429f9d11 -> 0
06-04 10:24:42.604  6627  7057 D chip.BluetoothManager: null.onCharacteristicChanged: 18ee2ef5-263d-4559-959f-4f9c429f9d12
06-04 10:24:45.232  6627  7057 D chip.BluetoothManager: null.onCharacteristicWrite: 18ee2ef5-263d-4559-959f-4f9c429f9d11 -> 0
06-04 10:24:47.733  6627  7057 D chip.BluetoothManager: null.onCharacteristicChanged: 18ee2ef5-263d-4559-959f-4f9c429f9d12
06-04 10:24:50.361  6627  7057 D chip.BluetoothManager: null.onCharacteristicWrite: 18ee2ef5-263d-4559-959f-4f9c429f9d11 -> 0
06-04 10:24:52.863  6627  7057 D chip.BluetoothManager: null.onCharacteristicChanged: 18ee2ef5-263d-4559-959f-4f9c429f9d12
06-04 10:24:55.451  6627  7057 D chip.BluetoothManager: null.onCharacteristicWrite: 18ee2ef5-263d-4559-959f-4f9c429f9d11 -> 0
06-04 10:24:57.947  6627  7057 D chip.BluetoothManager: null.onCharacteristicChanged: 18ee2ef5-263d-4559-959f-4f9c429f9d12
06-04 10:25:00.576  6627  7057 D chip.BluetoothManager: null.onCharacteristicWrite: 18ee2ef5-263d-4559-959f-4f9c429f9d11 -> 0
06-04 10:25:03.079  6627  7057 D chip.BluetoothManager: null.onCharacteristicChanged: 18ee2ef5-263d-4559-959f-4f9c429f9d12
06-04 10:25:05.709  6627  7057 D chip.BluetoothManager: null.onCharacteristicWrite: 18ee2ef5-263d-4559-959f-4f9c429f9d11 -> 0
06-04 10:25:08.204  6627  7057 D chip.BluetoothManager: null.onCharacteristicChanged: 18ee2ef5-263d-4559-959f-4f9c429f9d12
06-04 10:25:10.839  6627  7057 D chip.BluetoothManager: null.onCharacteristicWrite: 18ee2ef5-263d-4559-959f-4f9c429f9d11 -> 0
06-04 10:25:13.338  6627  7057 D chip.BluetoothManager: null.onCharacteristicChanged: 18ee2ef5-263d-4559-959f-4f9c429f9d12
06-04 10:25:15.970  6627  7057 D chip.BluetoothManager: null.onCharacteristicWrite: 18ee2ef5-263d-4559-959f-4f9c429f9d11 -> 0
06-04 10:25:18.469  6627  7057 D chip.BluetoothManager: null.onCharacteristicChanged: 18ee2ef5-263d-4559-959f-4f9c429f9d12
06-04 10:25:21.099  6627  7057 D chip.BluetoothManager: null.onCharacteristicWrite: 18ee2ef5-263d-4559-959f-4f9c429f9d11 -> 0
06-04 10:25:23.598  6627  7057 D chip.BluetoothManager: null.onCharacteristicChanged: 18ee2ef5-263d-4559-959f-4f9c429f9d12
06-04 10:25:26.229  6627  7057 D chip.BluetoothManager: null.onCharacteristicWrite: 18ee2ef5-263d-4559-959f-4f9c429f9d11 -> 0
06-04 10:25:28.728  6627  7057 D chip.BluetoothManager: null.onCharacteristicChanged: 18ee2ef5-263d-4559-959f-4f9c429f9d12
06-04 10:25:31.359  6627  7057 D chip.BluetoothManager: null.onCharacteristicWrite: 18ee2ef5-263d-4559-959f-4f9c429f9d11 -> 0
06-04 10:25:33.854  6627  7057 D chip.BluetoothManager: null.onCharacteristicChanged: 18ee2ef5-263d-4559-959f-4f9c429f9d12
06-04 10:25:36.489  6627  7057 D chip.BluetoothManager: null.onCharacteristicWrite: 18ee2ef5-263d-4559-959f-4f9c429f9d11 -> 0
06-04 10:25:38.988  6627  7057 D chip.BluetoothManager: null.onCharacteristicChanged: 18ee2ef5-263d-4559-959f-4f9c429f9d12
06-04 10:25:41.618  6627  7057 D chip.BluetoothManager: null.onCharacteristicWrite: 18ee2ef5-263d-4559-959f-4f9c429f9d11 -> 0
06-04 10:25:44.119  6627  7057 D chip.BluetoothManager: null.onCharacteristicChanged: 18ee2ef5-263d-4559-959f-4f9c429f9d12
06-04 10:25:46.749  6627  7057 D chip.BluetoothManager: null.onCharacteristicWrite: 18ee2ef5-263d-4559-959f-4f9c429f9d11 -> 0
06-04 10:25:49.248  6627  7057 D chip.BluetoothManager: null.onCharacteristicChanged: 18ee2ef5-263d-4559-959f-4f9c429f9d12
06-04 10:25:51.879  6627  7057 D chip.BluetoothManager: null.onCharacteristicWrite: 18ee2ef5-263d-4559-959f-4f9c429f9d11 -> 0
06-04 10:25:54.379  6627  7057 D chip.BluetoothManager: null.onCharacteristicChanged: 18ee2ef5-263d-4559-959f-4f9c429f9d12
06-04 10:25:57.011  6627  7057 D chip.BluetoothManager: null.onCharacteristicWrite: 18ee2ef5-263d-4559-959f-4f9c429f9d11 -> 0
06-04 10:25:59.504  6627  7057 D chip.BluetoothManager: null.onCharacteristicChanged: 18ee2ef5-263d-4559-959f-4f9c429f9d12
06-04 10:26:02.139  6627  7057 D chip.BluetoothManager: null.onCharacteristicWrite: 18ee2ef5-263d-4559-959f-4f9c429f9d11 -> 0
06-04 10:26:04.638  6627  7057 D chip.BluetoothManager: null.onCharacteristicChanged: 18ee2ef5-263d-4559-959f-4f9c429f9d12
06-04 10:26:06.611 13681 13749 E ChimeUtils: Chime registration failed for account: fdb{name=testolivechip2@gmail.com}
06-04 10:26:06.698 13681 13754 E ChimeUtils: Chime registration failed for account: fdb{name=testoilvechip3@gmail.com}
06-04 10:26:06.823 13681 13745 E ChimeUtils: Chime registration failed for account: fdb{name=olivechiptest1@gmail.com}
06-04 10:26:07.225  6627  7057 D chip.BluetoothManager: null.onCharacteristicWrite: 18ee2ef5-263d-4559-959f-4f9c429f9d11 -> 0
06-04 10:26:09.724  6627  7057 D chip.BluetoothManager: null.onCharacteristicChanged: 18ee2ef5-263d-4559-959f-4f9c429f9d12
06-04 10:26:12.354  6627  7057 D chip.BluetoothManager: null.onCharacteristicWrite: 18ee2ef5-263d-4559-959f-4f9c429f9d11 -> 0
06-04 10:26:14.852  6627  7057 D chip.BluetoothManager: null.onCharacteristicChanged: 18ee2ef5-263d-4559-959f-4f9c429f9d12
06-04 10:26:17.440  6627  7057 D chip.BluetoothManager: null.onCharacteristicWrite: 18ee2ef5-263d-4559-959f-4f9c429f9d11 -> 0
06-04 10:26:19.937  6627  7057 D chip.BluetoothManager: null.onCharacteristicChanged: 18ee2ef5-263d-4559-959f-4f9c429f9d12
06-04 10:26:22.569  6627  7057 D chip.BluetoothManager: null.onCharacteristicWrite: 18ee2ef5-263d-4559-959f-4f9c429f9d11 -> 0
06-04 10:26:25.064  6627  7057 D chip.BluetoothManager: null.onCharacteristicChanged: 18ee2ef5-263d-4559-959f-4f9c429f9d12
06-04 10:26:27.699  6627  7057 D chip.BluetoothManager: null.onCharacteristicWrite: 18ee2ef5-263d-4559-959f-4f9c429f9d11 -> 0
06-04 10:26:30.198  6627  7057 D chip.BluetoothManager: null.onCharacteristicChanged: 18ee2ef5-263d-4559-959f-4f9c429f9d12
06-04 10:26:32.829  6627  7057 D chip.BluetoothManager: null.onCharacteristicWrite: 18ee2ef5-263d-4559-959f-4f9c429f9d11 -> 0
06-04 10:26:35.330  6627  7057 D chip.BluetoothManager: null.onCharacteristicChanged: 18ee2ef5-263d-4559-959f-4f9c429f9d12
06-04 10:26:37.958  6627  7057 D chip.BluetoothManager: null.onCharacteristicWrite: 18ee2ef5-263d-4559-959f-4f9c429f9d11 -> 0
06-04 10:26:40.459  6627  7057 D chip.BluetoothManager: null.onCharacteristicChanged: 18ee2ef5-263d-4559-959f-4f9c429f9d12
06-04 10:26:43.088  6627  7057 D chip.BluetoothManager: null.onCharacteristicWrite: 18ee2ef5-263d-4559-959f-4f9c429f9d11 -> 0
06-04 10:26:45.587  6627  7057 D chip.BluetoothManager: null.onCharacteristicChanged: 18ee2ef5-263d-4559-959f-4f9c429f9d12
06-04 10:26:48.176  6627  7057 D chip.BluetoothManager: null.onCharacteristicWrite: 18ee2ef5-263d-4559-959f-4f9c429f9d11 -> 0
06-04 10:26:50.673  6627  7057 D chip.BluetoothManager: null.onCharacteristicChanged: 18ee2ef5-263d-4559-959f-4f9c429f9d12
06-04 10:26:53.304  6627  7057 D chip.BluetoothManager: null.onCharacteristicWrite: 18ee2ef5-263d-4559-959f-4f9c429f9d11 -> 0
06-04 10:26:55.804  6627  7057 D chip.BluetoothManager: null.onCharacteristicChanged: 18ee2ef5-263d-4559-959f-4f9c429f9d12
06-04 10:26:58.433  6627  7057 D chip.BluetoothManager: null.onCharacteristicWrite: 18ee2ef5-263d-4559-959f-4f9c429f9d11 -> 0
06-04 10:27:00.933  6627  7057 D chip.BluetoothManager: null.onCharacteristicChanged: 18ee2ef5-263d-4559-959f-4f9c429f9d12
06-04 10:27:03.565  6627  7057 D chip.BluetoothManager: null.onCharacteristicWrite: 18ee2ef5-263d-4559-959f-4f9c429f9d11 -> 0
06-04 10:27:06.064  6627  7057 D chip.BluetoothManager: null.onCharacteristicChanged: 18ee2ef5-263d-4559-959f-4f9c429f9d12
06-04 10:27:08.694  6627  7057 D chip.BluetoothManager: null.onCharacteristicWrite: 18ee2ef5-263d-4559-959f-4f9c429f9d11 -> 0
06-04 10:27:11.192  6627  7057 D chip.BluetoothManager: null.onCharacteristicChanged: 18ee2ef5-263d-4559-959f-4f9c429f9d12
06-04 10:27:13.824  6627  7057 D chip.BluetoothManager: null.onCharacteristicWrite: 18ee2ef5-263d-4559-959f-4f9c429f9d11 -> 0
06-04 10:27:16.324  6627  7057 D chip.BluetoothManager: null.onCharacteristicChanged: 18ee2ef5-263d-4559-959f-4f9c429f9d12
06-04 10:27:18.953  6627  7057 D chip.BluetoothManager: null.onCharacteristicWrite: 18ee2ef5-263d-4559-959f-4f9c429f9d11 -> 0
06-04 10:27:21.447  6627  7057 D chip.BluetoothManager: null.onCharacteristicChanged: 18ee2ef5-263d-4559-959f-4f9c429f9d12
06-04 10:27:24.083  6627  7057 D chip.BluetoothManager: null.onCharacteristicWrite: 18ee2ef5-263d-4559-959f-4f9c429f9d11 -> 0
06-04 10:27:26.582  6627  7057 D chip.BluetoothManager: null.onCharacteristicChanged: 18ee2ef5-263d-4559-959f-4f9c429f9d12
06-04 10:27:29.213  6627  7057 D chip.BluetoothManager: null.onCharacteristicWrite: 18ee2ef5-263d-4559-959f-4f9c429f9d11 -> 0
06-04 10:27:31.712  6627  7057 D chip.BluetoothManager: null.onCharacteristicChanged: 18ee2ef5-263d-4559-959f-4f9c429f9d12
06-04 10:27:34.298  6627  7057 D chip.BluetoothManager: null.onCharacteristicWrite: 18ee2ef5-263d-4559-959f-4f9c429f9d11 -> 0
06-04 10:27:36.797  6627  7057 D chip.BluetoothManager: null.onCharacteristicChanged: 18ee2ef5-263d-4559-959f-4f9c429f9d12
06-04 10:27:39.428  6627  7057 D chip.BluetoothManager: null.onCharacteristicWrite: 18ee2ef5-263d-4559-959f-4f9c429f9d11 -> 0
06-04 10:27:41.927  6627  7057 D chip.BluetoothManager: null.onCharacteristicChanged: 18ee2ef5-263d-4559-959f-4f9c429f9d12
06-04 10:27:44.555  6627  7057 D chip.BluetoothManager: null.onCharacteristicWrite: 18ee2ef5-263d-4559-959f-4f9c429f9d11 -> 0
06-04 10:27:47.059  6627  7057 D chip.BluetoothManager: null.onCharacteristicChanged: 18ee2ef5-263d-4559-959f-4f9c429f9d12
06-04 10:27:49.688  6627  7057 D chip.BluetoothManager: null.onCharacteristicWrite: 18ee2ef5-263d-4559-959f-4f9c429f9d11 -> 0
06-04 10:27:52.188  6627  7057 D chip.BluetoothManager: null.onCharacteristicChanged: 18ee2ef5-263d-4559-959f-4f9c429f9d12
06-04 10:27:54.819  6627  7057 D chip.BluetoothManager: null.onCharacteristicWrite: 18ee2ef5-263d-4559-959f-4f9c429f9d11 -> 0
06-04 10:27:57.319  6627  7057 D chip.BluetoothManager: null.onCharacteristicChanged: 18ee2ef5-263d-4559-959f-4f9c429f9d12
06-04 10:27:59.900  6627  7057 D chip.BluetoothManager: null.onCharacteristicWrite: 18ee2ef5-263d-4559-959f-4f9c429f9d11 -> 0
06-04 10:28:02.402  6627  7057 D chip.BluetoothManager: null.onCharacteristicChanged: 18ee2ef5-263d-4559-959f-4f9c429f9d12
06-04 10:28:04.990  6627  7057 D chip.BluetoothManager: null.onCharacteristicWrite: 18ee2ef5-263d-4559-959f-4f9c429f9d11 -> 0
06-04 10:28:07.488  6627  7057 D chip.BluetoothManager: null.onCharacteristicChanged: 18ee2ef5-263d-4559-959f-4f9c429f9d12
06-04 10:28:10.118  6627  7057 D chip.BluetoothManager: null.onCharacteristicWrite: 18ee2ef5-263d-4559-959f-4f9c429f9d11 -> 0
06-04 10:28:12.617  6627  7057 D chip.BluetoothManager: null.onCharacteristicChanged: 18ee2ef5-263d-4559-959f-4f9c429f9d12
06-04 10:28:15.249  6627  7057 D chip.BluetoothManager: null.onCharacteristicWrite: 18ee2ef5-263d-4559-959f-4f9c429f9d11 -> 0
06-04 10:28:17.748  6627  7057 D chip.BluetoothManager: null.onCharacteristicChanged: 18ee2ef5-263d-4559-959f-4f9c429f9d12
06-04 10:28:20.378  6627  7057 D chip.BluetoothManager: null.onCharacteristicWrite: 18ee2ef5-263d-4559-959f-4f9c429f9d11 -> 0
06-04 10:28:22.877  6627  7057 D chip.BluetoothManager: null.onCharacteristicChanged: 18ee2ef5-263d-4559-959f-4f9c429f9d12
06-04 10:28:25.508  6627  7057 D chip.BluetoothManager: null.onCharacteristicWrite: 18ee2ef5-263d-4559-959f-4f9c429f9d11 -> 0
06-04 10:28:28.007  6627  7057 D chip.BluetoothManager: null.onCharacteristicChanged: 18ee2ef5-263d-4559-959f-4f9c429f9d12
06-04 10:28:30.638  6627  7057 D chip.BluetoothManager: null.onCharacteristicWrite: 18ee2ef5-263d-4559-959f-4f9c429f9d11 -> 0
06-04 10:28:33.137  6627  7057 D chip.BluetoothManager: null.onCharacteristicChanged: 18ee2ef5-263d-4559-959f-4f9c429f9d12
06-04 10:28:35.768  6627  7057 D chip.BluetoothManager: null.onCharacteristicWrite: 18ee2ef5-263d-4559-959f-4f9c429f9d11 -> 0
06-04 10:28:38.267  6627  7057 D chip.BluetoothManager: null.onCharacteristicChanged: 18ee2ef5-263d-4559-959f-4f9c429f9d12
06-04 10:28:40.897  6627  7057 D chip.BluetoothManager: null.onCharacteristicWrite: 18ee2ef5-263d-4559-959f-4f9c429f9d11 -> 0
06-04 10:28:43.396  6627  7057 D chip.BluetoothManager: null.onCharacteristicChanged: 18ee2ef5-263d-4559-959f-4f9c429f9d12
06-04 10:28:46.028  6627  7057 D chip.BluetoothManager: null.onCharacteristicWrite: 18ee2ef5-263d-4559-959f-4f9c429f9d11 -> 0
06-04 10:28:48.527  6627  7057 D chip.BluetoothManager: null.onCharacteristicChanged: 18ee2ef5-263d-4559-959f-4f9c429f9d12
06-04 10:28:51.158  6627  7057 D chip.BluetoothManager: null.onCharacteristicWrite: 18ee2ef5-263d-4559-959f-4f9c429f9d11 -> 0
06-04 10:28:51.253  6627  6643 W e.chip.chiptoo: Reducing the number of considered missed Gc histogram windows from 194 to 100
06-04 10:28:53.657  6627  7057 D chip.BluetoothManager: null.onCharacteristicChanged: 18ee2ef5-263d-4559-959f-4f9c429f9d12
06-04 10:28:56.288  6627  7057 D chip.BluetoothManager: null.onCharacteristicWrite: 18ee2ef5-263d-4559-959f-4f9c429f9d11 -> 0
06-04 10:28:58.788  6627  7057 D chip.BluetoothManager: null.onCharacteristicChanged: 18ee2ef5-263d-4559-959f-4f9c429f9d12
06-04 10:29:01.418  6627  7057 D chip.BluetoothManager: null.onCharacteristicWrite: 18ee2ef5-263d-4559-959f-4f9c429f9d11 -> 0
06-04 10:29:03.917  6627  7057 D chip.BluetoothManager: null.onCharacteristicChanged: 18ee2ef5-263d-4559-959f-4f9c429f9d12
06-04 10:29:06.548  6627  7057 D chip.BluetoothManager: null.onCharacteristicWrite: 18ee2ef5-263d-4559-959f-4f9c429f9d11 -> 0
06-04 10:29:09.045  6627  7057 D chip.BluetoothManager: null.onCharacteristicChanged: 18ee2ef5-263d-4559-959f-4f9c429f9d12
06-04 10:29:11.678  6627  7057 D chip.BluetoothManager: null.onCharacteristicWrite: 18ee2ef5-263d-4559-959f-4f9c429f9d11 -> 0
06-04 10:29:14.177  6627  7057 D chip.BluetoothManager: null.onCharacteristicChanged: 18ee2ef5-263d-4559-959f-4f9c429f9d12
06-04 10:29:16.810  6627  7057 D chip.BluetoothManager: null.onCharacteristicWrite: 18ee2ef5-263d-4559-959f-4f9c429f9d11 -> 0
06-04 10:29:19.308  6627  7057 D chip.BluetoothManager: null.onCharacteristicChanged: 18ee2ef5-263d-4559-959f-4f9c429f9d12
06-04 10:29:21.940  6627  7057 D chip.BluetoothManager: null.onCharacteristicWrite: 18ee2ef5-263d-4559-959f-4f9c429f9d11 -> 0
06-04 10:29:24.437  6627  7057 D chip.BluetoothManager: null.onCharacteristicChanged: 18ee2ef5-263d-4559-959f-4f9c429f9d12
06-04 10:29:27.068  6627  7057 D chip.BluetoothManager: null.onCharacteristicWrite: 18ee2ef5-263d-4559-959f-4f9c429f9d11 -> 0
06-04 10:29:29.567  6627  7057 D chip.BluetoothManager: null.onCharacteristicChanged: 18ee2ef5-263d-4559-959f-4f9c429f9d12
06-04 10:29:32.197  6627  7057 D chip.BluetoothManager: null.onCharacteristicWrite: 18ee2ef5-263d-4559-959f-4f9c429f9d11 -> 0
06-04 10:29:34.697  6627  7057 D chip.BluetoothManager: null.onCharacteristicChanged: 18ee2ef5-263d-4559-959f-4f9c429f9d12
06-04 10:29:37.330  6627  7057 D chip.BluetoothManager: null.onCharacteristicWrite: 18ee2ef5-263d-4559-959f-4f9c429f9d11 -> 0
06-04 10:29:39.827  6627  7057 D chip.BluetoothManager: null.onCharacteristicChanged: 18ee2ef5-263d-4559-959f-4f9c429f9d12
06-04 10:29:42.458  6627  7057 D chip.BluetoothManager: null.onCharacteristicWrite: 18ee2ef5-263d-4559-959f-4f9c429f9d11 -> 0
06-04 10:29:44.957  6627  7057 D chip.BluetoothManager: null.onCharacteristicChanged: 18ee2ef5-263d-4559-959f-4f9c429f9d12
06-04 10:29:47.590  6627  7057 D chip.BluetoothManager: null.onCharacteristicWrite: 18ee2ef5-263d-4559-959f-4f9c429f9d11 -> 0
06-04 10:29:50.087  6627  7057 D chip.BluetoothManager: null.onCharacteristicChanged: 18ee2ef5-263d-4559-959f-4f9c429f9d12
06-04 10:29:52.718  6627  7057 D chip.BluetoothManager: null.onCharacteristicWrite: 18ee2ef5-263d-4559-959f-4f9c429f9d11 -> 0
06-04 10:29:55.217  6627  7057 D chip.BluetoothManager: null.onCharacteristicChanged: 18ee2ef5-263d-4559-959f-4f9c429f9d12
06-04 10:29:57.848  6627  7057 D chip.BluetoothManager: null.onCharacteristicWrite: 18ee2ef5-263d-4559-959f-4f9c429f9d11 -> 0
06-04 10:30:00.346  6627  7057 D chip.BluetoothManager: null.onCharacteristicChanged: 18ee2ef5-263d-4559-959f-4f9c429f9d12
06-04 10:30:02.977  6627  7057 D chip.BluetoothManager: null.onCharacteristicWrite: 18ee2ef5-263d-4559-959f-4f9c429f9d11 -> 0
06-04 10:30:05.476  6627  7057 D chip.BluetoothManager: null.onCharacteristicChanged: 18ee2ef5-263d-4559-959f-4f9c429f9d12
06-04 10:30:08.108  6627  7057 D chip.BluetoothManager: null.onCharacteristicWrite: 18ee2ef5-263d-4559-959f-4f9c429f9d11 -> 0
06-04 10:30:10.606  6627  7057 D chip.BluetoothManager: null.onCharacteristicChanged: 18ee2ef5-263d-4559-959f-4f9c429f9d12
06-04 10:30:13.190  6627  7057 D chip.BluetoothManager: null.onCharacteristicWrite: 18ee2ef5-263d-4559-959f-4f9c429f9d11 -> 0
06-04 10:30:15.693  6627  7057 D chip.BluetoothManager: null.onCharacteristicChanged: 18ee2ef5-263d-4559-959f-4f9c429f9d12
06-04 10:30:18.323  6627  7057 D chip.BluetoothManager: null.onCharacteristicWrite: 18ee2ef5-263d-4559-959f-4f9c429f9d11 -> 0
06-04 10:30:20.822  6627  7057 D chip.BluetoothManager: null.onCharacteristicChanged: 18ee2ef5-263d-4559-959f-4f9c429f9d12
06-04 10:30:23.453  6627  7057 D chip.BluetoothManager: null.onCharacteristicWrite: 18ee2ef5-263d-4559-959f-4f9c429f9d11 -> 0
06-04 10:30:25.952  6627  7057 D chip.BluetoothManager: null.onCharacteristicChanged: 18ee2ef5-263d-4559-959f-4f9c429f9d12
06-04 10:30:28.582  6627  7057 D chip.BluetoothManager: null.onCharacteristicWrite: 18ee2ef5-263d-4559-959f-4f9c429f9d11 -> 0
06-04 10:30:31.081  6627  7057 D chip.BluetoothManager: null.onCharacteristicChanged: 18ee2ef5-263d-4559-959f-4f9c429f9d12
06-04 10:30:33.712  6627  7057 D chip.BluetoothManager: null.onCharacteristicWrite: 18ee2ef5-263d-4559-959f-4f9c429f9d11 -> 0
06-04 10:30:36.212  6627  7057 D chip.BluetoothManager: null.onCharacteristicChanged: 18ee2ef5-263d-4559-959f-4f9c429f9d12
06-04 10:30:38.843  6627  7057 D chip.BluetoothManager: null.onCharacteristicWrite: 18ee2ef5-263d-4559-959f-4f9c429f9d11 -> 0
06-04 10:30:41.342  6627  7057 D chip.BluetoothManager: null.onCharacteristicChanged: 18ee2ef5-263d-4559-959f-4f9c429f9d12
06-04 10:30:43.972  6627  7057 D chip.BluetoothManager: null.onCharacteristicWrite: 18ee2ef5-263d-4559-959f-4f9c429f9d11 -> 0
06-04 10:30:46.471  6627  7057 D chip.BluetoothManager: null.onCharacteristicChanged: 18ee2ef5-263d-4559-959f-4f9c429f9d12
06-04 10:30:49.102  6627  7057 D chip.BluetoothManager: null.onCharacteristicWrite: 18ee2ef5-263d-4559-959f-4f9c429f9d11 -> 0
06-04 10:30:51.602  6627  7057 D chip.BluetoothManager: null.onCharacteristicChanged: 18ee2ef5-263d-4559-959f-4f9c429f9d12
06-04 10:30:54.232  6627  7057 D chip.BluetoothManager: null.onCharacteristicWrite: 18ee2ef5-263d-4559-959f-4f9c429f9d11 -> 0
06-04 10:30:56.732  6627  7057 D chip.BluetoothManager: null.onCharacteristicChanged: 18ee2ef5-263d-4559-959f-4f9c429f9d12
06-04 10:30:59.363  6627  7057 D chip.BluetoothManager: null.onCharacteristicWrite: 18ee2ef5-263d-4559-959f-4f9c429f9d11 -> 0
06-04 10:31:01.861  6627  7057 D chip.BluetoothManager: null.onCharacteristicChanged: 18ee2ef5-263d-4559-959f-4f9c429f9d12
06-04 10:31:04.450  6627  7057 D chip.BluetoothManager: null.onCharacteristicWrite: 18ee2ef5-263d-4559-959f-4f9c429f9d11 -> 0
06-04 10:31:06.947  6627  7057 D chip.BluetoothManager: null.onCharacteristicChanged: 18ee2ef5-263d-4559-959f-4f9c429f9d12
06-04 10:31:09.577  6627  7057 D chip.BluetoothManager: null.onCharacteristicWrite: 18ee2ef5-263d-4559-959f-4f9c429f9d11 -> 0
06-04 10:31:12.073  6627  7057 D chip.BluetoothManager: null.onCharacteristicChanged: 18ee2ef5-263d-4559-959f-4f9c429f9d12
06-04 10:31:14.708  6627  7057 D chip.BluetoothManager: null.onCharacteristicWrite: 18ee2ef5-263d-4559-959f-4f9c429f9d11 -> 0
06-04 10:31:17.206  6627  7057 D chip.BluetoothManager: null.onCharacteristicChanged: 18ee2ef5-263d-4559-959f-4f9c429f9d12
06-04 10:31:19.838  6627  7057 D chip.BluetoothManager: null.onCharacteristicWrite: 18ee2ef5-263d-4559-959f-4f9c429f9d11 -> 0
06-04 10:31:22.337  6627  7057 D chip.BluetoothManager: null.onCharacteristicChanged: 18ee2ef5-263d-4559-959f-4f9c429f9d12
06-04 10:31:24.967  6627  7057 D chip.BluetoothManager: null.onCharacteristicWrite: 18ee2ef5-263d-4559-959f-4f9c429f9d11 -> 0
06-04 10:31:27.466  6627  7057 D chip.BluetoothManager: null.onCharacteristicChanged: 18ee2ef5-263d-4559-959f-4f9c429f9d12
06-04 10:31:30.098  6627  7057 D chip.BluetoothManager: null.onCharacteristicWrite: 18ee2ef5-263d-4559-959f-4f9c429f9d11 -> 0
06-04 10:31:32.597  6627  7057 D chip.BluetoothManager: null.onCharacteristicChanged: 18ee2ef5-263d-4559-959f-4f9c429f9d12
06-04 10:31:35.227  6627  7057 D chip.BluetoothManager: null.onCharacteristicWrite: 18ee2ef5-263d-4559-959f-4f9c429f9d11 -> 0
06-04 10:31:37.723  6627  7057 D chip.BluetoothManager: null.onCharacteristicChanged: 18ee2ef5-263d-4559-959f-4f9c429f9d12
06-04 10:31:40.358  6627  7057 D chip.BluetoothManager: null.onCharacteristicWrite: 18ee2ef5-263d-4559-959f-4f9c429f9d11 -> 0
06-04 10:31:42.856  6627  7057 D chip.BluetoothManager: null.onCharacteristicChanged: 18ee2ef5-263d-4559-959f-4f9c429f9d12
06-04 10:31:45.490  6627  7057 D chip.BluetoothManager: null.onCharacteristicWrite: 18ee2ef5-263d-4559-959f-4f9c429f9d11 -> 0
06-04 10:31:47.986  6627  7057 D chip.BluetoothManager: null.onCharacteristicChanged: 18ee2ef5-263d-4559-959f-4f9c429f9d12
06-04 10:31:50.616  6627  7057 D chip.BluetoothManager: null.onCharacteristicWrite: 18ee2ef5-263d-4559-959f-4f9c429f9d11 -> 0
06-04 10:31:53.116  6627  7057 D chip.BluetoothManager: null.onCharacteristicChanged: 18ee2ef5-263d-4559-959f-4f9c429f9d12
06-04 10:31:55.747  6627  7057 D chip.BluetoothManager: null.onCharacteristicWrite: 18ee2ef5-263d-4559-959f-4f9c429f9d11 -> 0
06-04 10:31:58.243  6627  7057 D chip.BluetoothManager: null.onCharacteristicChanged: 18ee2ef5-263d-4559-959f-4f9c429f9d12
06-04 10:32:00.878  6627  7057 D chip.BluetoothManager: null.onCharacteristicWrite: 18ee2ef5-263d-4559-959f-4f9c429f9d11 -> 0
06-04 10:32:03.376  6627  7057 D chip.BluetoothManager: null.onCharacteristicChanged: 18ee2ef5-263d-4559-959f-4f9c429f9d12
06-04 10:32:06.007  6627  7057 D chip.BluetoothManager: null.onCharacteristicWrite: 18ee2ef5-263d-4559-959f-4f9c429f9d11 -> 0
06-04 10:32:08.506  6627  7057 D chip.BluetoothManager: null.onCharacteristicChanged: 18ee2ef5-263d-4559-959f-4f9c429f9d12
06-04 10:32:11.137  6627  7057 D chip.BluetoothManager: null.onCharacteristicWrite: 18ee2ef5-263d-4559-959f-4f9c429f9d11 -> 0
06-04 10:32:13.637  6627  7057 D chip.BluetoothManager: null.onCharacteristicChanged: 18ee2ef5-263d-4559-959f-4f9c429f9d12
06-04 10:32:16.267  6627  7057 D chip.BluetoothManager: null.onCharacteristicWrite: 18ee2ef5-263d-4559-959f-4f9c429f9d11 -> 0
06-04 10:32:18.766  6627  7057 D chip.BluetoothManager: null.onCharacteristicChanged: 18ee2ef5-263d-4559-959f-4f9c429f9d12
06-04 10:32:21.398  6627  7057 D chip.BluetoothManager: null.onCharacteristicWrite: 18ee2ef5-263d-4559-959f-4f9c429f9d11 -> 0
06-04 10:32:23.897  6627  7057 D chip.BluetoothManager: null.onCharacteristicChanged: 18ee2ef5-263d-4559-959f-4f9c429f9d12
06-04 10:32:26.525  6627  7057 D chip.BluetoothManager: null.onCharacteristicWrite: 18ee2ef5-263d-4559-959f-4f9c429f9d11 -> 0
06-04 10:32:29.026  6627  7057 D chip.BluetoothManager: null.onCharacteristicChanged: 18ee2ef5-263d-4559-959f-4f9c429f9d12
06-04 10:32:31.660  6627  7057 D chip.BluetoothManager: null.onCharacteristicWrite: 18ee2ef5-263d-4559-959f-4f9c429f9d11 -> 0
06-04 10:32:34.157  6627  7057 D chip.BluetoothManager: null.onCharacteristicChanged: 18ee2ef5-263d-4559-959f-4f9c429f9d12
06-04 10:32:36.787  6627  7057 D chip.BluetoothManager: null.onCharacteristicWrite: 18ee2ef5-263d-4559-959f-4f9c429f9d11 -> 0
06-04 10:32:39.287  6627  7057 D chip.BluetoothManager: null.onCharacteristicChanged: 18ee2ef5-263d-4559-959f-4f9c429f9d12
06-04 10:32:41.918  6627  7057 D chip.BluetoothManager: null.onCharacteristicWrite: 18ee2ef5-263d-4559-959f-4f9c429f9d11 -> 0
06-04 10:32:44.417  6627  7057 D chip.BluetoothManager: null.onCharacteristicChanged: 18ee2ef5-263d-4559-959f-4f9c429f9d12
06-04 10:32:47.047  6627  7057 D chip.BluetoothManager: null.onCharacteristicWrite: 18ee2ef5-263d-4559-959f-4f9c429f9d11 -> 0
06-04 10:32:49.546  6627  7057 D chip.BluetoothManager: null.onCharacteristicChanged: 18ee2ef5-263d-4559-959f-4f9c429f9d12
06-04 10:32:52.178  6627  7057 D chip.BluetoothManager: null.onCharacteristicWrite: 18ee2ef5-263d-4559-959f-4f9c429f9d11 -> 0
06-04 10:32:54.676  6627  7057 D chip.BluetoothManager: null.onCharacteristicChanged: 18ee2ef5-263d-4559-959f-4f9c429f9d12
06-04 10:32:57.308  6627  7057 D chip.BluetoothManager: null.onCharacteristicWrite: 18ee2ef5-263d-4559-959f-4f9c429f9d11 -> 0
06-04 10:32:59.807  6627  7057 D chip.BluetoothManager: null.onCharacteristicChanged: 18ee2ef5-263d-4559-959f-4f9c429f9d12
06-04 10:33:02.437  6627  7057 D chip.BluetoothManager: null.onCharacteristicWrite: 18ee2ef5-263d-4559-959f-4f9c429f9d11 -> 0
06-04 10:33:04.936  6627  7057 D chip.BluetoothManager: null.onCharacteristicChanged: 18ee2ef5-263d-4559-959f-4f9c429f9d12
06-04 10:33:07.567  6627  7057 D chip.BluetoothManager: null.onCharacteristicWrite: 18ee2ef5-263d-4559-959f-4f9c429f9d11 -> 0
06-04 10:33:10.066  6627  7057 D chip.BluetoothManager: null.onCharacteristicChanged: 18ee2ef5-263d-4559-959f-4f9c429f9d12
06-04 10:33:12.697  6627  7057 D chip.BluetoothManager: null.onCharacteristicWrite: 18ee2ef5-263d-4559-959f-4f9c429f9d11 -> 0
06-04 10:33:15.189  6627  7057 D chip.BluetoothManager: null.onCharacteristicChanged: 18ee2ef5-263d-4559-959f-4f9c429f9d12
06-04 10:33:17.780  6627  7057 D chip.BluetoothManager: null.onCharacteristicWrite: 18ee2ef5-263d-4559-959f-4f9c429f9d11 -> 0
06-04 10:33:20.277  6627  7057 D chip.BluetoothManager: null.onCharacteristicChanged: 18ee2ef5-263d-4559-959f-4f9c429f9d12
06-04 10:33:22.865  6627  7057 D chip.BluetoothManager: null.onCharacteristicWrite: 18ee2ef5-263d-4559-959f-4f9c429f9d11 -> 0
06-04 10:33:25.360  6627  7057 D chip.BluetoothManager: null.onCharacteristicChanged: 18ee2ef5-263d-4559-959f-4f9c429f9d12
06-04 10:33:27.950  6627  7057 D chip.BluetoothManager: null.onCharacteristicWrite: 18ee2ef5-263d-4559-959f-4f9c429f9d11 -> 0
06-04 10:33:30.451  6627  7057 D chip.BluetoothManager: null.onCharacteristicChanged: 18ee2ef5-263d-4559-959f-4f9c429f9d12
06-04 10:33:36.608  6627  7057 D chip.BluetoothManager: null.onCharacteristicWrite: 18ee2ef5-263d-4559-959f-4f9c429f9d11 -> 133
06-04 10:39:53.645  1376  1398 I ActivityManager: Killing 6627:com.google.chip.chiptool/u0a396 (adj 900): remove task
06-04 10:39:57.846  1288  1381 I Finsky  : [193576] adnt.c(3): Verify: Verification package=com.google.chip.chiptool, id=210 response=0
06-04 10:39:57.892  1288  1288 I Finsky  : [2] VerifyInstallTask.mH(6): Verification complete: id=210, package_name=com.google.chip.chiptool
06-04 10:39:57.919  1376  1404 I ActivityManager: Force stopping com.google.chip.chiptool appid=10396 user=-1: installPackageLI
06-04 10:39:57.919  1376  1422 I PackageManager: Update package com.google.chip.chiptool code path from /data/app/com.google.chip.chiptool-vtIlmgTx2h9j34VsdGC91g== to /data/app/com.google.chip.chiptool-v0eJneC3tcCA6dOdTp4Ukw==; Retain data and using new
06-04 10:39:57.919  1376  1422 I PackageManager: Update package com.google.chip.chiptool resource path from /data/app/com.google.chip.chiptool-vtIlmgTx2h9j34VsdGC91g== to /data/app/com.google.chip.chiptool-v0eJneC3tcCA6dOdTp4Ukw==; Retain data and using new
06-04 10:39:58.183  1376  1422 I ActivityManager: Force stopping com.google.chip.chiptool appid=10396 user=0: pkg removed
06-04 10:39:58.194  1376  1404 W BroadcastQueue: Background execution not allowed: receiving Intent { act=android.intent.action.PACKAGE_REMOVED dat=package:com.google.chip.chiptool flg=0x4000010 (has extras) } to com.android.musicfx/.Compatibility$Receiver
06-04 10:39:58.194  1376  1404 W BroadcastQueue: Background execution not allowed: receiving Intent { act=android.intent.action.PACKAGE_REMOVED dat=package:com.google.chip.chiptool flg=0x4000010 (has extras) } to com.android.vending/com.google.android.finsky.packagemanager.impl.PackageMonitorReceiverImpl$RegisteredReceiver
06-04 10:39:58.194  1376  1404 W BroadcastQueue: Background execution not allowed: receiving Intent { act=android.intent.action.PACKAGE_REMOVED dat=package:com.google.chip.chiptool flg=0x4000010 (has extras) } to com.android.vending/com.google.android.finsky.instantapps.appmanagement.InstantAppRemoveMonitor
06-04 10:39:58.194  1376  1404 W BroadcastQueue: Background execution not allowed: receiving Intent { act=android.intent.action.PACKAGE_REMOVED dat=package:com.google.chip.chiptool flg=0x4000010 (has extras) } to com.google.android.apps.maps/com.google.android.libraries.social.peoplekit.thirdparty.viewcontrollers.ThirdPartyReceiver
06-04 10:39:58.194  1376  1404 W BroadcastQueue: Background execution not allowed: receiving Intent { act=android.intent.action.PACKAGE_REMOVED dat=package:com.google.chip.chiptool flg=0x4000010 (has extras) } to com.google.android.apps.photos/com.google.android.libraries.social.peoplekit.thirdparty.viewcontrollers.ThirdPartyReceiver
06-04 10:39:58.194  1376  1404 W BroadcastQueue: Background execution not allowed: receiving Intent { act=android.intent.action.PACKAGE_REMOVED dat=package:com.google.chip.chiptool flg=0x4000010 (has extras) } to com.google.android.gms/.games.chimera.GamesSystemBroadcastReceiverProxy
06-04 10:39:58.194  1376  1404 W BroadcastQueue: Background execution not allowed: receiving Intent { act=android.intent.action.PACKAGE_REMOVED dat=package:com.google.chip.chiptool flg=0x4000010 (has extras) } to com.google.android.gms/.chimera.GmsIntentOperationService$PersistentTrustedReceiver
06-04 10:39:58.194  1376  1404 W BroadcastQueue: Background execution not allowed: receiving Intent { act=android.intent.action.PACKAGE_REMOVED dat=package:com.google.chip.chiptool flg=0x4000010 (has extras) } to com.google.android.googlequicksearchbox/com.google.android.apps.gsa.googlequicksearchbox.GelStubAppWatcher
06-04 10:39:58.194  1376  1404 W BroadcastQueue: Background execution not allowed: receiving Intent { act=android.intent.action.PACKAGE_REMOVED dat=package:com.google.chip.chiptool flg=0x4000010 (has extras) } to com.google.android.apps.enterprise.dmagent/.AppUpdateReceiver
06-04 10:39:58.194  1376  1404 W BroadcastQueue: Background execution not allowed: receiving Intent { act=android.intent.action.PACKAGE_REMOVED dat=package:com.google.chip.chiptool flg=0x4000010 (has extras) } to com.google.android.apps.magazines/com.google.android.libraries.social.peoplekit.thirdparty.viewcontrollers.ThirdPartyReceiver
06-04 10:39:58.198  1880  1880 D BluetoothMapAppObserver: The removed package is: com.google.chip.chiptool
06-04 10:39:58.209  1288  1288 I Finsky  : [2] smv.j(8): Invalidating cached PackageState for com.google.chip.chiptool
06-04 10:39:58.237  1880  1880 D BluetoothMapAppObserver: The installed package is: com.google.chip.chiptool
06-04 10:39:58.238  1880  1880 D AvrcpMediaPlayerList: Name of package changed: com.google.chip.chiptool
06-04 10:39:58.244  1288  1288 I Finsky  : [2] mtb.p(2): Installer: package com.google.chip.chiptool was removed. replacing: true
06-04 10:39:58.251  1288  1288 I Finsky  : [2] mtn.N(12): Installer: Notifying status update. package=com.google.chip.chiptool, status=UNINSTALLED
06-04 10:39:58.251  1376  1404 W BroadcastQueue: Background execution not allowed: receiving Intent { act=android.intent.action.PACKAGE_ADDED dat=package:com.google.chip.chiptool flg=0x4000010 (has extras) } to com.google.android.packageinstaller/com.android.packageinstaller.PackageInstalledReceiver
06-04 10:39:58.255  1376  1404 W BroadcastQueue: Background execution not allowed: receiving Intent { act=android.intent.action.PACKAGE_ADDED dat=package:com.google.chip.chiptool flg=0x4000010 (has extras) } to com.android.musicfx/.Compatibility$Receiver
06-04 10:39:58.255  1376  1404 W BroadcastQueue: Background execution not allowed: receiving Intent { act=android.intent.action.PACKAGE_ADDED dat=package:com.google.chip.chiptool flg=0x4000010 (has extras) } to com.android.vending/com.google.android.finsky.packagemanager.impl.PackageMonitorReceiverImpl$RegisteredReceiver
06-04 10:39:58.256  1376  1404 W BroadcastQueue: Background execution not allowed: receiving Intent { act=android.intent.action.PACKAGE_ADDED dat=package:com.google.chip.chiptool flg=0x4000010 (has extras) } to com.google.android.gms/.games.chimera.GamesSystemBroadcastReceiverProxy
06-04 10:39:58.256  1376  1404 W BroadcastQueue: Background execution not allowed: receiving Intent { act=android.intent.action.PACKAGE_ADDED dat=package:com.google.chip.chiptool flg=0x4000010 (has extras) } to com.google.android.gms/.gass.chimera.PackageChangeBroadcastReceiver
06-04 10:39:58.256  1376  1404 W BroadcastQueue: Background execution not allowed: receiving Intent { act=android.intent.action.PACKAGE_ADDED dat=package:com.google.chip.chiptool flg=0x4000010 (has extras) } to com.google.android.gms/.chimera.GmsIntentOperationService$PersistentTrustedReceiver
06-04 10:39:58.256  1376  1404 W BroadcastQueue: Background execution not allowed: receiving Intent { act=android.intent.action.PACKAGE_ADDED dat=package:com.google.chip.chiptool flg=0x4000010 (has extras) } to com.google.android.googlequicksearchbox/com.google.android.apps.gsa.googlequicksearchbox.GelStubAppWatcher
06-04 10:39:58.256  1376  1404 W BroadcastQueue: Background execution not allowed: receiving Intent { act=android.intent.action.PACKAGE_ADDED dat=package:com.google.chip.chiptool flg=0x4000010 (has extras) } to com.google.android.ims/.receivers.RcsAutoStartReceiver
06-04 10:39:58.306  1288  1729 I Finsky  : [193632] fsv.a(11): Cancelled 0 ongoing asset module downloads for package com.google.chip.chiptool due to a concurrent app update.
06-04 10:39:58.318  1288  1288 I Finsky  : [2] smv.j(8): Invalidating cached PackageState for com.google.chip.chiptool
06-04 10:39:58.423  1288  1729 I Finsky  : [193632] fsv.a(15): Asset module broadcast after update successful for package com.google.chip.chiptool. 0 sessions broadcast.
06-04 10:39:58.424  2284  2284 D ImsResolver: maybeAddedImsService, packageName: com.google.chip.chiptool
06-04 10:39:58.466  1288  1288 I Finsky  : [2] smv.j(8): Invalidating cached PackageState for com.google.chip.chiptool
06-04 10:39:58.484  1288  1614 I Finsky  : [193627] nfx.G(2): IQ: Notifying installation update. package=com.google.chip.chiptool, status=UNINSTALLED
06-04 10:39:58.536  1376  1394 W BroadcastQueue: Background execution not allowed: receiving Intent { act=android.intent.action.PACKAGE_ADDED dat=package:com.google.chip.chiptool flg=0x4000010 (has extras) } to com.google.android.apps.enterprise.dmagent/.AppUpdateReceiver
06-04 10:39:58.582  1288  1288 I Finsky  : [2] smv.j(8): Invalidating cached PackageState for com.google.chip.chiptool
06-04 10:39:58.594  1376  1394 W BroadcastQueue: Background execution not allowed: receiving Intent { act=android.intent.action.PACKAGE_REPLACED dat=package:com.google.chip.chiptool flg=0x4000010 (has extras) } to com.android.musicfx/.Compatibility$Receiver
06-04 10:39:58.597  1376  1404 W BroadcastQueue: Background execution not allowed: receiving Intent { act=android.intent.action.PACKAGE_REPLACED dat=package:com.google.chip.chiptool flg=0x4000010 (has extras) } to com.google.android.apps.photos/.account.full.FetchAccountPropertiesAppUpgradeBroadcastReceiver
06-04 10:39:58.597  1376  1404 W BroadcastQueue: Background execution not allowed: receiving Intent { act=android.intent.action.PACKAGE_REPLACED dat=package:com.google.chip.chiptool flg=0x4000010 (has extras) } to com.google.android.apps.photos/.account.full.SyncAccountsForLoginBroadcastReceiver
06-04 10:39:58.597  1376  1404 W BroadcastQueue: Background execution not allowed: receiving Intent { act=android.intent.action.PACKAGE_REPLACED dat=package:com.google.chip.chiptool flg=0x4000010 (has extras) } to com.google.android.apps.photos/.notificationchannels.AppUpdateBroadcastReceiver
06-04 10:39:58.597  1376  1404 W BroadcastQueue: Background execution not allowed: receiving Intent { act=android.intent.action.PACKAGE_REPLACED dat=package:com.google.chip.chiptool flg=0x4000010 (has extras) } to com.google.android.gms/.gass.chimera.PackageChangeBroadcastReceiver
06-04 10:39:58.597  1376  1404 W BroadcastQueue: Background execution not allowed: receiving Intent { act=android.intent.action.PACKAGE_REPLACED dat=package:com.google.chip.chiptool flg=0x4000010 (has extras) } to com.google.android.gms/.chimera.GmsIntentOperationService$PersistentTrustedReceiver
06-04 10:39:58.597  1376  1404 W BroadcastQueue: Background execution not allowed: receiving Intent { act=android.intent.action.PACKAGE_REPLACED dat=package:com.google.chip.chiptool flg=0x4000010 (has extras) } to com.google.android.googlequicksearchbox/com.google.android.apps.gsa.googlequicksearchbox.GelStubAppWatcher
06-04 10:39:58.597  1376  1404 W BroadcastQueue: Background execution not allowed: receiving Intent { act=android.intent.action.PACKAGE_REPLACED dat=package:com.google.chip.chiptool flg=0x4000010 (has extras) } to com.google.android.ims/.receivers.RcsAutoStartReceiver
06-04 10:39:58.599  1736  1736 I Volta-PackageEventReceiver: Package updated: com.google.chip.chiptool
